


ARM Macro Assembler    Page 1 


    1 00000000         
    2 00000000         ;//软件模块结束
    3 00000000         
    4 00000000         
    5 00000000                 export           ADDR_MS_END
    6 00000000         
    7 00000000         
    8 00000000         
    9 00000000                 AREA             MS_END,CODE,READONLY
   10 00000000                 ALIGN            4
   11 00000000         
   12 00000000 00000000        DCD              0           ;//CRC32
   13 00000004 5A5A5A5A        DCD              0x5A5A5A5A  ;//固定标识(最后)
   14 00000008         ADDR_MS_END
   15 00000008         
   16 00000008         ;//注:编译器会在代码结束0x5A5A5A5A后自动加入系统初始化代
                       码!!!
   17 00000008         
   18 00000008                 END
Command Line: --debug --xref --diag_suppress=9931 --cpu=Cortex-M4 --apcs=interw
ork --depend=d:\obj\ms_end.d -od:\obj\ms_end.o -IE:\KEIL\STM32F4xx\MS\RTE\_CSG 
-IC:\Keil_v5\ARM\PACK\ARM\CMSIS\5.6.0\CMSIS\Core\Include -IC:\Keil_v5\ARM\PACK\
Keil\STM32F4xx_DFP\2.9.0\Drivers\CMSIS\Device\ST\STM32F4xx\Include --predefine=
"__UVISION_VERSION SETA 522" --predefine="_RTE_ SETA 1" --predefine="STM32F469x
x SETA 1" --predefine="MainProtocol SETA 645" --list=.\listings\ms_end.lst MS_E
nd.s



ARM Macro Assembler    Page 1 Alphabetic symbol ordering
Relocatable symbols

ADDR_MS_END 00000008

Symbol: ADDR_MS_END
   Definitions
      At line 14 in file MS_End.s
   Uses
      At line 5 in file MS_End.s
Comment: ADDR_MS_END used once
MS_END 00000000

Symbol: MS_END
   Definitions
      At line 9 in file MS_End.s
   Uses
      None
Comment: MS_END unused
2 symbols
336 symbols in table
