Component: ARM Compiler 5.06 update 4 (build 422) Tool: armlink [4d35d2]

==============================================================================

Section Cross References

    stm32f4xx_rcc.o(i.RCC_GetHCLKFreq) refers to stm32f4xx_rcc.o(i.RCC_GetSysClockFreq) for RCC_GetSysClockFreq
    stm32f4xx_rcc.o(i.RCC_GetHCLKFreq) refers to stm32f4xx_rcc.o(.constdata) for RCC_APBAHBPrescTable
    stm32f4xx_rcc.o(i.RCC_GetPCLK1Freq) refers to stm32f4xx_rcc.o(i.RCC_GetHCLKFreq) for RCC_GetHCLKFreq
    stm32f4xx_rcc.o(i.RCC_GetPCLK1Freq) refers to stm32f4xx_rcc.o(.constdata) for RCC_APBAHBPrescTable
    stm32f4xx_rcc.o(i.RCC_GetPCLK2Freq) refers to stm32f4xx_rcc.o(i.RCC_GetHCLKFreq) for RCC_GetHCLKFreq
    stm32f4xx_rcc.o(i.RCC_GetPCLK2Freq) refers to stm32f4xx_rcc.o(.constdata) for RCC_APBAHBPrescTable
    stm32f4xx_softdelay.o(i.SoftDelayMS) refers to stm32f4xx_rcc.o(i.RCC_GetHCLKFreq) for RCC_GetHCLKFreq
    stm32f4xx_softdelay.o(i.SoftDelayUS) refers to stm32f4xx_rcc.o(i.RCC_GetHCLKFreq) for RCC_GetHCLKFreq
    stm32f4xx_io.o(i.Init_PIN_SPACE) refers to stm32f4xx_io.o(i.Pin_Configure) for Pin_Configure
    stm32f4xx_io.o(i.Init_PIN_SPACE) refers to stm32f4xx_io.o(.constdata) for PIN_SPACE_LABLE
    stm32f4xx_io.o(i.MulPin_Configure) refers to stm32f4xx_io.o(i.Pin_Configure) for Pin_Configure
    stm32f4xx_io.o(i.OffA5V0) refers to stm32f4xx_io.o(i.Pin_Configure) for Pin_Configure
    stm32f4xx_io.o(i.OffBACKLIGHT) refers to stm32f4xx_io.o(i.Pin_Configure) for Pin_Configure
    stm32f4xx_io.o(i.OffE5V0) refers to stm32f4xx_io.o(i.Pin_Configure) for Pin_Configure
    stm32f4xx_io.o(i.OffEMU) refers to stm32f4xx_io.o(i.Pin_Configure) for Pin_Configure
    stm32f4xx_io.o(i.OffIO3V3) refers to stm32f4xx_io.o(i.Pin_Configure) for Pin_Configure
    stm32f4xx_io.o(i.OffLED3V3) refers to stm32f4xx_io.o(i.Pin_Configure) for Pin_Configure
    stm32f4xx_io.o(i.OffR5V0) refers to stm32f4xx_io.o(i.Pin_Configure) for Pin_Configure
    stm32f4xx_io.o(i.OffUSB5V0) refers to stm32f4xx_io.o(i.Pin_Configure) for Pin_Configure
    stm32f4xx_io.o(i.OnA5V0) refers to stm32f4xx_io.o(i.Pin_Configure) for Pin_Configure
    stm32f4xx_io.o(i.OnBACKLIGHT) refers to stm32f4xx_io.o(i.Pin_Configure) for Pin_Configure
    stm32f4xx_io.o(i.OnE5V0) refers to stm32f4xx_io.o(i.Pin_Configure) for Pin_Configure
    stm32f4xx_io.o(i.OnEMU) refers to stm32f4xx_io.o(i.Pin_Configure) for Pin_Configure
    stm32f4xx_io.o(i.OnIO3V3) refers to stm32f4xx_io.o(i.Pin_Configure) for Pin_Configure
    stm32f4xx_io.o(i.OnLED3V3) refers to stm32f4xx_io.o(i.Pin_Configure) for Pin_Configure
    stm32f4xx_io.o(i.OnR5V0) refers to stm32f4xx_io.o(i.Pin_Configure) for Pin_Configure
    stm32f4xx_io.o(i.OnUSB5V0) refers to stm32f4xx_io.o(i.Pin_Configure) for Pin_Configure
    stm32f4xx_flash.o(i.Clr_STM32F4xx_FLASH) refers to stm32f4xx_flash.o(i.Erase_STM32F4xx_Sector) for Erase_STM32F4xx_Sector
    stm32f4xx_flash.o(i.Clr_STM32F4xx_FLASH) refers to stm32f4xx_flash.o(i.Write_STM32F4xx_AnySector) for Write_STM32F4xx_AnySector
    stm32f4xx_flash.o(i.Clr_STM32F4xx_FLASH) refers to stm32f4xx_wdg.o(i.WWDT_Enable_Feed) for WWDT_Enable_Feed
    stm32f4xx_flash.o(i.Clr_STM32F4xx_FLASH) refers to stm32f4xx_flash.o(.constdata) for Sector_Len_List
    stm32f4xx_flash.o(i.Write_STM32F4xx_FLASH) refers to stm32f4xx_flash.o(i.Erase_STM32F4xx_Sector) for Erase_STM32F4xx_Sector
    stm32f4xx_flash.o(i.Write_STM32F4xx_FLASH) refers to stm32f4xx_flash.o(i.Write_STM32F4xx_AnySector) for Write_STM32F4xx_AnySector
    stm32f4xx_flash.o(i.Write_STM32F4xx_FLASH) refers to stm32f4xx_wdg.o(i.WWDT_Enable_Feed) for WWDT_Enable_Feed
    stm32f4xx_flash.o(i.Write_STM32F4xx_FLASH) refers to stm32f4xx_flash.o(.constdata) for Sector_Len_List
    stm32f4xx_tim.o(i.Init_STM32F4xx_TIM6) refers to stm32f4xx_rcc.o(i.RCC_GetPCLK1Freq) for RCC_GetPCLK1Freq
    stm32f4xx_tim.o(i.Init_STM32F4xx_TIM7) refers to stm32f4xx_rcc.o(i.RCC_GetPCLK1Freq) for RCC_GetPCLK1Freq
    stm32f4xx_tim.o(i.Init_STM32F4xx_TIM7) refers to stm32f4xx_tim.o(i.NVIC_SetPriority) for NVIC_SetPriority
    stm32f4xx_tim.o(i.Init_STM32F4xx_TIM7) refers to stm32f4xx_tim.o(i.NVIC_EnableIRQ) for NVIC_EnableIRQ
    stm32f4xx_tim.o(i.Off38KHz) refers to stm32f4xx_io.o(i.Pin_Configure) for Pin_Configure
    stm32f4xx_tim.o(i.On38KHz) refers to stm32f4xx_io.o(i.Pin_Configure) for Pin_Configure
    stm32f4xx_tim.o(i.On38KHz) refers to stm32f4xx_rcc.o(i.RCC_GetPCLK1Freq) for RCC_GetPCLK1Freq
    stm32f4xx_tim.o(i.START_STM32F4xx_TIM2) refers to stm32f4xx_rcc.o(i.RCC_GetPCLK1Freq) for RCC_GetPCLK1Freq
    stm32f4xx_tim.o(i.START_STM32F4xx_TIM3) refers to stm32f4xx_rcc.o(i.RCC_GetPCLK1Freq) for RCC_GetPCLK1Freq
    stm32f4xx_tim.o(i.START_STM32F4xx_TIM3) refers to stm32f4xx_uart.o(i.Get_UARTBps) for Get_UARTBps
    stm32f4xx_tim.o(i.START_STM32F4xx_TIM3) refers to stm32f4xx_tim.o(i.NVIC_SetPriority) for NVIC_SetPriority
    stm32f4xx_tim.o(i.START_STM32F4xx_TIM3) refers to stm32f4xx_tim.o(i.NVIC_EnableIRQ) for NVIC_EnableIRQ
[...]
    i.Init_MS_SoftwareUpdate                 0x080142bc   Section        0  ms_init.o(i.Init_MS_SoftwareUpdate)
    i.Init_PIN_SPACE                         0x080142cc   Section        0  stm32f4xx_io.o(i.Init_PIN_SPACE)
    i.Init_RTC                               0x080142ec   Section        0  rtc.o(i.Init_RTC)
    i.Init_SPI1                              0x08014368   Section        0  stm32f4xx_spi.o(i.Init_SPI1)
    i.Init_STM32F4xx_RTC                     0x080143c8   Section        0  stm32f4xx_rtc.o(i.Init_STM32F4xx_RTC)
    i.Init_STM32F4xx_TIM7                    0x08014408   Section        0  stm32f4xx_tim.o(i.Init_STM32F4xx_TIM7)
    i.Init_my_heap                           0x0801447c   Section        0  my_heap.o(i.Init_my_heap)
    i.Insert_Alloc                           0x080144a8   Section        0  my_heap.o(i.Insert_Alloc)
    i.LCDDataOut                             0x080144e4   Section        0  lcdmodule.o(i.LCDDataOut)
    i.LanguageString                         0x0801469c   Section        0  display.o(i.LanguageString)
    i.MC                                     0x080146c8   Section        0  memrw.o(i.MC)
    i.ME                                     0x08014818   Section        0  memrw.o(i.ME)
    i.MR                                     0x0801485c   Section        0  memrw.o(i.MR)
    i.MRR                                    0x08014964   Section        0  memrw.o(i.MRR)
    i.MS_CommandInit                         0x08014984   Section        0  ms_init.o(i.MS_CommandInit)
    i.MS_Task                                0x080149d4   Section        0  main_thread.o(i.MS_Task)
    i.MW                                     0x08014abc   Section        0  memrw.o(i.MW)
    i.MWR                                    0x08014c44   Section        0  memrw.o(i.MWR)
    i.Main_Thread                            0x08014c6c   Section        0  main_thread.o(i.Main_Thread)
    i.NAND128kBuff_Clr_NAND                  0x08014cf4   Section        0  nand.o(i.NAND128kBuff_Clr_NAND)
    i.NAND128kBuff_Write_NAND                0x08014eec   Section        0  nand.o(i.NAND128kBuff_Write_NAND)
    i.NB_128kBuff                            0x08015100   Section        0  nand.o(i.NB_128kBuff)
    i.NC_128kBuff                            0x080151b8   Section        0  nand.o(i.NC_128kBuff)
    i.NR_128kBuff                            0x08015258   Section        0  nand.o(i.NR_128kBuff)
    i.NVIC_DisableIRQ                        0x08015328   Section        0  stm32f4xx_spi.o(i.NVIC_DisableIRQ)
    NVIC_DisableIRQ                          0x08015329   Thumb Code    18  stm32f4xx_spi.o(i.NVIC_DisableIRQ)
    i.NVIC_DisableIRQ                        0x08015340   Section        0  nand.o(i.NVIC_DisableIRQ)
    NVIC_DisableIRQ                          0x08015341   Thumb Code    18  nand.o(i.NVIC_DisableIRQ)
    i.NVIC_EnableIRQ                         0x08015358   Section        0  stm32f4xx_tim.o(i.NVIC_EnableIRQ)
    NVIC_EnableIRQ                           0x08015359   Thumb Code    22  stm32f4xx_tim.o(i.NVIC_EnableIRQ)
    i.NVIC_EnableIRQ                         0x0801536e   Section        0  stm32f4xx_exti.o(i.NVIC_EnableIRQ)
    NVIC_EnableIRQ                           0x0801536f   Thumb Code    22  stm32f4xx_exti.o(i.NVIC_EnableIRQ)
    i.NVIC_EnableIRQ                         0x08015384   Section        0  nand.o(i.NVIC_EnableIRQ)
    NVIC_EnableIRQ                           0x08015385   Thumb Code    22  nand.o(i.NVIC_EnableIRQ)
    i.NVIC_SetPriority                       0x0801539c   Section        0  stm32f4xx_tim.o(i.NVIC_SetPriority)
    NVIC_SetPriority                         0x0801539d   Thumb Code    32  stm32f4xx_tim.o(i.NVIC_SetPriority)
    i.NVIC_SetPriority                       0x080153c4   Section        0  stm32f4xx_spi.o(i.NVIC_SetPriority)
    NVIC_SetPriority                         0x080153c5   Thumb Code    32  stm32f4xx_spi.o(i.NVIC_SetPriority)
    i.NW_128kBuff                            0x080153ec   Section        0  nand.o(i.NW_128kBuff)
    i.OffBACKLIGHT                           0x08015490   Section        0  stm32f4xx_io.o(i.OffBACKLIGHT)
    i.OnBACKLIGHT                            0x080154b4   Section        0  stm32f4xx_io.o(i.OnBACKLIGHT)
    i.OnLED3V3                               0x080154d8   Section        0  stm32f4xx_io.o(i.OnLED3V3)
    i.POWER_CHANG                            0x080154fc   Section        0  main_thread.o(i.POWER_CHANG)
    i.Pin_CLK_ENABLE                         0x080155cc   Section        0  stm32f4xx_io.o(i.Pin_CLK_ENABLE)
    i.Pin_Configure                          0x08015684   Section        0  stm32f4xx_io.o(i.Pin_Configure)
    i.Pin_OutH                               0x080158c0   Section        0  stm32f4xx_io.o(i.Pin_OutH)
    i.Pin_OutH_Delay                         0x080158d4   Section        0  io_i2c.o(i.Pin_OutH_Delay)
    i.Pin_OutL                               0x080158e8   Section        0  stm32f4xx_io.o(i.Pin_OutL)
    i.Pin_OutL_Delay                         0x08015900   Section        0  io_i2c.o(i.Pin_OutL_Delay)
    i.Pin_Read                               0x08015914   Section        0  stm32f4xx_io.o(i.Pin_Read)
    i.PowerDown_Data_Save                    0x0801592c   Section        0  data_save.o(i.PowerDown_Data_Save)
    i.PowerDown_ISR                          0x08015a00   Section        0  data_save.o(i.PowerDown_ISR)
    i.PowerUp_Data_Recovery                  0x08015aec   Section        0  data_save.o(i.PowerUp_Data_Recovery)
    i.Power_Down_Display                     0x08016038   Section        0  data_save.o(i.Power_Down_Display)
    i.RAM_CRC32                              0x08016180   Section        0  stm32f4xx_crc.o(i.RAM_CRC32)
    i.RAM_Test                               0x080161ec   Section        0  test_ram.o(i.RAM_Test)
    i.RCC_GetHCLKFreq                        0x08016274   Section        0  stm32f4xx_rcc.o(i.RCC_GetHCLKFreq)
    i.RCC_GetPCLK1Freq                       0x080162a4   Section        0  stm32f4xx_rcc.o(i.RCC_GetPCLK1Freq)
    i.RCC_GetSysClockFreq                    0x080162d0   Section        0  stm32f4xx_rcc.o(i.RCC_GetSysClockFreq)
    i.RTC_Battery_Voltage                    0x08016354   Section        0  stm32f4xx_adc.o(i.RTC_Battery_Voltage)
    i.RX8025T_Read                           0x08016374   Section        0  rtc.o(i.RX8025T_Read)
    i.RX8025T_Write                          0x08016444   Section        0  rtc.o(i.RX8025T_Write)
    i.RePlace_BLOCK_ADDR                     0x080164f0   Section        0  nand.o(i.RePlace_BLOCK_ADDR)
    i.RePlace_BLOCK_Write_NAND               0x08016514   Section        0  nand.o(i.RePlace_BLOCK_Write_NAND)
    i.RePlace_BlockErase_NAND                0x08016648   Section        0  nand.o(i.RePlace_BlockErase_NAND)
    i.RePlace_Clr_NAND                       0x08016678   Section        0  nand.o(i.RePlace_Clr_NAND)
    i.RePlace_Read_NAND                      0x080166f8   Section        0  nand.o(i.RePlace_Read_NAND)
    i.RePlace_Write_NAND                     0x08016740   Section        0  nand.o(i.RePlace_Write_NAND)
    i.ReSTART_OS                             0x080167d0   Section        0  os.o(i.ReSTART_OS)
    i.ReadRTC                                0x0801689c   Section        0  rtc.o(i.ReadRTC)
    i.ReadRTCtoDataType                      0x080168c0   Section        0  rtc.o(i.ReadRTCtoDataType)
    i.Read_24AA02E48                         0x080169cc   Section        0  24aa02e48.o(i.Read_24AA02E48)
    i.Read_NAND                              0x08016a9c   Section        0  nand.o(i.Read_NAND)
    i.Read_NAND_16                           0x08016ae8   Section        0  nand.o(i.Read_NAND_16)
    i.Read_NAND_8                            0x08016bc4   Section        0  nand.o(i.Read_NAND_8)
    i.Report_txt                             0x08016c80   Section        0  testreport.o(i.Report_txt)
    i.RunLED                                 0x08016db4   Section        0  main_thread.o(i.RunLED)
    i.SDAIn                                  0x08016e48   Section        0  io_i2c.o(i.SDAIn)
    i.SDAOut                                 0x08016e5c   Section        0  io_i2c.o(i.SDAOut)
    i.SPI1_IRQHandler                        0x08016e70   Section        0  ms_isr.o(i.SPI1_IRQHandler)
    i.SPI2_IRQHandler                        0x08016efc   Section        0  ms_isr.o(i.SPI2_IRQHandler)
    i.START_STM32F4xx_TIM2                   0x08016f1c   Section        0  stm32f4xx_tim.o(i.START_STM32F4xx_TIM2)
    i.START_STM32F4xx_TIM3                   0x08016f58   Section        0  stm32f4xx_tim.o(i.START_STM32F4xx_TIM3)
    i.STM32F4xx_FLASH_OPT                    0x08016fdc   Section        0  stm32f4xx_flash.o(i.STM32F4xx_FLASH_OPT)
    i.STM32F4xx_Temperature                  0x08017048   Section        0  stm32f4xx_adc.o(i.STM32F4xx_Temperature)
    i.STOP_STM32F4xx_TIM3                    0x0801716c   Section        0  stm32f4xx_tim.o(i.STOP_STM32F4xx_TIM3)
    i.SetInit                                0x08017180   Section        0  setinit.o(i.SetInit)
    i.SoftDelayMS                            0x0801725c   Section        0  stm32f4xx_softdelay.o(i.SoftDelayMS)
    i.SoftDelayUS                            0x0801727c   Section        0  stm32f4xx_softdelay.o(i.SoftDelayUS)
    i.SoftwareCheck                          0x0801729c   Section        0  softwarecheck.o(i.SoftwareCheck)
    i.SoftwareCheck_All                      0x080173d4   Section        0  softwarecheck.o(i.SoftwareCheck_All)
    i.SoftwareUpdate                         0x08017454   Section        0  softwareupdate.o(i.SoftwareUpdate)
    i.SoftwareUpdateRW                       0x08017b44   Section        0  softwareupdate.o(i.SoftwareUpdateRW)
    i.Startdisplay                           0x08018094   Section        0  lcdmodule.o(i.Startdisplay)
    i.StrCopy                                0x08018184   Section        0  ascii.o(i.StrCopy)
    i.SyncERTC                               0x08018198   Section        0  stm32f4xx_rtc.o(i.SyncERTC)
    i.SystemInit                             0x080181c4   Section        0  system_stm32f4xx.o(i.SystemInit)
    i.TESAM_CMD_TxRx_FastTest                0x0801820c   Section        0  device_fasttest.o(i.TESAM_CMD_TxRx_FastTest)
    i.TESAM_RXTX                             0x080182ac   Section        0  ic_tesam.o(i.TESAM_RXTX)
    i.TIM3_IRQHandler                        0x080184b0   Section        0  ms_isr.o(i.TIM3_IRQHandler)
    i.TIM7_IRQHandler                        0x08018834   Section        0  ms_isr.o(i.TIM7_IRQHandler)
    i.TestReport                             0x08018c0c   Section        0  testreport.o(i.TestReport)
    i.TestReport_24AA02E48                   0x08018c88   Section        0  testreport.o(i.TestReport_24AA02E48)
    i.TestReport_90E36                       0x08018d30   Section        0  testreport.o(i.TestReport_90E36)
    i.TestReport_ESAM                        0x08018eb8   Section        0  testreport.o(i.TestReport_ESAM)
    i.TestReport_IN                          0x08018ff4   Section        0  testreport.o(i.TestReport_IN)
    i.TestReport_KEY                         0x08019148   Section        0  testreport.o(i.TestReport_KEY)
    i.TestReport_LAN8720A                    0x080191ac   Section        0  testreport.o(i.TestReport_LAN8720A)
    i.TestReport_MT29FxG_NAND                0x0801935c   Section        0  testreport.o(i.TestReport_MT29FxG_NAND)
    i.TestReport_POWER                       0x0801983c   Section        0  testreport.o(i.TestReport_POWER)
    i.TestReport_POWER_DOWN                  0x08019b24   Section        0  testreport.o(i.TestReport_POWER_DOWN)
    i.TestReport_RTC                         0x08019cac   Section        0  testreport.o(i.TestReport_RTC)
    i.TestReport_SDRAM                       0x08019e34   Section        0  testreport.o(i.TestReport_SDRAM)
    i.TestReport_STM32F4xx                   0x0801a07c   Section        0  testreport.o(i.TestReport_STM32F4xx)
    i.TestReport_UART                        0x0801a318   Section        0  testreport.o(i.TestReport_UART)
    i.TestReport_UART_BPS                    0x0801a5f0   Section        0  testreport.o(i.TestReport_UART_BPS)
    i.Time_Thread                            0x0801a6f8   Section        0  time_thread.o(i.Time_Thread)
    i.UART5_IRQHandler                       0x0801a6fc   Section        0  ms_isr.o(i.UART5_IRQHandler)
    i.UART7_IRQHandler                       0x0801a718   Section        0  ms_isr.o(i.UART7_IRQHandler)
    i.USART3_IRQHandler                      0x0801a734   Section        0  ms_isr.o(i.USART3_IRQHandler)
    i.USB0App                                0x0801a7f8   Section        0  usb0app.o(i.USB0App)
    i.USB0FileDownload                       0x0801b8a4   Section        0  usb0app.o(i.USB0FileDownload)
    i.UnInit_SPI1                            0x0801ba40   Section        0  stm32f4xx_spi.o(i.UnInit_SPI1)
    i.WWDT_Enable_Feed                       0x0801ba84   Section        0  stm32f4xx_wdg.o(i.WWDT_Enable_Feed)
    i.WWDT_RESET                             0x0801ba88   Section        0  stm32f4xx_wdg.o(i.WWDT_RESET)
    i.Wait_NAND                              0x0801bafc   Section        0  nand.o(i.Wait_NAND)
    i.Wait_SPI1_ByteTx                       0x0801bb80   Section        0  ic_tesam.o(i.Wait_SPI1_ByteTx)
    i.WriteRTC                               0x0801bbb0   Section        0  rtc.o(i.WriteRTC)
    i.Write_STM32F4xx_AnySector              0x0801bbd8   Section        0  stm32f4xx_flash.o(i.Write_STM32F4xx_AnySector)
    i.Write_STM32F4xx_FLASH                  0x0801bc30   Section        0  stm32f4xx_flash.o(i.Write_STM32F4xx_FLASH)
    i.Write_STM32F4xx_RTC                    0x0801bd20   Section        0  stm32f4xx_rtc.o(i.Write_STM32F4xx_RTC)
    i.YMDCalculateW                          0x0801bdf4   Section        0  calculate.o(i.YMDCalculateW)
    i._0                                     0x0801bea8   Section        0  ms_main.o(i._0)
    i.__Init_FS                              0x0801beac   Section        0  fsapp.o(i.__Init_FS)
    i.bcd_hex                                0x0801bfb0   Section        0  calculate.o(i.bcd_hex)
    i.hex_bcd                                0x0801bfdc   Section        0  calculate.o(i.hex_bcd)
    i.main                                   0x0801c010   Section        0  ms_main.o(i.main)
    i.ms_calloc                              0x0801c418   Section        0  my_heap.o(i.ms_calloc)
    i.ms_free                                0x0801c43c   Section        0  my_heap.o(i.ms_free)
    i.ms_malloc                              0x0801c4d8   Section        0  my_heap.o(i.ms_malloc)
    i.ms_malloc_sizemax                      0x0801c640   Section        0  my_heap.o(i.ms_malloc_sizemax)
    i.ms_realloc                             0x0801c698   Section        0  my_heap.o(i.ms_realloc)
    i.ms_realloc_sizemax                     0x0801c73c   Section        0  my_heap.o(i.ms_realloc_sizemax)
    i.msfile_Delete                          0x0801c7b8   Section        0  msfile.o(i.msfile_Delete)
    i.msfile_check                           0x0801c858   Section        0  msfile.o(i.msfile_check)
    i.msfile_format                          0x0801c89c   Section        0  msfile.o(i.msfile_format)
    i.msfile_free                            0x0801c8f8   Section        0  msfile.o(i.msfile_free)
    i.msfile_init                            0x0801c91c   Section        0  msfile.o(i.msfile_init)
    i.msfile_len                             0x0801ca1c   Section        0  msfile.o(i.msfile_len)
    i.msfile_read                            0x0801ca60   Section        0  msfile.o(i.msfile_read)
    i.msfile_rename                          0x0801cb80   Section        0  msfile.o(i.msfile_rename)
    i.msfile_set_lenmin                      0x0801cc20   Section        0  msfile.o(i.msfile_set_lenmin)
    i.msfile_unit_no                         0x0801cca8   Section        0  msfile.o(i.msfile_unit_no)
    i.msfile_write                           0x0801cd00   Section        0  msfile.o(i.msfile_write)
    .constdata                               0x0801cef4   Section       16  stm32f4xx_rcc.o(.constdata)
    .constdata                               0x0801cf04   Section       34  stm32f4xx_io.o(.constdata)
    .constdata                               0x0801cf28   Section      128  stm32f4xx_flash.o(.constdata)
    .constdata                               0x0801cfa8   Section      816  stm32f4xx_uart.o(.constdata)
    .constdata                               0x0801d2d8   Section       13  calculate.o(.constdata)
    .constdata                               0x0801d2e8   Section      116  ms_lable.o(.constdata)
    .constdata                               0x0801d35c   Section      136  ms_ver.o(.constdata)
    .conststring                             0x0801d3e4   Section      675  testreport.o(.conststring)
    MS_END                                   0x0801d698   Section        8  ms_end.o(MS_END)
    .bss                                     0x20000000   Section       96  libspace.o(.bss)
    HEAP                                     0x20000060   Section      512  startup_stm32f469xx.o(HEAP)
    Heap_Mem                                 0x20000060   Data         512  startup_stm32f469xx.o(HEAP)
    STACK                                    0x20000260   Section     1024  startup_stm32f469xx.o(STACK)
    Stack_Mem                                0x20000260   Data        1024  startup_stm32f469xx.o(STACK)

    Global Symbols

    Symbol Name                              Value     Ov Type        Size  Object(Section)

    BuildAttributes$$THM_ISAv4$E$P$D$K$B$S$7EM$PE$A:L22UL41UL21$X:L11$S22US41US21$IEEE1$IW$USESV6$~STKCKD$USESV7$~SHL$OSPACE$ROPI$EBA8$UX$STANDARDLIB$REQ8$EABIv2 0x00000000   Number         0  anon$$obj.o ABSOLUTE
    __ARM_use_no_argv                        0x00000000   Number         0  ms_main.o ABSOLUTE
    __ARM_exceptions_init                     - Undefined Weak Reference
    __alloca_initialize                       - Undefined Weak Reference
    __arm_preinit_                            - Undefined Weak Reference
    __cpp_initialize__aeabi_                  - Undefined Weak Reference
    __cxa_finalize                            - Undefined Weak Reference
    __rt_locale                               - Undefined Weak Reference
    __sigvec_lookup                           - Undefined Weak Reference
    _atexit_init                              - Undefined Weak Reference
    _call_atexit_fns                          - Undefined Weak Reference
    _clock_init                               - Undefined Weak Reference
    _fp_trap_init                             - Undefined Weak Reference
    _fp_trap_shutdown                         - Undefined Weak Reference
    _get_lc_collate                           - Undefined Weak Reference
    _get_lc_ctype                             - Undefined Weak Reference
    _get_lc_monetary                          - Undefined Weak Reference
    _get_lc_numeric                           - Undefined Weak Reference
    _get_lc_time                              - Undefined Weak Reference
    _getenv_init                              - Undefined Weak Reference
    _handle_redirection                       - Undefined Weak Reference
    _init_alloc                               - Undefined Weak Reference
    _init_user_alloc                          - Undefined Weak Reference
    _initio                                   - Undefined Weak Reference
    _rand_init                                - Undefined Weak Reference
    _signal_finish                            - Undefined Weak Reference
    _signal_init                              - Undefined Weak Reference
    _terminate_alloc                          - Undefined Weak Reference
    _terminate_user_alloc                     - Undefined Weak Reference
    _terminateio                              - Undefined Weak Reference
    __Vectors_Size                           0x00000258   Number         0  startup_stm32f469xx.o ABSOLUTE
    __Vectors                                0x08010000   Data           4  startup_stm32f469xx.o(RESET)
    __Vectors_End                            0x08010258   Data           0  startup_stm32f469xx.o(RESET)
    __main                                   0x08010259   Thumb Code     8  __main.o(!!!main)
    __scatterload                            0x08010261   Thumb Code     0  __scatter.o(!!!scatter)
    __scatterload_rt2                        0x08010261   Thumb Code    44  __scatter.o(!!!scatter)
    __scatterload_rt2_thumb_only             0x08010261   Thumb Code     0  __scatter.o(!!!scatter)
    __scatterload_null                       0x0801026f   Thumb Code     0  __scatter.o(!!!scatter)
    __scatterload_zeroinit                   0x08010295   Thumb Code    28  __scatter_zi.o(!!handler_zi)
    __rt_lib_init                            0x080102b1   Thumb Code     0  libinit.o(.ARM.Collect$$libinit$$00000000)
    __rt_lib_init_alloca_1                   0x080102b3   Thumb Code     0  libinit2.o(.ARM.Collect$$libinit$$0000002E)
    __rt_lib_init_argv_1                     0x080102b3   Thumb Code     0  libinit2.o(.ARM.Collect$$libinit$$0000002C)
    __rt_lib_init_atexit_1                   0x080102b3   Thumb Code     0  libinit2.o(.ARM.Collect$$libinit$$0000001B)
    __rt_lib_init_clock_1                    0x080102b3   Thumb Code     0  libinit2.o(.ARM.Collect$$libinit$$00000021)
    __rt_lib_init_cpp_1                      0x080102b3   Thumb Code     0  libinit2.o(.ARM.Collect$$libinit$$00000032)
    __rt_lib_init_exceptions_1               0x080102b3   Thumb Code     0  libinit2.o(.ARM.Collect$$libinit$$00000030)
    __rt_lib_init_fp_1                       0x080102b3   Thumb Code     0  libinit2.o(.ARM.Collect$$libinit$$00000002)
    __rt_lib_init_fp_trap_1                  0x080102b3   Thumb Code     0  libinit2.o(.ARM.Collect$$libinit$$0000001F)
    __rt_lib_init_getenv_1                   0x080102b3   Thumb Code     0  libinit2.o(.ARM.Collect$$libinit$$00000023)
    __rt_lib_init_heap_1                     0x080102b3   Thumb Code     0  libinit2.o(.ARM.Collect$$libinit$$0000000A)
    __rt_lib_init_lc_collate_1               0x080102b3   Thumb Code     0  libinit2.o(.ARM.Collect$$libinit$$00000011)
    __rt_lib_init_lc_ctype_1                 0x080102b3   Thumb Code     0  libinit2.o(.ARM.Collect$$libinit$$00000013)
    __rt_lib_init_lc_monetary_1              0x080102b3   Thumb Code     0  libinit2.o(.ARM.Collect$$libinit$$00000015)
    __rt_lib_init_lc_numeric_1               0x080102b3   Thumb Code     0  libinit2.o(.ARM.Collect$$libinit$$00000017)
    __rt_lib_init_lc_time_1                  0x080102b3   Thumb Code     0  libinit2.o(.ARM.Collect$$libinit$$00000019)
    __rt_lib_init_preinit_1                  0x080102b3   Thumb Code     0  libinit2.o(.ARM.Collect$$libinit$$00000004)
    __rt_lib_init_rand_1                     0x080102b3   Thumb Code     0  libinit2.o(.ARM.Collect$$libinit$$0000000E)
    __rt_lib_init_return                     0x080102b3   Thumb Code     0  libinit2.o(.ARM.Collect$$libinit$$00000033)
    __rt_lib_init_signal_1                   0x080102b3   Thumb Code     0  libinit2.o(.ARM.Collect$$libinit$$0000001D)
    __rt_lib_init_stdio_1                    0x080102b3   Thumb Code     0  libinit2.o(.ARM.Collect$$libinit$$00000025)
    __rt_lib_init_user_alloc_1               0x080102b3   Thumb Code     0  libinit2.o(.ARM.Collect$$libinit$$0000000C)
    __rt_lib_shutdown                        0x080102b5   Thumb Code     0  libshutdown.o(.ARM.Collect$$libshutdown$$00000000)
    __rt_lib_shutdown_cpp_1                  0x080102b7   Thumb Code     0  libshutdown2.o(.ARM.Collect$$libshutdown$$00000002)
    __rt_lib_shutdown_fp_trap_1              0x080102b7   Thumb Code     0  libshutdown2.o(.ARM.Collect$$libshutdown$$00000007)
    __rt_lib_shutdown_heap_1                 0x080102b7   Thumb Code     0  libshutdown2.o(.ARM.Collect$$libshutdown$$0000000F)
    __rt_lib_shutdown_return                 0x080102b7   Thumb Code     0  libshutdown2.o(.ARM.Collect$$libshutdown$$00000010)
    __rt_lib_shutdown_signal_1               0x080102b7   Thumb Code     0  libshutdown2.o(.ARM.Collect$$libshutdown$$0000000A)
    __rt_lib_shutdown_stdio_1                0x080102b7   Thumb Code     0  libshutdown2.o(.ARM.Collect$$libshutdown$$00000004)
    __rt_lib_shutdown_user_alloc_1           0x080102b7   Thumb Code     0  libshutdown2.o(.ARM.Collect$$libshutdown$$0000000C)
    __rt_entry                               0x080102b9   Thumb Code     0  __rtentry.o(.ARM.Collect$$rtentry$$00000000)
    __rt_entry_presh_1                       0x080102b9   Thumb Code     0  __rtentry2.o(.ARM.Collect$$rtentry$$00000002)
    __rt_entry_sh                            0x080102b9   Thumb Code     0  __rtentry4.o(.ARM.Collect$$rtentry$$00000004)
    __rt_entry_li                            0x080102bf   Thumb Code     0  __rtentry2.o(.ARM.Collect$$rtentry$$0000000A)
    __rt_entry_postsh_1                      0x080102bf   Thumb Code     0  __rtentry2.o(.ARM.Collect$$rtentry$$00000009)
    __rt_entry_main                          0x080102c3   Thumb Code     0  __rtentry2.o(.ARM.Collect$$rtentry$$0000000D)
    __rt_entry_postli_1                      0x080102c3   Thumb Code     0  __rtentry2.o(.ARM.Collect$$rtentry$$0000000C)
    __rt_exit                                0x080102cb   Thumb Code     0  rtexit.o(.ARM.Collect$$rtexit$$00000000)
    __rt_exit_ls                             0x080102cd   Thumb Code     0  rtexit2.o(.ARM.Collect$$rtexit$$00000003)
    __rt_exit_prels_1                        0x080102cd   Thumb Code     0  rtexit2.o(.ARM.Collect$$rtexit$$00000002)
    __rt_exit_exit                           0x080102d1   Thumb Code     0  rtexit2.o(.ARM.Collect$$rtexit$$00000004)
    LoadFontLib_Addr                         0x080102d9   Thumb Code    56  lcddot.o(.emb_text)
    LCDDotData                               0x08010321   Thumb Code  1184  lcddot.o(.emb_text)
    BUZZLib                                  0x080107c0   Data         220  ms_isr_asm.o(.emb_text)
    BUZZTimer                                0x0801089d   Thumb Code   300  ms_isr_asm.o(.emb_text)
    HardFault_Handler                        0x080109d1   Thumb Code    68  ms_isr_asm.o(.emb_text)
    ADDR_MS_SetInitLib_Start                 0x08010a28   Data           0  ms_setinitlib.o(.emb_text)
    Comm_SetInitLib                          0x08010a28   Data         359  ms_setinitlib.o(.emb_text)
    ADDR_MS_SetInitLib_End                   0x08010b8f   Data           0  ms_setinitlib.o(.emb_text)
    Reset_Handler                            0x08010b91   Thumb Code     4  startup_stm32f469xx.o(.text)
    NMI_Handler                              0x08010b95   Thumb Code     2  startup_stm32f469xx.o(.text)
    MemManage_Handler                        0x08010b99   Thumb Code     2  startup_stm32f469xx.o(.text)
    BusFault_Handler                         0x08010b9b   Thumb Code     2  startup_stm32f469xx.o(.text)
    UsageFault_Handler                       0x08010b9d   Thumb Code     2  startup_stm32f469xx.o(.text)
    SVC_Handler                              0x08010b9f   Thumb Code     2  startup_stm32f469xx.o(.text)
    DebugMon_Handler                         0x08010ba1   Thumb Code     2  startup_stm32f469xx.o(.text)
    PendSV_Handler                           0x08010ba3   Thumb Code     2  startup_stm32f469xx.o(.text)
    SysTick_Handler                          0x08010ba5   Thumb Code     2  startup_stm32f469xx.o(.text)
    ADC_IRQHandler                           0x08010ba7   Thumb Code     0  startup_stm32f469xx.o(.text)
    CAN1_RX0_IRQHandler                      0x08010ba7   Thumb Code     0  startup_stm32f469xx.o(.text)
    CAN1_RX1_IRQHandler                      0x08010ba7   Thumb Code     0  startup_stm32f469xx.o(.text)
    CAN1_SCE_IRQHandler                      0x08010ba7   Thumb Code     0  startup_stm32f469xx.o(.text)
    CAN1_TX_IRQHandler                       0x08010ba7   Thumb Code     0  startup_stm32f469xx.o(.text)
    CAN2_RX0_IRQHandler                      0x08010ba7   Thumb Code     0  startup_stm32f469xx.o(.text)
    CAN2_RX1_IRQHandler                      0x08010ba7   Thumb Code     0  startup_stm32f469xx.o(.text)
    CAN2_SCE_IRQHandler                      0x08010ba7   Thumb Code     0  startup_stm32f469xx.o(.text)
    CAN2_TX_IRQHandler                       0x08010ba7   Thumb Code     0  startup_stm32f469xx.o(.text)
    DCMI_IRQHandler                          0x08010ba7   Thumb Code     0  startup_stm32f469xx.o(.text)
    DMA1_Stream0_IRQHandler                  0x08010ba7   Thumb Code     0  startup_stm32f469xx.o(.text)
    DMA1_Stream2_IRQHandler                  0x08010ba7   Thumb Code     0  startup_stm32f469xx.o(.text)
    DMA1_Stream3_IRQHandler                  0x08010ba7   Thumb Code     0  startup_stm32f469xx.o(.text)
    DMA1_Stream4_IRQHandler                  0x08010ba7   Thumb Code     0  startup_stm32f469xx.o(.text)
    DMA1_Stream5_IRQHandler                  0x08010ba7   Thumb Code     0  startup_stm32f469xx.o(.text)
    DMA1_Stream6_IRQHandler                  0x08010ba7   Thumb Code     0  startup_stm32f469xx.o(.text)
    DMA2D_IRQHandler                         0x08010ba7   Thumb Code     0  startup_stm32f469xx.o(.text)
    DMA2_Stream0_IRQHandler                  0x08010ba7   Thumb Code     0  startup_stm32f469xx.o(.text)
    DMA2_Stream1_IRQHandler                  0x08010ba7   Thumb Code     0  startup_stm32f469xx.o(.text)
    DMA2_Stream2_IRQHandler                  0x08010ba7   Thumb Code     0  startup_stm32f469xx.o(.text)
    DMA2_Stream3_IRQHandler                  0x08010ba7   Thumb Code     0  startup_stm32f469xx.o(.text)
    DMA2_Stream4_IRQHandler                  0x08010ba7   Thumb Code     0  startup_stm32f469xx.o(.text)
    DMA2_Stream5_IRQHandler                  0x08010ba7   Thumb Code     0  startup_stm32f469xx.o(.text)
    DMA2_Stream6_IRQHandler                  0x08010ba7   Thumb Code     0  startup_stm32f469xx.o(.text)
    DMA2_Stream7_IRQHandler                  0x08010ba7   Thumb Code     0  startup_stm32f469xx.o(.text)
    DSI_IRQHandler                           0x08010ba7   Thumb Code     0  startup_stm32f469xx.o(.text)
    ETH_IRQHandler                           0x08010ba7   Thumb Code     0  startup_stm32f469xx.o(.text)
    ETH_WKUP_IRQHandler                      0x08010ba7   Thumb Code     0  startup_stm32f469xx.o(.text)
    EXTI15_10_IRQHandler                     0x08010ba7   Thumb Code     0  startup_stm32f469xx.o(.text)
    EXTI1_IRQHandler                         0x08010ba7   Thumb Code     0  startup_stm32f469xx.o(.text)
    EXTI3_IRQHandler                         0x08010ba7   Thumb Code     0  startup_stm32f469xx.o(.text)
    EXTI4_IRQHandler                         0x08010ba7   Thumb Code     0  startup_stm32f469xx.o(.text)
    EXTI9_5_IRQHandler                       0x08010ba7   Thumb Code     0  startup_stm32f469xx.o(.text)
    FLASH_IRQHandler                         0x08010ba7   Thumb Code     0  startup_stm32f469xx.o(.text)
    FMC_IRQHandler                           0x08010ba7   Thumb Code     0  startup_stm32f469xx.o(.text)
    FPU_IRQHandler                           0x08010ba7   Thumb Code     0  startup_stm32f469xx.o(.text)
    HASH_RNG_IRQHandler                      0x08010ba7   Thumb Code     0  startup_stm32f469xx.o(.text)
    I2C1_ER_IRQHandler                       0x08010ba7   Thumb Code     0  startup_stm32f469xx.o(.text)
    I2C1_EV_IRQHandler                       0x08010ba7   Thumb Code     0  startup_stm32f469xx.o(.text)
    I2C2_ER_IRQHandler                       0x08010ba7   Thumb Code     0  startup_stm32f469xx.o(.text)
    I2C2_EV_IRQHandler                       0x08010ba7   Thumb Code     0  startup_stm32f469xx.o(.text)
    I2C3_ER_IRQHandler                       0x08010ba7   Thumb Code     0  startup_stm32f469xx.o(.text)
    I2C3_EV_IRQHandler                       0x08010ba7   Thumb Code     0  startup_stm32f469xx.o(.text)
    LTDC_ER_IRQHandler                       0x08010ba7   Thumb Code     0  startup_stm32f469xx.o(.text)
    LTDC_IRQHandler                          0x08010ba7   Thumb Code     0  startup_stm32f469xx.o(.text)
    OTG_FS_IRQHandler                        0x08010ba7   Thumb Code     0  startup_stm32f469xx.o(.text)
    OTG_FS_WKUP_IRQHandler                   0x08010ba7   Thumb Code     0  startup_stm32f469xx.o(.text)
    OTG_HS_EP1_IN_IRQHandler                 0x08010ba7   Thumb Code     0  startup_stm32f469xx.o(.text)
    OTG_HS_EP1_OUT_IRQHandler                0x08010ba7   Thumb Code     0  startup_stm32f469xx.o(.text)
    OTG_HS_IRQHandler                        0x08010ba7   Thumb Code     0  startup_stm32f469xx.o(.text)
    OTG_HS_WKUP_IRQHandler                   0x08010ba7   Thumb Code     0  startup_stm32f469xx.o(.text)
    PVD_IRQHandler                           0x08010ba7   Thumb Code     0  startup_stm32f469xx.o(.text)
    QUADSPI_IRQHandler                       0x08010ba7   Thumb Code     0  startup_stm32f469xx.o(.text)
    RCC_IRQHandler                           0x08010ba7   Thumb Code     0  startup_stm32f469xx.o(.text)
    RTC_Alarm_IRQHandler                     0x08010ba7   Thumb Code     0  startup_stm32f469xx.o(.text)
    RTC_WKUP_IRQHandler                      0x08010ba7   Thumb Code     0  startup_stm32f469xx.o(.text)
    SAI1_IRQHandler                          0x08010ba7   Thumb Code     0  startup_stm32f469xx.o(.text)
    SDIO_IRQHandler                          0x08010ba7   Thumb Code     0  startup_stm32f469xx.o(.text)
    SPI3_IRQHandler                          0x08010ba7   Thumb Code     0  startup_stm32f469xx.o(.text)
    SPI4_IRQHandler                          0x08010ba7   Thumb Code     0  startup_stm32f469xx.o(.text)
    SPI5_IRQHandler                          0x08010ba7   Thumb Code     0  startup_stm32f469xx.o(.text)
    SPI6_IRQHandler                          0x08010ba7   Thumb Code     0  startup_stm32f469xx.o(.text)
    TAMP_STAMP_IRQHandler                    0x08010ba7   Thumb Code     0  startup_stm32f469xx.o(.text)
    TIM1_BRK_TIM9_IRQHandler                 0x08010ba7   Thumb Code     0  startup_stm32f469xx.o(.text)
    TIM1_CC_IRQHandler                       0x08010ba7   Thumb Code     0  startup_stm32f469xx.o(.text)
    TIM1_TRG_COM_TIM11_IRQHandler            0x08010ba7   Thumb Code     0  startup_stm32f469xx.o(.text)
    TIM1_UP_TIM10_IRQHandler                 0x08010ba7   Thumb Code     0  startup_stm32f469xx.o(.text)
    TIM2_IRQHandler                          0x08010ba7   Thumb Code     0  startup_stm32f469xx.o(.text)
    TIM4_IRQHandler                          0x08010ba7   Thumb Code     0  startup_stm32f469xx.o(.text)
    TIM5_IRQHandler                          0x08010ba7   Thumb Code     0  startup_stm32f469xx.o(.text)
    TIM6_DAC_IRQHandler                      0x08010ba7   Thumb Code     0  startup_stm32f469xx.o(.text)
    TIM8_BRK_TIM12_IRQHandler                0x08010ba7   Thumb Code     0  startup_stm32f469xx.o(.text)
    TIM8_CC_IRQHandler                       0x08010ba7   Thumb Code     0  startup_stm32f469xx.o(.text)
    TIM8_TRG_COM_TIM14_IRQHandler            0x08010ba7   Thumb Code     0  startup_stm32f469xx.o(.text)
    TIM8_UP_TIM13_IRQHandler                 0x08010ba7   Thumb Code     0  startup_stm32f469xx.o(.text)
    UART4_IRQHandler                         0x08010ba7   Thumb Code     0  startup_stm32f469xx.o(.text)
    UART8_IRQHandler                         0x08010ba7   Thumb Code     0  startup_stm32f469xx.o(.text)
    USART1_IRQHandler                        0x08010ba7   Thumb Code     0  startup_stm32f469xx.o(.text)
    USART2_IRQHandler                        0x08010ba7   Thumb Code     0  startup_stm32f469xx.o(.text)
    USART6_IRQHandler                        0x08010ba7   Thumb Code     0  startup_stm32f469xx.o(.text)
    WWDG_IRQHandler                          0x08010ba7   Thumb Code     0  startup_stm32f469xx.o(.text)
    __user_initial_stackheap                 0x08010ba9   Thumb Code     0  startup_stm32f469xx.o(.text)
    __use_two_region_memory                  0x08010bc9   Thumb Code     2  heapauxi.o(.text)
    __rt_heap_escrow$2region                 0x08010bcb   Thumb Code     2  heapauxi.o(.text)
    __rt_heap_expand$2region                 0x08010bcd   Thumb Code     2  heapauxi.o(.text)
    __user_setup_stackheap                   0x08010bcf   Thumb Code    74  sys_stackheap_outer.o(.text)
    exit                                     0x08010c19   Thumb Code    18  exit.o(.text)
    __user_libspace                          0x08010c2d   Thumb Code     8  libspace.o(.text)
    __user_perproc_libspace                  0x08010c2d   Thumb Code     0  libspace.o(.text)
    __user_perthread_libspace                0x08010c2d   Thumb Code     0  libspace.o(.text)
    _sys_exit                                0x08010c35   Thumb Code     8  sys_exit.o(.text)
    __I$use$semihosting                      0x08010c41   Thumb Code     0  use_no_semi.o(.text)
    __use_no_semihosting_swi                 0x08010c41   Thumb Code     2  use_no_semi.o(.text)
    __semihosting_library_function           0x08010c43   Thumb Code     0  indicate_semi.o(.text)
    ADDR_ASCIILib                            0x08010c45   Data           0  ascii16fontlib.o(ASCII16FontLib)
    ADDR_SelfFontLib                         0x08011c44   Data           0  smwin_selffont.o(FONTLIB)
    ADCx                                     0x080122d5   Thumb Code   254  stm32f4xx_adc.o(i.ADCx)
    BAD_Display                              0x080123ed   Thumb Code    30  ms_isr_asm.o(i.BAD_Display)
    BCD_ASCII                                0x0801241d   Thumb Code    62  calculate.o(i.BCD_ASCII)
    BLOCK_Write_NAND                         0x0801245d   Thumb Code    56  nand.o(i.BLOCK_Write_NAND)
    BLOCK_Write_NAND_16                      0x08012499   Thumb Code   336  nand.o(i.BLOCK_Write_NAND_16)
    BLOCK_Write_NAND_8                       0x080125f1   Thumb Code   366  nand.o(i.BLOCK_Write_NAND_8)
    BitLoca                                  0x0801276d   Thumb Code    28  calculate.o(i.BitLoca)
    BlockErase_NAND                          0x08012789   Thumb Code   118  nand.o(i.BlockErase_NAND)
    Button                                   0x08012801   Thumb Code   582  button.o(i.Button)
    ButtonInit                               0x08012b2d   Thumb Code    88  button.o(i.ButtonInit)
    Byte_ascii                               0x08012b85   Thumb Code    40  ascii.o(i.Byte_ascii)
    Charge_Battery_Voltage                   0x08012bad   Thumb Code    26  stm32f4xx_adc.o(i.Charge_Battery_Voltage)
    Check_128kNandBuff                       0x08012bcd   Thumb Code   252  nand.o(i.Check_128kNandBuff)
    Check_BCD                                0x08012cd5   Thumb Code    30  calculate.o(i.Check_BCD)
    Check_HMS                                0x08012cf3   Thumb Code    54  calculate.o(i.Check_HMS)
    Check_YMD                                0x08012d29   Thumb Code   102  calculate.o(i.Check_YMD)
    Clr_STM32F4xx_FLASH                      0x08012d95   Thumb Code   218  stm32f4xx_flash.o(i.Clr_STM32F4xx_FLASH)
    DMA1_Stream1_IRQHandler                  0x08012e79   Thumb Code    20  ms_isr.o(i.DMA1_Stream1_IRQHandler)
    DMA1_Stream7_IRQHandler                  0x08012e95   Thumb Code    22  ms_isr.o(i.DMA1_Stream7_IRQHandler)
    DMC                                      0x08012eb5   Thumb Code    76  dmw.o(i.DMC)
    DMW                                      0x08012f01   Thumb Code    76  dmw.o(i.DMW)
    DMWR                                     0x08012f4d   Thumb Code    46  dmw.o(i.DMWR)
    Data_ASCII                               0x08012f81   Thumb Code    62  testreport.o(i.Data_ASCII)
    Data_Save_CRC                            0x08012fc1   Thumb Code    76  stm32f4xx_crc.o(i.Data_Save_CRC)
    Del_Alloc                                0x08013031   Thumb Code    56  my_heap.o(i.Del_Alloc)
    Device_FastTest                          0x0801306d   Thumb Code   254  device_fasttest.o(i.Device_FastTest)
    Device_FastTest_AfterStartTimer          0x080131f9   Thumb Code    38  device_fasttest.o(i.Device_FastTest_AfterStartTimer)
    Disable_EXTI                             0x0801323d   Thumb Code    18  stm32f4xx_exti.o(i.Disable_EXTI)
    Disable_Internal_ECC                     0x08013255   Thumb Code     2  nand.o(i.Disable_Internal_ECC)
    Disable_os                               0x08013259   Thumb Code    40  os.o(i.Disable_os)
    DispalyAlign                             0x08013285   Thumb Code   554  display.o(i.DispalyAlign)
    DisplayClr                               0x080134b5   Thumb Code    30  display.o(i.DisplayClr)
    DisplayClrRow                            0x080134dd   Thumb Code    44  display.o(i.DisplayClrRow)
    DisplayData                              0x0801350d   Thumb Code   132  display.o(i.DisplayData)
    DisplayData_OffZero                      0x08013595   Thumb Code   112  display.o(i.DisplayData_OffZero)
    DisplayString                            0x08013609   Thumb Code   388  display.o(i.DisplayString)
    DisplayStringAutoUp                      0x08013791   Thumb Code   420  display.o(i.DisplayStringAutoUp)
    DisplayUpRow                             0x08013941   Thumb Code   112  display.o(i.DisplayUpRow)
    EXTI0_IRQHandler                         0x080139b5   Thumb Code     8  ms_isr.o(i.EXTI0_IRQHandler)
    EXTI2_IRQHandler                         0x080139bd   Thumb Code    36  ms_isr.o(i.EXTI2_IRQHandler)
    Enable_EXTI                              0x080139ed   Thumb Code   320  stm32f4xx_exti.o(i.Enable_EXTI)
    Enable_Internal_ECC                      0x08013b39   Thumb Code   192  nand.o(i.Enable_Internal_ECC)
    Enable_os                                0x08013bfd   Thumb Code    44  os.o(i.Enable_os)
    Erase_STM32F4xx_Sector                   0x08013c29   Thumb Code    54  stm32f4xx_flash.o(i.Erase_STM32F4xx_Sector)
    FileFind                                 0x08013c6d   Thumb Code    62  softwareupdate.o(i.FileFind)
    Get_ADDR_UARTnCtrl                       0x08013cad   Thumb Code    20  stm32f4xx_uart.o(i.Get_ADDR_UARTnCtrl)
    Get_UARTBps                              0x08013cc5   Thumb Code   116  stm32f4xx_uart.o(i.Get_UARTBps)
    Get_os                                   0x08013d39   Thumb Code     8  os.o(i.Get_os)
    HEX_ASCII                                0x08013d45   Thumb Code    28  calculate.o(i.HEX_ASCII)
    ID_NAND                                  0x08013d61   Thumb Code   190  nand.o(i.ID_NAND)
    IOI2C_ReStart                            0x08013e31   Thumb Code    54  io_i2c.o(i.IOI2C_ReStart)
    IOI2C_ReadAck                            0x08013e67   Thumb Code    72  io_i2c.o(i.IOI2C_ReadAck)
    IOI2C_ReadNoAck                          0x08013eaf   Thumb Code    66  io_i2c.o(i.IOI2C_ReadNoAck)
    IOI2C_Start                              0x08013ef1   Thumb Code   112  io_i2c.o(i.IOI2C_Start)
    IOI2C_Stop                               0x08013f61   Thumb Code    34  io_i2c.o(i.IOI2C_Stop)
    IOI2C_Write                              0x08013f83   Thumb Code    86  io_i2c.o(i.IOI2C_Write)
    Init_FS                                  0x08013fd9   Thumb Code    56  fsapp.o(i.Init_FS)
    Init_LCDModule                           0x08014029   Thumb Code    60  lcdmodule.o(i.Init_LCDModule)
    Init_LOG                                 0x08014071   Thumb Code   150  log.o(i.Init_LOG)
    Init_MS                                  0x0801423d   Thumb Code    14  ms_init.o(i.Init_MS)
    Init_MS_AfterOS                          0x08014251   Thumb Code    96  os.o(i.Init_MS_AfterOS)
    Init_MS_SoftwareUpdate                   0x080142bd   Thumb Code    14  ms_init.o(i.Init_MS_SoftwareUpdate)
    Init_PIN_SPACE                           0x080142cd   Thumb Code    28  stm32f4xx_io.o(i.Init_PIN_SPACE)
    Init_RTC                                 0x080142ed   Thumb Code   114  rtc.o(i.Init_RTC)
    Init_SPI1                                0x08014369   Thumb Code    88  stm32f4xx_spi.o(i.Init_SPI1)
    Init_STM32F4xx_RTC                       0x080143c9   Thumb Code    60  stm32f4xx_rtc.o(i.Init_STM32F4xx_RTC)
    Init_STM32F4xx_TIM7                      0x08014409   Thumb Code   104  stm32f4xx_tim.o(i.Init_STM32F4xx_TIM7)
    Init_my_heap                             0x0801447d   Thumb Code    34  my_heap.o(i.Init_my_heap)
    Insert_Alloc                             0x080144a9   Thumb Code    54  my_heap.o(i.Insert_Alloc)
    LCDDataOut                               0x080144e5   Thumb Code   420  lcdmodule.o(i.LCDDataOut)
    LanguageString                           0x0801469d   Thumb Code    40  display.o(i.LanguageString)
    MC                                       0x080146c9   Thumb Code   324  memrw.o(i.MC)
    ME                                       0x08014819   Thumb Code    68  memrw.o(i.ME)
    MR                                       0x0801485d   Thumb Code   262  memrw.o(i.MR)
    MRR                                      0x08014965   Thumb Code    28  memrw.o(i.MRR)
    MS_CommandInit                           0x08014985   Thumb Code    74  ms_init.o(i.MS_CommandInit)
    MS_Task                                  0x080149d5   Thumb Code   208  main_thread.o(i.MS_Task)
    MW                                       0x08014abd   Thumb Code   378  memrw.o(i.MW)
    MWR                                      0x08014c45   Thumb Code    34  memrw.o(i.MWR)
    Main_Thread                              0x08014c6d   Thumb Code   124  main_thread.o(i.Main_Thread)
    NAND128kBuff_Clr_NAND                    0x08014cf5   Thumb Code   482  nand.o(i.NAND128kBuff_Clr_NAND)
    NAND128kBuff_Write_NAND                  0x08014eed   Thumb Code   510  nand.o(i.NAND128kBuff_Write_NAND)
    NB_128kBuff                              0x08015101   Thumb Code   170  nand.o(i.NB_128kBuff)
    NC_128kBuff                              0x080151b9   Thumb Code   146  nand.o(i.NC_128kBuff)
    NR_128kBuff                              0x08015259   Thumb Code   200  nand.o(i.NR_128kBuff)
    NW_128kBuff                              0x080153ed   Thumb Code   152  nand.o(i.NW_128kBuff)
    OffBACKLIGHT                             0x08015491   Thumb Code    30  stm32f4xx_io.o(i.OffBACKLIGHT)
    OnBACKLIGHT                              0x080154b5   Thumb Code    32  stm32f4xx_io.o(i.OnBACKLIGHT)
    OnLED3V3                                 0x080154d9   Thumb Code    30  stm32f4xx_io.o(i.OnLED3V3)
    POWER_CHANG                              0x080154fd   Thumb Code   188  main_thread.o(i.POWER_CHANG)
    Pin_CLK_ENABLE                           0x080155cd   Thumb Code   180  stm32f4xx_io.o(i.Pin_CLK_ENABLE)
    Pin_Configure                            0x08015685   Thumb Code   564  stm32f4xx_io.o(i.Pin_Configure)
    Pin_OutH                                 0x080158c1   Thumb Code    16  stm32f4xx_io.o(i.Pin_OutH)
    Pin_OutH_Delay                           0x080158d5   Thumb Code    18  io_i2c.o(i.Pin_OutH_Delay)
    Pin_OutL                                 0x080158e9   Thumb Code    20  stm32f4xx_io.o(i.Pin_OutL)
    Pin_OutL_Delay                           0x08015901   Thumb Code    18  io_i2c.o(i.Pin_OutL_Delay)
    Pin_Read                                 0x08015915   Thumb Code    20  stm32f4xx_io.o(i.Pin_Read)
    PowerDown_Data_Save                      0x0801592d   Thumb Code   170  data_save.o(i.PowerDown_Data_Save)
    PowerDown_ISR                            0x08015a01   Thumb Code   210  data_save.o(i.PowerDown_ISR)
    PowerUp_Data_Recovery                    0x08015aed   Thumb Code  1352  data_save.o(i.PowerUp_Data_Recovery)
    Power_Down_Display                       0x08016039   Thumb Code   254  data_save.o(i.Power_Down_Display)
    RAM_CRC32                                0x08016181   Thumb Code    96  stm32f4xx_crc.o(i.RAM_CRC32)
    RAM_Test                                 0x080161ed   Thumb Code   136  test_ram.o(i.RAM_Test)
    RCC_GetHCLKFreq                          0x08016275   Thumb Code    38  stm32f4xx_rcc.o(i.RCC_GetHCLKFreq)
    RCC_GetPCLK1Freq                         0x080162a5   Thumb Code    36  stm32f4xx_rcc.o(i.RCC_GetPCLK1Freq)
    RCC_GetSysClockFreq                      0x080162d1   Thumb Code   122  stm32f4xx_rcc.o(i.RCC_GetSysClockFreq)
    RTC_Battery_Voltage                      0x08016355   Thumb Code    26  stm32f4xx_adc.o(i.RTC_Battery_Voltage)
    RX8025T_Read                             0x08016375   Thumb Code   204  rtc.o(i.RX8025T_Read)
    RX8025T_Write                            0x08016445   Thumb Code   168  rtc.o(i.RX8025T_Write)
    RePlace_BLOCK_ADDR                       0x080164f1   Thumb Code    30  nand.o(i.RePlace_BLOCK_ADDR)
    RePlace_BLOCK_Write_NAND                 0x08016515   Thumb Code   304  nand.o(i.RePlace_BLOCK_Write_NAND)
    RePlace_BlockErase_NAND                  0x08016649   Thumb Code    48  nand.o(i.RePlace_BlockErase_NAND)
    RePlace_Clr_NAND                         0x08016679   Thumb Code   122  nand.o(i.RePlace_Clr_NAND)
    RePlace_Read_NAND                        0x080166f9   Thumb Code    72  nand.o(i.RePlace_Read_NAND)
    RePlace_Write_NAND                       0x08016741   Thumb Code   138  nand.o(i.RePlace_Write_NAND)
    ReSTART_OS                               0x080167d1   Thumb Code   166  os.o(i.ReSTART_OS)
    ReadRTC                                  0x0801689d   Thumb Code    34  rtc.o(i.ReadRTC)
    ReadRTCtoDataType                        0x080168c1   Thumb Code   258  rtc.o(i.ReadRTCtoDataType)
    Read_24AA02E48                           0x080169cd   Thumb Code   204  24aa02e48.o(i.Read_24AA02E48)
    Read_NAND                                0x08016a9d   Thumb Code    72  nand.o(i.Read_NAND)
    Read_NAND_16                             0x08016ae9   Thumb Code   216  nand.o(i.Read_NAND_16)
    Read_NAND_8                              0x08016bc5   Thumb Code   182  nand.o(i.Read_NAND_8)
    Report_txt                               0x08016c81   Thumb Code   256  testreport.o(i.Report_txt)
    RunLED                                   0x08016db5   Thumb Code   138  main_thread.o(i.RunLED)
    SDAIn                                    0x08016e49   Thumb Code    20  io_i2c.o(i.SDAIn)
    SDAOut                                   0x08016e5d   Thumb Code    20  io_i2c.o(i.SDAOut)
    SPI1_IRQHandler                          0x08016e71   Thumb Code   126  ms_isr.o(i.SPI1_IRQHandler)
    SPI2_IRQHandler                          0x08016efd   Thumb Code    22  ms_isr.o(i.SPI2_IRQHandler)
    START_STM32F4xx_TIM2                     0x08016f1d   Thumb Code    50  stm32f4xx_tim.o(i.START_STM32F4xx_TIM2)
    START_STM32F4xx_TIM3                     0x08016f59   Thumb Code   124  stm32f4xx_tim.o(i.START_STM32F4xx_TIM3)
    STM32F4xx_FLASH_OPT                      0x08016fdd   Thumb Code    88  stm32f4xx_flash.o(i.STM32F4xx_FLASH_OPT)
    STM32F4xx_Temperature                    0x08017049   Thumb Code   268  stm32f4xx_adc.o(i.STM32F4xx_Temperature)
    STOP_STM32F4xx_TIM3                      0x0801716d   Thumb Code    14  stm32f4xx_tim.o(i.STOP_STM32F4xx_TIM3)
    SetInit                                  0x08017181   Thumb Code   210  setinit.o(i.SetInit)
    SoftDelayMS                              0x0801725d   Thumb Code    30  stm32f4xx_softdelay.o(i.SoftDelayMS)
    SoftDelayUS                              0x0801727d   Thumb Code    28  stm32f4xx_softdelay.o(i.SoftDelayUS)
    SoftwareCheck                            0x0801729d   Thumb Code   306  softwarecheck.o(i.SoftwareCheck)
    SoftwareCheck_All                        0x080173d5   Thumb Code   106  softwarecheck.o(i.SoftwareCheck_All)
    SoftwareUpdate                           0x08017455   Thumb Code  1726  softwareupdate.o(i.SoftwareUpdate)
    SoftwareUpdateRW                         0x08017b45   Thumb Code   912  softwareupdate.o(i.SoftwareUpdateRW)
    Startdisplay                             0x08018095   Thumb Code   162  lcdmodule.o(i.Startdisplay)
    StrCopy                                  0x08018185   Thumb Code    18  ascii.o(i.StrCopy)
    SyncERTC                                 0x08018199   Thumb Code    38  stm32f4xx_rtc.o(i.SyncERTC)
    SystemInit                               0x080181c5   Thumb Code    60  system_stm32f4xx.o(i.SystemInit)
    TESAM_CMD_TxRx_FastTest                  0x0801820d   Thumb Code   148  device_fasttest.o(i.TESAM_CMD_TxRx_FastTest)
    TESAM_RXTX                               0x080182ad   Thumb Code   494  ic_tesam.o(i.TESAM_RXTX)
    TIM3_IRQHandler                          0x080184b1   Thumb Code   866  ms_isr.o(i.TIM3_IRQHandler)
    TIM7_IRQHandler                          0x08018835   Thumb Code   906  ms_isr.o(i.TIM7_IRQHandler)
    TestReport                               0x08018c0d   Thumb Code    88  testreport.o(i.TestReport)
    TestReport_24AA02E48                     0x08018c89   Thumb Code    94  testreport.o(i.TestReport_24AA02E48)
    TestReport_90E36                         0x08018d31   Thumb Code   226  testreport.o(i.TestReport_90E36)
    TestReport_ESAM                          0x08018eb9   Thumb Code   168  testreport.o(i.TestReport_ESAM)
    TestReport_IN                            0x08018ff5   Thumb Code   204  testreport.o(i.TestReport_IN)
    TestReport_KEY                           0x08019149   Thumb Code    50  testreport.o(i.TestReport_KEY)
    TestReport_LAN8720A                      0x080191ad   Thumb Code   228  testreport.o(i.TestReport_LAN8720A)
    TestReport_MT29FxG_NAND                  0x0801935d   Thumb Code   624  testreport.o(i.TestReport_MT29FxG_NAND)
    TestReport_POWER                         0x0801983d   Thumb Code   480  testreport.o(i.TestReport_POWER)
    TestReport_POWER_DOWN                    0x08019b25   Thumb Code   224  testreport.o(i.TestReport_POWER_DOWN)
    TestReport_RTC                           0x08019cad   Thumb Code   192  testreport.o(i.TestReport_RTC)
    TestReport_SDRAM                         0x08019e35   Thumb Code   452  testreport.o(i.TestReport_SDRAM)
    TestReport_STM32F4xx                     0x0801a07d   Thumb Code   380  testreport.o(i.TestReport_STM32F4xx)
    TestReport_UART                          0x0801a319   Thumb Code   368  testreport.o(i.TestReport_UART)
    TestReport_UART_BPS                      0x0801a5f1   Thumb Code   176  testreport.o(i.TestReport_UART_BPS)
    Time_Thread                              0x0801a6f9   Thumb Code     2  time_thread.o(i.Time_Thread)
    UART5_IRQHandler                         0x0801a6fd   Thumb Code    20  ms_isr.o(i.UART5_IRQHandler)
    UART7_IRQHandler                         0x0801a719   Thumb Code    20  ms_isr.o(i.UART7_IRQHandler)
    USART3_IRQHandler                        0x0801a735   Thumb Code   174  ms_isr.o(i.USART3_IRQHandler)
    USB0App                                  0x0801a7f9   Thumb Code  4256  usb0app.o(i.USB0App)
    USB0FileDownload                         0x0801b8a5   Thumb Code   348  usb0app.o(i.USB0FileDownload)
    UnInit_SPI1                              0x0801ba41   Thumb Code    68  stm32f4xx_spi.o(i.UnInit_SPI1)
    WWDT_Enable_Feed                         0x0801ba85   Thumb Code     2  stm32f4xx_wdg.o(i.WWDT_Enable_Feed)
    WWDT_RESET                               0x0801ba89   Thumb Code    94  stm32f4xx_wdg.o(i.WWDT_RESET)
    Wait_NAND                                0x0801bafd   Thumb Code   128  nand.o(i.Wait_NAND)
    Wait_SPI1_ByteTx                         0x0801bb81   Thumb Code    40  ic_tesam.o(i.Wait_SPI1_ByteTx)
    WriteRTC                                 0x0801bbb1   Thumb Code    38  rtc.o(i.WriteRTC)
    Write_STM32F4xx_AnySector                0x0801bbd9   Thumb Code    74  stm32f4xx_flash.o(i.Write_STM32F4xx_AnySector)
    Write_STM32F4xx_FLASH                    0x0801bc31   Thumb Code   232  stm32f4xx_flash.o(i.Write_STM32F4xx_FLASH)
    Write_STM32F4xx_RTC                      0x0801bd21   Thumb Code   200  stm32f4xx_rtc.o(i.Write_STM32F4xx_RTC)
    YMDCalculateW                            0x0801bdf5   Thumb Code   180  calculate.o(i.YMDCalculateW)
    _0                                       0x0801bea9   Thumb Code     2  ms_main.o(i._0)
    __Init_FS                                0x0801bead   Thumb Code   160  fsapp.o(i.__Init_FS)
    bcd_hex                                  0x0801bfb1   Thumb Code    42  calculate.o(i.bcd_hex)
    hex_bcd                                  0x0801bfdd   Thumb Code    46  calculate.o(i.hex_bcd)
    main                                     0x0801c011   Thumb Code   870  ms_main.o(i.main)
    ms_calloc                                0x0801c419   Thumb Code    34  my_heap.o(i.ms_calloc)
    ms_free                                  0x0801c43d   Thumb Code   152  my_heap.o(i.ms_free)
    ms_malloc                                0x0801c4d9   Thumb Code   354  my_heap.o(i.ms_malloc)
    ms_malloc_sizemax                        0x0801c641   Thumb Code    82  my_heap.o(i.ms_malloc_sizemax)
    ms_realloc                               0x0801c699   Thumb Code   158  my_heap.o(i.ms_realloc)
    ms_realloc_sizemax                       0x0801c73d   Thumb Code   118  my_heap.o(i.ms_realloc_sizemax)
    msfile_Delete                            0x0801c7b9   Thumb Code   142  msfile.o(i.msfile_Delete)
    msfile_check                             0x0801c859   Thumb Code    58  msfile.o(i.msfile_check)
    msfile_format                            0x0801c89d   Thumb Code    68  msfile.o(i.msfile_format)
    msfile_free                              0x0801c8f9   Thumb Code    30  msfile.o(i.msfile_free)
    msfile_init                              0x0801c91d   Thumb Code   238  msfile.o(i.msfile_init)
    msfile_len                               0x0801ca1d   Thumb Code    58  msfile.o(i.msfile_len)
    msfile_read                              0x0801ca61   Thumb Code   274  msfile.o(i.msfile_read)
    msfile_rename                            0x0801cb81   Thumb Code   146  msfile.o(i.msfile_rename)
    msfile_set_lenmin                        0x0801cc21   Thumb Code   124  msfile.o(i.msfile_set_lenmin)
    msfile_unit_no                           0x0801cca9   Thumb Code    74  msfile.o(i.msfile_unit_no)
    msfile_write                             0x0801cd01   Thumb Code   482  msfile.o(i.msfile_write)
    RCC_APBAHBPrescTable                     0x0801cef4   Data          16  stm32f4xx_rcc.o(.constdata)
    PIN_SPACE_LABLE                          0x0801cf04   Data          34  stm32f4xx_io.o(.constdata)
    Sector_Len_List                          0x0801cf28   Data         128  stm32f4xx_flash.o(.constdata)
    UART_PORT_List                           0x0801cfa8   Data         748  stm32f4xx_uart.o(.constdata)
    UART_PORT_LEN_TxMax_List                 0x0801d294   Data          68  stm32f4xx_uart.o(.constdata)
    MothVSDate                               0x0801d2d8   Data          13  calculate.o(.constdata)
    ms_Lable                                 0x0801d2e8   Data         116  ms_lable.o(.constdata)
    ADDR_MS_VER                              0x0801d35c   Data         136  ms_ver.o(.constdata)
    Region$$Table$$Base                      0x0801d688   Number         0  anon$$obj.o(Region$$Table)
    Region$$Table$$Limit                     0x0801d698   Number         0  anon$$obj.o(Region$$Table)
    ADDR_MS_END                              0x0801d6a0   Data           0  ms_end.o(MS_END)
    __libspace_start                         0x20000000   Data          96  libspace.o(.bss)
    __temporary_stack_top$libspace           0x20000060   Data           0  libspace.o(.bss)



==============================================================================

Memory Map of the image

  Image Entry point : 0x08010259

  Load Region MS (Base: 0x08010000, Size: 0x0000d6a0, Max: 0x00010000, ABSOLUTE)

    Execution Region MScsg.HEX (Base: 0x08010000, Size: 0x0000d6a0, Max: 0x00010000, ABSOLUTE)

    Base Addr    Size         Type   Attr      Idx    E Section Name        Object

    0x08010000   0x00000258   Data   RO         4461    RESET               startup_stm32f469xx.o
    0x08010258   0x00000008   Code   RO         4509  * !!!main             c_w.l(__main.o)
    0x08010260   0x00000034   Code   RO         4703    !!!scatter          c_w.l(__scatter.o)
    0x08010294   0x0000001c   Code   RO         4705    !!handler_zi        c_w.l(__scatter_zi.o)
    0x080102b0   0x00000002   Code   RO         4573    .ARM.Collect$$libinit$$00000000  c_w.l(libinit.o)
    0x080102b2   0x00000000   Code   RO         4586    .ARM.Collect$$libinit$$00000002  c_w.l(libinit2.o)
    0x080102b2   0x00000000   Code   RO         4588    .ARM.Collect$$libinit$$00000004  c_w.l(libinit2.o)
    0x080102b2   0x00000000   Code   RO         4591    .ARM.Collect$$libinit$$0000000A  c_w.l(libinit2.o)
    0x080102b2   0x00000000   Code   RO         4593    .ARM.Collect$$libinit$$0000000C  c_w.l(libinit2.o)
    0x080102b2   0x00000000   Code   RO         4595    .ARM.Collect$$libinit$$0000000E  c_w.l(libinit2.o)
    0x080102b2   0x00000000   Code   RO         4598    .ARM.Collect$$libinit$$00000011  c_w.l(libinit2.o)
    0x080102b2   0x00000000   Code   RO         4600    .ARM.Collect$$libinit$$00000013  c_w.l(libinit2.o)
    0x080102b2   0x00000000   Code   RO         4602    .ARM.Collect$$libinit$$00000015  c_w.l(libinit2.o)
    0x080102b2   0x00000000   Code   RO         4604    .ARM.Collect$$libinit$$00000017  c_w.l(libinit2.o)
    0x080102b2   0x00000000   Code   RO         4606    .ARM.Collect$$libinit$$00000019  c_w.l(libinit2.o)
    0x080102b2   0x00000000   Code   RO         4608    .ARM.Collect$$libinit$$0000001B  c_w.l(libinit2.o)
    0x080102b2   0x00000000   Code   RO         4610    .ARM.Collect$$libinit$$0000001D  c_w.l(libinit2.o)
    0x080102b2   0x00000000   Code   RO         4612    .ARM.Collect$$libinit$$0000001F  c_w.l(libinit2.o)
    0x080102b2   0x00000000   Code   RO         4614    .ARM.Collect$$libinit$$00000021  c_w.l(libinit2.o)
    0x080102b2   0x00000000   Code   RO         4616    .ARM.Collect$$libinit$$00000023  c_w.l(libinit2.o)
    0x080102b2   0x00000000   Code   RO         4618    .ARM.Collect$$libinit$$00000025  c_w.l(libinit2.o)
    0x080102b2   0x00000000   Code   RO         4622    .ARM.Collect$$libinit$$0000002C  c_w.l(libinit2.o)
    0x080102b2   0x00000000   Code   RO         4624    .ARM.Collect$$libinit$$0000002E  c_w.l(libinit2.o)
    0x080102b2   0x00000000   Code   RO         4626    .ARM.Collect$$libinit$$00000030  c_w.l(libinit2.o)
    0x080102b2   0x00000000   Code   RO         4628    .ARM.Collect$$libinit$$00000032  c_w.l(libinit2.o)
    0x080102b2   0x00000002   Code   RO         4629    .ARM.Collect$$libinit$$00000033  c_w.l(libinit2.o)
    0x080102b4   0x00000002   Code   RO         4660    .ARM.Collect$$libshutdown$$00000000  c_w.l(libshutdown.o)
    0x080102b6   0x00000000   Code   RO         4686    .ARM.Collect$$libshutdown$$00000002  c_w.l(libshutdown2.o)
    0x080102b6   0x00000000   Code   RO         4688    .ARM.Collect$$libshutdown$$00000004  c_w.l(libshutdown2.o)
    0x080102b6   0x00000000   Code   RO         4691    .ARM.Collect$$libshutdown$$00000007  c_w.l(libshutdown2.o)
    0x080102b6   0x00000000   Code   RO         4694    .ARM.Collect$$libshutdown$$0000000A  c_w.l(libshutdown2.o)
    0x080102b6   0x00000000   Code   RO         4696    .ARM.Collect$$libshutdown$$0000000C  c_w.l(libshutdown2.o)
    0x080102b6   0x00000000   Code   RO         4699    .ARM.Collect$$libshutdown$$0000000F  c_w.l(libshutdown2.o)
    0x080102b6   0x00000002   Code   RO         4700    .ARM.Collect$$libshutdown$$00000010  c_w.l(libshutdown2.o)
    0x080102b8   0x00000000   Code   RO         4533    .ARM.Collect$$rtentry$$00000000  c_w.l(__rtentry.o)
    0x080102b8   0x00000000   Code   RO         4544    .ARM.Collect$$rtentry$$00000002  c_w.l(__rtentry2.o)
    0x080102b8   0x00000006   Code   RO         4556    .ARM.Collect$$rtentry$$00000004  c_w.l(__rtentry4.o)
    0x080102be   0x00000000   Code   RO         4546    .ARM.Collect$$rtentry$$00000009  c_w.l(__rtentry2.o)
    0x080102be   0x00000004   Code   RO         4547    .ARM.Collect$$rtentry$$0000000A  c_w.l(__rtentry2.o)
    0x080102c2   0x00000000   Code   RO         4549    .ARM.Collect$$rtentry$$0000000C  c_w.l(__rtentry2.o)
    0x080102c2   0x00000008   Code   RO         4550    .ARM.Collect$$rtentry$$0000000D  c_w.l(__rtentry2.o)
    0x080102ca   0x00000002   Code   RO         4577    .ARM.Collect$$rtexit$$00000000  c_w.l(rtexit.o)
    0x080102cc   0x00000000   Code   RO         4633    .ARM.Collect$$rtexit$$00000002  c_w.l(rtexit2.o)
    0x080102cc   0x00000004   Code   RO         4634    .ARM.Collect$$rtexit$$00000003  c_w.l(rtexit2.o)
    0x080102d0   0x00000006   Code   RO         4635    .ARM.Collect$$rtexit$$00000004  c_w.l(rtexit2.o)
    0x080102d6   0x00000002   PAD
    0x080102d8   0x000004e8   Code   RO         2075    .emb_text           lcddot.o
    0x080107c0   0x00000268   Code   RO         3485    .emb_text           ms_isr_asm.o
    0x08010a28   0x00000167   Code   RO         3574    .emb_text           ms_setinitlib.o
    0x08010b8f   0x00000001   PAD
    0x08010b90   0x00000038   Code   RO         4462    .text               startup_stm32f469xx.o
    0x08010bc8   0x00000006   Code   RO         4507    .text               c_w.l(heapauxi.o)
    0x08010bce   0x0000004a   Code   RO         4560    .text               c_w.l(sys_stackheap_outer.o)
    0x08010c18   0x00000012   Code   RO         4562    .text               c_w.l(exit.o)
    0x08010c2a   0x00000002   PAD
    0x08010c2c   0x00000008   Code   RO         4574    .text               c_w.l(libspace.o)
    0x08010c34   0x0000000c   Code   RO         4630    .text               c_w.l(sys_exit.o)
    0x08010c40   0x00000002   Code   RO         4649    .text               c_w.l(use_no_semi.o)
    0x08010c42   0x00000000   Code   RO         4651    .text               c_w.l(indicate_semi.o)
    0x08010c42   0x00000002   PAD
    0x08010c44   0x00001000   Code   RO         2331    ASCII16FontLib      ascii16fontlib.o
    0x08011c44   0x00000690   Code   RO         2334    FONTLIB             smwin_selffont.o
    0x080122d4   0x00000118   Code   RO          716    i.ADCx              stm32f4xx_adc.o
    0x080123ec   0x00000030   Code   RO         3486    i.BAD_Display       ms_isr_asm.o
    0x0801241c   0x0000003e   Code   RO         2382    i.BCD_ASCII         calculate.o
    0x0801245a   0x00000002   PAD
    0x0801245c   0x0000003c   Code   RO         1318    i.BLOCK_Write_NAND  nand.o
    0x08012498   0x00000158   Code   RO         1319    i.BLOCK_Write_NAND_16  nand.o
    0x080125f0   0x0000017c   Code   RO         1320    i.BLOCK_Write_NAND_8  nand.o
    0x0801276c   0x0000001c   Code   RO         2383    i.BitLoca           calculate.o
    0x08012788   0x00000076   Code   RO         1321    i.BlockErase_NAND   nand.o
    0x080127fe   0x00000002   PAD
    0x08012800   0x0000032c   Code   RO         1916    i.Button            button.o
    0x08012b2c   0x00000058   Code   RO         1917    i.ButtonInit        button.o
    0x08012b84   0x00000028   Code   RO         2841    i.Byte_ascii        ascii.o
    0x08012bac   0x00000020   Code   RO          717    i.Charge_Battery_Voltage  stm32f4xx_adc.o
    0x08012bcc   0x00000108   Code   RO         1322    i.Check_128kNandBuff  nand.o
    0x08012cd4   0x0000001e   Code   RO         2385    i.Check_BCD         calculate.o
    0x08012cf2   0x00000036   Code   RO         2386    i.Check_HMS         calculate.o
    0x08012d28   0x0000006c   Code   RO         2388    i.Check_YMD         calculate.o
    0x08012d94   0x000000e4   Code   RO          336    i.Clr_STM32F4xx_FLASH  stm32f4xx_flash.o
    0x08012e78   0x0000001c   Code   RO         3398    i.DMA1_Stream1_IRQHandler  ms_isr.o
    0x08012e94   0x00000020   Code   RO         3399    i.DMA1_Stream7_IRQHandler  ms_isr.o
    0x08012eb4   0x0000004c   Code   RO         1694    i.DMC               dmw.o
    0x08012f00   0x0000004c   Code   RO         1695    i.DMW               dmw.o
    0x08012f4c   0x00000034   Code   RO         1696    i.DMWR              dmw.o
    0x08012f80   0x0000003e   Code   RO         4230    i.Data_ASCII        testreport.o
    0x08012fbe   0x00000002   PAD
    0x08012fc0   0x00000070   Code   RO          600    i.Data_Save_CRC     stm32f4xx_crc.o
    0x08013030   0x0000003c   Code   RO         3726    i.Del_Alloc         my_heap.o
    0x0801306c   0x0000018c   Code   RO         4185    i.Device_FastTest   device_fasttest.o
    0x080131f8   0x00000044   Code   RO         4186    i.Device_FastTest_AfterStartTimer  device_fasttest.o
    0x0801323c   0x00000018   Code   RO          674    i.Disable_EXTI      stm32f4xx_exti.o
    0x08013254   0x00000002   Code   RO         1323    i.Disable_Internal_ECC  nand.o
    0x08013256   0x00000002   PAD
    0x08013258   0x0000002c   Code   RO         2874    i.Disable_os        os.o
    0x08013284   0x00000230   Code   RO         2217    i.DispalyAlign      display.o
    0x080134b4   0x00000028   Code   RO         2220    i.DisplayClr        display.o
    0x080134dc   0x00000030   Code   RO         2221    i.DisplayClrRow     display.o
    0x0801350c   0x00000088   Code   RO         2222    i.DisplayData       display.o
    0x08013594   0x00000074   Code   RO         2224    i.DisplayData_OffZero  display.o
    0x08013608   0x00000188   Code   RO         2229    i.DisplayString     display.o
    0x08013790   0x000001b0   Code   RO         2230    i.DisplayStringAutoUp  display.o
    0x08013940   0x00000074   Code   RO         2231    i.DisplayUpRow      display.o
    0x080139b4   0x00000008   Code   RO         3400    i.EXTI0_IRQHandler  ms_isr.o
    0x080139bc   0x00000030   Code   RO         3401    i.EXTI2_IRQHandler  ms_isr.o
    0x080139ec   0x0000014c   Code   RO          675    i.Enable_EXTI       stm32f4xx_exti.o
    0x08013b38   0x000000c4   Code   RO         1324    i.Enable_Internal_ECC  nand.o
    0x08013bfc   0x0000002c   Code   RO         2875    i.Enable_os         os.o
    0x08013c28   0x00000044   Code   RO          337    i.Erase_STM32F4xx_Sector  stm32f4xx_flash.o
    0x08013c6c   0x0000003e   Code   RO         3918    i.FileFind          softwareupdate.o
    0x08013caa   0x00000002   PAD
    0x08013cac   0x00000018   Code   RO          775    i.Get_ADDR_UARTnCtrl  stm32f4xx_uart.o
    0x08013cc4   0x00000074   Code   RO          787    i.Get_UARTBps       stm32f4xx_uart.o
    0x08013d38   0x0000000c   Code   RO         2876    i.Get_os            os.o
    0x08013d44   0x0000001c   Code   RO         2396    i.HEX_ASCII         calculate.o
    0x08013d60   0x000000d0   Code   RO         1325    i.ID_NAND           nand.o
    0x08013e30   0x00000036   Code   RO         1736    i.IOI2C_ReStart     io_i2c.o
    0x08013e66   0x00000048   Code   RO         1737    i.IOI2C_ReadAck     io_i2c.o
    0x08013eae   0x00000042   Code   RO         1738    i.IOI2C_ReadNoAck   io_i2c.o
    0x08013ef0   0x00000070   Code   RO         1739    i.IOI2C_Start       io_i2c.o
    0x08013f60   0x00000022   Code   RO         1740    i.IOI2C_Stop        io_i2c.o
    0x08013f82   0x00000056   Code   RO         1741    i.IOI2C_Write       io_i2c.o
    0x08013fd8   0x00000050   Code   RO         3960    i.Init_FS           fsapp.o
    0x08014028   0x00000048   Code   RO         2154    i.Init_LCDModule    lcdmodule.o
    0x08014070   0x000001cc   Code   RO         4375    i.Init_LOG          log.o
    0x0801423c   0x00000014   Code   RO         3336    i.Init_MS           ms_init.o
    0x08014250   0x0000006c   Code   RO         2877    i.Init_MS_AfterOS   os.o
    0x080142bc   0x0000000e   Code   RO         3337    i.Init_MS_SoftwareUpdate  ms_init.o
    0x080142ca   0x00000002   PAD
    0x080142cc   0x00000020   Code   RO          174    i.Init_PIN_SPACE    stm32f4xx_io.o
    0x080142ec   0x0000007c   Code   RO         1817    i.Init_RTC          rtc.o
    0x08014368   0x00000060   Code   RO         1039    i.Init_SPI1         stm32f4xx_spi.o
    0x080143c8   0x00000040   Code   RO          536    i.Init_STM32F4xx_RTC  stm32f4xx_rtc.o
    0x08014408   0x00000074   Code   RO          394    i.Init_STM32F4xx_TIM7  stm32f4xx_tim.o
    0x0801447c   0x0000002c   Code   RO         3727    i.Init_my_heap      my_heap.o
    0x080144a8   0x0000003c   Code   RO         3728    i.Insert_Alloc      my_heap.o
    0x080144e4   0x000001b8   Code   RO         2155    i.LCDDataOut        lcdmodule.o
    0x0801469c   0x0000002c   Code   RO         2232    i.LanguageString    display.o
    0x080146c8   0x00000150   Code   RO         1637    i.MC                memrw.o
    0x08014818   0x00000044   Code   RO         1638    i.ME                memrw.o
    0x0801485c   0x00000106   Code   RO         1639    i.MR                memrw.o
    0x08014962   0x00000002   PAD
    0x08014964   0x00000020   Code   RO         1640    i.MRR               memrw.o
    0x08014984   0x00000050   Code   RO         3338    i.MS_CommandInit    ms_init.o
    0x080149d4   0x000000e8   Code   RO         3804    i.MS_Task           main_thread.o
    0x08014abc   0x00000188   Code   RO         1641    i.MW                memrw.o
    0x08014c44   0x00000028   Code   RO         1642    i.MWR               memrw.o
    0x08014c6c   0x00000088   Code   RO         3805    i.Main_Thread       main_thread.o
    0x08014cf4   0x000001f8   Code   RO         1327    i.NAND128kBuff_Clr_NAND  nand.o
    0x08014eec   0x00000214   Code   RO         1328    i.NAND128kBuff_Write_NAND  nand.o
    0x08015100   0x000000b8   Code   RO         1329    i.NB_128kBuff       nand.o
    0x080151b8   0x000000a0   Code   RO         1330    i.NC_128kBuff       nand.o
    0x08015258   0x000000d0   Code   RO         1331    i.NR_128kBuff       nand.o
    0x08015328   0x00000018   Code   RO         1041    i.NVIC_DisableIRQ   stm32f4xx_spi.o
    0x08015340   0x00000018   Code   RO         1332    i.NVIC_DisableIRQ   nand.o
    0x08015358   0x00000016   Code   RO          395    i.NVIC_EnableIRQ    stm32f4xx_tim.o
    0x0801536e   0x00000016   Code   RO          676    i.NVIC_EnableIRQ    stm32f4xx_exti.o
    0x08015384   0x00000016   Code   RO         1333    i.NVIC_EnableIRQ    nand.o
    0x0801539a   0x00000002   PAD
    0x0801539c   0x00000028   Code   RO          396    i.NVIC_SetPriority  stm32f4xx_tim.o
    0x080153c4   0x00000028   Code   RO         1042    i.NVIC_SetPriority  stm32f4xx_spi.o
    0x080153ec   0x000000a4   Code   RO         1334    i.NW_128kBuff       nand.o
    0x08015490   0x00000024   Code   RO          177    i.OffBACKLIGHT      stm32f4xx_io.o
    0x080154b4   0x00000024   Code   RO          185    i.OnBACKLIGHT       stm32f4xx_io.o
    0x080154d8   0x00000024   Code   RO          189    i.OnLED3V3          stm32f4xx_io.o
    0x080154fc   0x000000d0   Code   RO         3806    i.POWER_CHANG       main_thread.o
    0x080155cc   0x000000b8   Code   RO          192    i.Pin_CLK_ENABLE    stm32f4xx_io.o
    0x08015684   0x0000023c   Code   RO          193    i.Pin_Configure     stm32f4xx_io.o
    0x080158c0   0x00000014   Code   RO          194    i.Pin_OutH          stm32f4xx_io.o
    0x080158d4   0x00000012   Code   RO         1742    i.Pin_OutH_Delay    io_i2c.o
    0x080158e6   0x00000002   PAD
    0x080158e8   0x00000018   Code   RO          195    i.Pin_OutL          stm32f4xx_io.o
    0x08015900   0x00000012   Code   RO         1743    i.Pin_OutL_Delay    io_i2c.o
    0x08015912   0x00000002   PAD
    0x08015914   0x00000018   Code   RO          196    i.Pin_Read          stm32f4xx_io.o
    0x0801592c   0x000000d4   Code   RO         3514    i.PowerDown_Data_Save  data_save.o
    0x08015a00   0x000000ec   Code   RO         3515    i.PowerDown_ISR     data_save.o
    0x08015aec   0x0000054c   Code   RO         3516    i.PowerUp_Data_Recovery  data_save.o
    0x08016038   0x00000148   Code   RO         3517    i.Power_Down_Display  data_save.o
    0x08016180   0x0000006c   Code   RO          602    i.RAM_CRC32         stm32f4xx_crc.o
    0x080161ec   0x00000088   Code   RO         4101    i.RAM_Test          test_ram.o
    0x08016274   0x00000030   Code   RO            4    i.RCC_GetHCLKFreq   stm32f4xx_rcc.o
    0x080162a4   0x0000002c   Code   RO            5    i.RCC_GetPCLK1Freq  stm32f4xx_rcc.o
    0x080162d0   0x00000084   Code   RO            7    i.RCC_GetSysClockFreq  stm32f4xx_rcc.o
    0x08016354   0x00000020   Code   RO          719    i.RTC_Battery_Voltage  stm32f4xx_adc.o
    0x08016374   0x000000d0   Code   RO         1818    i.RX8025T_Read      rtc.o
    0x08016444   0x000000ac   Code   RO         1819    i.RX8025T_Write     rtc.o
    0x080164f0   0x00000024   Code   RO         1335    i.RePlace_BLOCK_ADDR  nand.o
    0x08016514   0x00000134   Code   RO         1336    i.RePlace_BLOCK_Write_NAND  nand.o
    0x08016648   0x00000030   Code   RO         1337    i.RePlace_BlockErase_NAND  nand.o
    0x08016678   0x00000080   Code   RO         1338    i.RePlace_Clr_NAND  nand.o
    0x080166f8   0x00000048   Code   RO         1339    i.RePlace_Read_NAND  nand.o
    0x08016740   0x00000090   Code   RO         1340    i.RePlace_Write_NAND  nand.o
    0x080167d0   0x000000cc   Code   RO         2878    i.ReSTART_OS        os.o
    0x0801689c   0x00000022   Code   RO         1820    i.ReadRTC           rtc.o
    0x080168be   0x00000002   PAD
    0x080168c0   0x0000010c   Code   RO         1821    i.ReadRTCtoDataType  rtc.o
    0x080169cc   0x000000d0   Code   RO         1883    i.Read_24AA02E48    24aa02e48.o
    0x08016a9c   0x0000004c   Code   RO         1341    i.Read_NAND         nand.o
    0x08016ae8   0x000000dc   Code   RO         1342    i.Read_NAND_16      nand.o
    0x08016bc4   0x000000bc   Code   RO         1343    i.Read_NAND_8       nand.o
    0x08016c80   0x00000134   Code   RO         4231    i.Report_txt        testreport.o
    0x08016db4   0x00000094   Code   RO         3807    i.RunLED            main_thread.o
    0x08016e48   0x00000014   Code   RO         1744    i.SDAIn             io_i2c.o
    0x08016e5c   0x00000014   Code   RO         1745    i.SDAOut            io_i2c.o
    0x08016e70   0x0000008c   Code   RO         3402    i.SPI1_IRQHandler   ms_isr.o
    0x08016efc   0x00000020   Code   RO         3403    i.SPI2_IRQHandler   ms_isr.o
    0x08016f1c   0x0000003c   Code   RO          399    i.START_STM32F4xx_TIM2  stm32f4xx_tim.o
    0x08016f58   0x00000084   Code   RO          400    i.START_STM32F4xx_TIM3  stm32f4xx_tim.o
    0x08016fdc   0x0000006c   Code   RO          338    i.STM32F4xx_FLASH_OPT  stm32f4xx_flash.o
    0x08017048   0x00000124   Code   RO          720    i.STM32F4xx_Temperature  stm32f4xx_adc.o
    0x0801716c   0x00000014   Code   RO          405    i.STOP_STM32F4xx_TIM3  stm32f4xx_tim.o
    0x08017180   0x000000dc   Code   RO         3596    i.SetInit           setinit.o
    0x0801725c   0x0000001e   Code   RO          141    i.SoftDelayMS       stm32f4xx_softdelay.o
    0x0801727a   0x00000002   PAD
    0x0801727c   0x00000020   Code   RO          142    i.SoftDelayUS       stm32f4xx_softdelay.o
    0x0801729c   0x00000138   Code   RO         3888    i.SoftwareCheck     softwarecheck.o
    0x080173d4   0x00000080   Code   RO         3889    i.SoftwareCheck_All  softwarecheck.o
    0x08017454   0x000006f0   Code   RO         3919    i.SoftwareUpdate    softwareupdate.o
    0x08017b44   0x00000550   Code   RO         3920    i.SoftwareUpdateRW  softwareupdate.o
    0x08018094   0x000000f0   Code   RO         2156    i.Startdisplay      lcdmodule.o
    0x08018184   0x00000012   Code   RO         2842    i.StrCopy           ascii.o
    0x08018196   0x00000002   PAD
    0x08018198   0x0000002c   Code   RO          539    i.SyncERTC          stm32f4xx_rtc.o
    0x080181c4   0x00000048   Code   RO         4470    i.SystemInit        system_stm32f4xx.o
    0x0801820c   0x000000a0   Code   RO         4187    i.TESAM_CMD_TxRx_FastTest  device_fasttest.o
    0x080182ac   0x00000204   Code   RO         1983    i.TESAM_RXTX        ic_tesam.o
    0x080184b0   0x00000384   Code   RO         3404    i.TIM3_IRQHandler   ms_isr.o
    0x08018834   0x000003d8   Code   RO         3405    i.TIM7_IRQHandler   ms_isr.o
    0x08018c0c   0x0000007c   Code   RO         4232    i.TestReport        testreport.o
    0x08018c88   0x000000a8   Code   RO         4233    i.TestReport_24AA02E48  testreport.o
    0x08018d30   0x00000188   Code   RO         4234    i.TestReport_90E36  testreport.o
    0x08018eb8   0x0000013c   Code   RO         4235    i.TestReport_ESAM   testreport.o
    0x08018ff4   0x00000154   Code   RO         4236    i.TestReport_IN     testreport.o
    0x08019148   0x00000064   Code   RO         4237    i.TestReport_KEY    testreport.o
    0x080191ac   0x000001b0   Code   RO         4238    i.TestReport_LAN8720A  testreport.o
    0x0801935c   0x000004e0   Code   RO         4239    i.TestReport_MT29FxG_NAND  testreport.o
    0x0801983c   0x000002e8   Code   RO         4240    i.TestReport_POWER  testreport.o
    0x08019b24   0x00000188   Code   RO         4241    i.TestReport_POWER_DOWN  testreport.o
    0x08019cac   0x00000188   Code   RO         4242    i.TestReport_RTC    testreport.o
    0x08019e34   0x00000248   Code   RO         4243    i.TestReport_SDRAM  testreport.o
    0x0801a07c   0x0000029c   Code   RO         4244    i.TestReport_STM32F4xx  testreport.o
    0x0801a318   0x000002d8   Code   RO         4245    i.TestReport_UART   testreport.o
    0x0801a5f0   0x00000108   Code   RO         4246    i.TestReport_UART_BPS  testreport.o
    0x0801a6f8   0x00000002   Code   RO         3861    i.Time_Thread       time_thread.o
    0x0801a6fa   0x00000002   PAD
    0x0801a6fc   0x0000001c   Code   RO         3406    i.UART5_IRQHandler  ms_isr.o
    0x0801a718   0x0000001c   Code   RO         3407    i.UART7_IRQHandler  ms_isr.o
    0x0801a734   0x000000c4   Code   RO         3408    i.USART3_IRQHandler  ms_isr.o
    0x0801a7f8   0x000010ac   Code   RO         3990    i.USB0App           usb0app.o
    0x0801b8a4   0x0000019c   Code   RO         3991    i.USB0FileDownload  usb0app.o
    0x0801ba40   0x00000044   Code   RO         1043    i.UnInit_SPI1       stm32f4xx_spi.o
    0x0801ba84   0x00000002   Code   RO          497    i.WWDT_Enable_Feed  stm32f4xx_wdg.o
    0x0801ba86   0x00000002   PAD
    0x0801ba88   0x00000074   Code   RO          498    i.WWDT_RESET        stm32f4xx_wdg.o
    0x0801bafc   0x00000084   Code   RO         1344    i.Wait_NAND         nand.o
    0x0801bb80   0x00000030   Code   RO         1984    i.Wait_SPI1_ByteTx  ic_tesam.o
    0x0801bbb0   0x00000026   Code   RO         1822    i.WriteRTC          rtc.o
    0x0801bbd6   0x00000002   PAD
    0x0801bbd8   0x00000058   Code   RO          339    i.Write_STM32F4xx_AnySector  stm32f4xx_flash.o
    0x0801bc30   0x000000f0   Code   RO          340    i.Write_STM32F4xx_FLASH  stm32f4xx_flash.o
    0x0801bd20   0x000000d4   Code   RO          541    i.Write_STM32F4xx_RTC  stm32f4xx_rtc.o
    0x0801bdf4   0x000000b4   Code   RO         2403    i.YMDCalculateW     calculate.o
    0x0801bea8   0x00000002   Code   RO         3231    i._0                ms_main.o
    0x0801beaa   0x00000002   PAD
    0x0801beac   0x00000104   Code   RO         3961    i.__Init_FS         fsapp.o
    0x0801bfb0   0x0000002a   Code   RO         2435    i.bcd_hex           calculate.o
    0x0801bfda   0x00000002   PAD
    0x0801bfdc   0x00000034   Code   RO         2436    i.hex_bcd           calculate.o
    0x0801c010   0x00000408   Code   RO         3232    i.main              ms_main.o
    0x0801c418   0x00000022   Code   RO         3729    i.ms_calloc         my_heap.o
    0x0801c43a   0x00000002   PAD
    0x0801c43c   0x0000009c   Code   RO         3730    i.ms_free           my_heap.o
    0x0801c4d8   0x00000168   Code   RO         3731    i.ms_malloc         my_heap.o
    0x0801c640   0x00000058   Code   RO         3732    i.ms_malloc_sizemax  my_heap.o
    0x0801c698   0x000000a4   Code   RO         3733    i.ms_realloc        my_heap.o
    0x0801c73c   0x0000007c   Code   RO         3734    i.ms_realloc_sizemax  my_heap.o
    0x0801c7b8   0x000000a0   Code   RO         3620    i.msfile_Delete     msfile.o
    0x0801c858   0x00000044   Code   RO         3621    i.msfile_check      msfile.o
    0x0801c89c   0x0000005c   Code   RO         3622    i.msfile_format     msfile.o
    0x0801c8f8   0x00000024   Code   RO         3623    i.msfile_free       msfile.o
    0x0801c91c   0x00000100   Code   RO         3624    i.msfile_init       msfile.o
    0x0801ca1c   0x00000044   Code   RO         3625    i.msfile_len        msfile.o
    0x0801ca60   0x00000120   Code   RO         3626    i.msfile_read       msfile.o
    0x0801cb80   0x000000a0   Code   RO         3627    i.msfile_rename     msfile.o
    0x0801cc20   0x00000088   Code   RO         3628    i.msfile_set_lenmin  msfile.o
    0x0801cca8   0x00000058   Code   RO         3629    i.msfile_unit_no    msfile.o
    0x0801cd00   0x000001f4   Code   RO         3630    i.msfile_write      msfile.o
    0x0801cef4   0x00000010   Data   RO            8    .constdata          stm32f4xx_rcc.o
    0x0801cf04   0x00000022   Data   RO          197    .constdata          stm32f4xx_io.o
    0x0801cf26   0x00000002   PAD
    0x0801cf28   0x00000080   Data   RO          341    .constdata          stm32f4xx_flash.o
    0x0801cfa8   0x00000330   Data   RO          803    .constdata          stm32f4xx_uart.o
    0x0801d2d8   0x0000000d   Data   RO         2442    .constdata          calculate.o
    0x0801d2e5   0x00000003   PAD
    0x0801d2e8   0x00000074   Data   RO         3126    .constdata          ms_lable.o
    0x0801d35c   0x00000088   Data   RO         3375    .constdata          ms_ver.o
    0x0801d3e4   0x000002a3   Data   RO         4247    .conststring        testreport.o
    0x0801d687   0x00000001   PAD
    0x0801d688   0x00000010   Data   RO         4701    Region$$Table       anon$$obj.o
    0x0801d698   0x00000008   Code   RO         4456    MS_END              ms_end.o


    Execution Region MS.INI (Base: 0x20000000, Size: 0x00000660, Max: 0x0001c000, ABSOLUTE)

    Base Addr    Size         Type   Attr      Idx    E Section Name        Object

    0x20000000   0x00000060   Zero   RW         4575    .bss                c_w.l(libspace.o)
    0x20000060   0x00000200   Zero   RW         4460    HEAP                startup_stm32f469xx.o
    0x20000260   0x00000400   Zero   RW         4459    STACK               startup_stm32f469xx.o


==============================================================================

Image component sizes


      Code (inc. data)   RO Data    RW Data    ZI Data      Debug   Object Name

       208          4          0          0          0       1157   24aa02e48.o
        58          0          0          0          0       1019   ascii.o
      4096       4096          0          0          0        176   ascii16fontlib.o
       900        230          0          0          0       1602   button.o
       584         12         13          0          0       7191   calculate.o
      2132        478          0          0          0      30370   data_save.o
       624        184          0          0          0       2534   device_fasttest.o
      1884         52          0          0          0       7302   display.o
       204          6          0          0          0       2207   dmw.o
       340        124          0          0          0       1398   fsapp.o
       564         30          0          0          0       1900   ic_tesam.o
       500          0          0          0          0       5470   io_i2c.o
      1256         20          0          0          0       2188   lcddot.o
       752        110          0          0          0       2601   lcdmodule.o
       460        310          0          0          0       1171   log.o
       724         72          0          0          0       3131   main_thread.o
      1130         36          0          0          0       5272   memrw.o
         8          8          0          0          0        160   ms_end.o
       114         18          0          0          0       1624   ms_init.o
      2424        204          0          0          0       7112   ms_isr.o
       664        268          0          0          0        898   ms_isr_asm.o
         0          0        116          0          0      24443   ms_lable.o
      1034        162          0          0          0       7492   ms_main.o
       359        359          0          0          0        260   ms_setinitlib.o
         0          0        136          0          0        481   ms_ver.o
      1852        158          0          0          0      14770   msfile.o
      1090         48          0          0          0       6590   my_heap.o
      4722        198          0          0          0      70573   nand.o
       412         58          0          0          0       9113   os.o
       844         28          0          0          0       4063   rtc.o
       220         10          0          0          0       1146   setinit.o
      1680       1680          0          0          0        176   smwin_selffont.o
       440         28          0          0          0       1704   softwarecheck.o
      3198        894          0          0          0       4807   softwareupdate.o
        56         22        600          0       1536        788   startup_stm32f469xx.o
       636         62          0          0          0       3094   stm32f4xx_adc.o
       220         48          0          0          0       1492   stm32f4xx_crc.o
         0          0          0          0          0       1472   stm32f4xx_dac.o
       378         34          0          0          0      28020   stm32f4xx_exti.o
       732         66        128          0          0       4423   stm32f4xx_flash.o
       964         68         34          0          0       4981   stm32f4xx_io.o
       224         28         16          0          0     269786   stm32f4xx_rcc.o
       320         22          0          0          0       2030   stm32f4xx_rtc.o
        62          4          0          0          0        964   stm32f4xx_softdelay.o
       228         22          0          0          0      28229   stm32f4xx_spi.o
       390         44          0          0          0      29181   stm32f4xx_tim.o
       140         16        816          0          0       1909   stm32f4xx_uart.o
       118         22          0          0          0       1304   stm32f4xx_wdg.o
        72         12          0          0          0        441   system_stm32f4xx.o
       136          0          0          0          0       2463   test_ram.o
      7262       3002        675          0          0      17678   testreport.o
         2          0          0          0          0        354   time_thread.o
      4680       1134          0          0          0       3657   usb0app.o

    ----------------------------------------------------------------------
     52136      14492       2556          0       1536     634367   Object Totals
         0          0         16          0          0          0   (incl. Generated)
        39          1          6          0          0          0   (incl. Padding)

    ----------------------------------------------------------------------

      Code (inc. data)   RO Data    RW Data    ZI Data      Debug   Library Member Name

         8          0          0          0          0         68   __main.o
         0          0          0          0          0          0   __rtentry.o
        12          0          0          0          0          0   __rtentry2.o
         6          0          0          0          0          0   __rtentry4.o
        52          8          0          0          0          0   __scatter.o
        28          0          0          0          0          0   __scatter_zi.o
        18          0          0          0          0         80   exit.o
         6          0          0          0          0        152   heapauxi.o
         0          0          0          0          0          0   indicate_semi.o
         2          0          0          0          0          0   libinit.o
         2          0          0          0          0          0   libinit2.o
         2          0          0          0          0          0   libshutdown.o
         2          0          0          0          0          0   libshutdown2.o
         8          4          0          0         96         68   libspace.o
         2          0          0          0          0          0   rtexit.o
        10          0          0          0          0          0   rtexit2.o
        12          4          0          0          0         68   sys_exit.o
        74          0          0          0          0         80   sys_stackheap_outer.o
         2          0          0          0          0         68   use_no_semi.o

    ----------------------------------------------------------------------
       252         16          0          0         96        584   Library Totals
         6          0          0          0          0          0   (incl. Padding)

    ----------------------------------------------------------------------

      Code (inc. data)   RO Data    RW Data    ZI Data      Debug   Library Name

       246         16          0          0         96        584   c_w.l

    ----------------------------------------------------------------------
       252         16          0          0         96        584   Library Totals

    ----------------------------------------------------------------------

==============================================================================


      Code (inc. data)   RO Data    RW Data    ZI Data      Debug   

     52388      14508       2556          0       1632     624011   Grand Totals
     52388      14508       2556          0       1632     624011   ELF Image Totals
     52388      14508       2556          0          0          0   ROM Totals

==============================================================================

    Total RO  Size (Code + RO Data)                54944 (  53.66kB)
    Total RW  Size (RW Data + ZI Data)              1632 (   1.59kB)
    Total ROM Size (Code + RO Data + RW Data)      54944 (  53.66kB)

==============================================================================

