Component: ARM Compiler 5.06 update 5 (build 528) Tool: armlink [4d35e2]

==============================================================================

Section Cross References

    test_entry.o(RESET) refers to test_main.o(i.Test_Main) for Test_Main
    test_entry.o(RESET) refers to test_entry.o(.text) for NMI_Handler
    test_entry.o(RESET) refers to test_end.o(Test_END) for ADDR_Test_END
    test_entry.o(RESET) refers to test_init.o(i.Init_Test) for Init_Test
    test_entry.o(RESET) refers to test_init.o(i.Init_Test_SoftwareUpdate) for Init_Test_SoftwareUpdate
    test_entry.o(RESET) refers to test_ver.o(.constdata) for ADDR_Test_VER
    test_entry.o(RESET) refers to test.o(i.Test_ReStartOS) for Test_ReStartOS
    test_entry.o(RESET) refers to test.o(i.Test) for Test
    test_entry.o(RESET) refers to test_main.o(i._0) for _0
    test_main.o(i.Test_Main) refers to os.o(i.Get_os) for Get_os
    test_main.o(i.Test_Main) refers to ms.o(i.Get_ms) for Get_ms
    test_main.o(i.Test_Main) refers to menu.o(i.MenuDel) for MenuDel
    test_main.o(i.Test_Main) refers to draw.o(i.Draw_Clr) for Draw_Clr
    test_main.o(i.Test_Main) refers to stm32f4xx_adc.o(i.STM32F4xx_Temperature) for STM32F4xx_Temperature
    test_main.o(i.Test_Main) refers to menu.o(i.DisplayMenu) for DisplayMenu
    test_main.o(i.Test_Main) refers to menu.o(i.Arrowhead) for Arrowhead
    test_main.o(i.Test_Main) refers to menu.o(i.MenuNegative) for MenuNegative
    test_main.o(i.Test_Main) refers to menu.o(i.MenuSelect) for MenuSelect
    test_main.o(i.Test_Main) refers to test.o(i.Test_ReStartOS) for Test_ReStartOS
    test_main.o(i.Test_Main) refers to test_flash_block_err.o(i.Test_FLASH_Block_Err) for Test_FLASH_Block_Err
    test_main.o(i.Test_Main) refers to test_flash_life.o(i.Test_FLASH_Life) for Test_FLASH_Life
    test_main.o(i.Test_Main) refers to test_main.o(.constdata) for pE2_Main3
    testreport.o(i.Report_txt) refers to ascii.o(i.StrCopy) for StrCopy
    testreport.o(i.Report_txt) refers to calculate.o(i.BCD_ASCII) for BCD_ASCII
    testreport.o(i.Report_txt) refers to testreport.o(i.TestReport_POWER) for TestReport_POWER
    testreport.o(i.Report_txt) refers to testreport.o(i.TestReport_POWER_DOWN) for TestReport_POWER_DOWN
    testreport.o(i.Report_txt) refers to testreport.o(i.TestReport_STM32F4xx) for TestReport_STM32F4xx
    testreport.o(i.Report_txt) refers to testreport.o(i.TestReport_SDRAM) for TestReport_SDRAM
    testreport.o(i.Report_txt) refers to testreport.o(i.TestReport_MT29FxG_NAND) for TestReport_MT29FxG_NAND
    testreport.o(i.Report_txt) refers to testreport.o(i.TestReport_90E36) for TestReport_90E36
    testreport.o(i.Report_txt) refers to testreport.o(i.TestReport_RTC) for TestReport_RTC
    testreport.o(i.Report_txt) refers to testreport.o(i.TestReport_LAN8720A) for TestReport_LAN8720A
    testreport.o(i.Report_txt) refers to testreport.o(i.TestReport_UART) for TestReport_UART
    testreport.o(i.Report_txt) refers to testreport.o(i.TestReport_ESAM) for TestReport_ESAM
    testreport.o(i.Report_txt) refers to testreport.o(i.TestReport_24AA02E48) for TestReport_24AA02E48
    testreport.o(i.Report_txt) refers to testreport.o(i.TestReport_KEY) for TestReport_KEY
    testreport.o(i.Report_txt) refers to testreport.o(i.TestReport_IN) for TestReport_IN
    testreport.o(i.TestReport) refers to testreport.o(i.Report_txt) for Report_txt
    testreport.o(i.TestReport) refers to os.o(i.Get_os) for Get_os
    testreport.o(i.TestReport_24AA02E48) refers to ascii.o(i.StrCopy) for StrCopy
    testreport.o(i.TestReport_24AA02E48) refers to testreport.o(i.Data_ASCII) for Data_ASCII
    testreport.o(i.TestReport_90E36) refers to ascii.o(i.StrCopy) for StrCopy
    testreport.o(i.TestReport_90E36) refers to calculate.o(i.HEX_ASCII) for HEX_ASCII
    testreport.o(i.TestReport_ESAM) refers to ascii.o(i.StrCopy) for StrCopy
    testreport.o(i.TestReport_ESAM) refers to calculate.o(i.HEX_ASCII) for HEX_ASCII
    testreport.o(i.TestReport_ESAM) refers to testreport.o(i.Data_ASCII) for Data_ASCII
    testreport.o(i.TestReport_IN) refers to ascii.o(i.StrCopy) for StrCopy
    testreport.o(i.TestReport_KEY) refers to ascii.o(i.StrCopy) for StrCopy
    testreport.o(i.TestReport_LAN8720A) refers to ascii.o(i.StrCopy) for StrCopy
    testreport.o(i.TestReport_LAN8720A) refers to calculate.o(i.HEX_ASCII) for HEX_ASCII
    testreport.o(i.TestReport_MT29FxG_NAND) refers to ascii.o(i.StrCopy) for StrCopy
    testreport.o(i.TestReport_MT29FxG_NAND) refers to calculate.o(i.HEX_ASCII) for HEX_ASCII
    testreport.o(i.TestReport_POWER) refers to ascii.o(i.StrCopy) for StrCopy
    testreport.o(i.TestReport_POWER) refers to calculate.o(i.BCD_ASCII) for BCD_ASCII
    testreport.o(i.TestReport_POWER) refers to ascii.o(i.Byte_ascii) for Byte_ascii
    testreport.o(i.TestReport_POWER_DOWN) refers to ascii.o(i.StrCopy) for StrCopy
    testreport.o(i.TestReport_POWER_DOWN) refers to calculate.o(i.HEX_ASCII) for HEX_ASCII
[...]
    data_save.o(i.PowerDown_Data_Save) refers to display.o(i.DisplayStringAutoUp) for DisplayStringAutoUp
    data_save.o(i.PowerDown_ISR) refers to stm32f4xx_tim.o(i.START_STM32F4xx_TIM2) for START_STM32F4xx_TIM2
    data_save.o(i.PowerDown_ISR) refers to stm32f4xx_softdelay.o(i.SoftDelayUS) for SoftDelayUS
    data_save.o(i.PowerDown_ISR) refers to stm32f4xx_io.o(i.Pin_Read) for Pin_Read
    data_save.o(i.PowerDown_ISR) refers to display.o(i.DisplayStringAutoUp) for DisplayStringAutoUp
    data_save.o(i.PowerDown_ISR) refers to stm32f4xx_exti.o(i.Disable_EXTI) for Disable_EXTI
    data_save.o(i.PowerDown_ISR) refers to stm32f4xx_io.o(i.Pin_CLK_ENABLE) for Pin_CLK_ENABLE
    data_save.o(i.PowerDown_ISR) refers to stm32f4xx_io.o(i.Pin_OutL) for Pin_OutL
    data_save.o(i.PowerUp_Data_Recovery) refers to stm32f4xx_crc.o(i.RAM_CRC32) for RAM_CRC32
    data_save.o(i.PowerUp_Data_Recovery) refers to display.o(i.DisplayStringAutoUp) for DisplayStringAutoUp
    data_save.o(i.PowerUp_Data_Recovery) refers to extern_mrw.o(i.MR) for MR
    data_save.o(i.PowerUp_Data_Recovery) refers to nand.o(i.RePlace_Read_NAND) for RePlace_Read_NAND
    data_save.o(i.PowerUp_Data_Recovery) refers to extern_mrw.o(i.MWR) for MWR
    data_save.o(i.PowerUp_Data_Recovery) refers to nand.o(i.Check_128kNandBuff) for Check_128kNandBuff
    data_save.o(i.PowerUp_Data_Recovery) refers to stm32f4xx_io.o(i.Pin_Configure) for Pin_Configure
    data_save.o(i.PowerUp_Data_Recovery) refers to stm32f4xx_exti.o(i.Enable_EXTI) for Enable_EXTI
    data_save.o(i.Power_Down_Display) refers to display.o(i.DisplayStringAutoUp) for DisplayStringAutoUp
    data_save.o(i.Power_Down_Display) refers to display.o(i.DisplayData_OffZero) for DisplayData_OffZero
    data_save.o(i.Power_Down_Display) refers to calculate.o(i.hex_bcd) for hex_bcd
    data_save.o(i.Power_Down_Display) refers to extern_mrw.o(i.LCDDataOut) for LCDDataOut
    nand.o(i.BLOCK_Write_NAND) refers to nand.o(i.BLOCK_Write_NAND_8) for BLOCK_Write_NAND_8
    nand.o(i.BLOCK_Write_NAND) refers to nand.o(i.BLOCK_Write_NAND_16) for BLOCK_Write_NAND_16
    nand.o(i.BLOCK_Write_NAND) refers to nand.o(i.ID_NAND) for ID_NAND
    nand.o(i.BLOCK_Write_NAND_16) refers to nand.o(i.Enable_Internal_ECC) for Enable_Internal_ECC
    nand.o(i.BLOCK_Write_NAND_16) refers to nand.o(i.BlockErase_NAND) for BlockErase_NAND
    nand.o(i.BLOCK_Write_NAND_16) refers to nand.o(i.NVIC_DisableIRQ) for NVIC_DisableIRQ
    nand.o(i.BLOCK_Write_NAND_16) refers to nand.o(i.NVIC_EnableIRQ) for NVIC_EnableIRQ
    nand.o(i.BLOCK_Write_NAND_16) refers to nand.o(i.Wait_NAND) for Wait_NAND
    nand.o(i.BLOCK_Write_NAND_8) refers to nand.o(i.Enable_Internal_ECC) for Enable_Internal_ECC
    nand.o(i.BLOCK_Write_NAND_8) refers to nand.o(i.BlockErase_NAND) for BlockErase_NAND
    nand.o(i.BLOCK_Write_NAND_8) refers to nand.o(i.NVIC_DisableIRQ) for NVIC_DisableIRQ
    nand.o(i.BLOCK_Write_NAND_8) refers to nand.o(i.NVIC_EnableIRQ) for NVIC_EnableIRQ
    nand.o(i.BLOCK_Write_NAND_8) refers to nand.o(i.Wait_NAND) for Wait_NAND
    nand.o(i.BlockErase_NAND) refers to nand.o(i.Enable_Internal_ECC) for Enable_Internal_ECC
    nand.o(i.BlockErase_NAND) refers to stm32f4xx_wdg.o(i.WWDT_Enable_Feed) for WWDT_Enable_Feed
    nand.o(i.BlockErase_NAND) refers to nand.o(i.NVIC_DisableIRQ) for NVIC_DisableIRQ
    nand.o(i.BlockErase_NAND) refers to nand.o(i.NVIC_EnableIRQ) for NVIC_EnableIRQ
    nand.o(i.BlockErase_NAND) refers to nand.o(i.Wait_NAND) for Wait_NAND
    nand.o(i.BlockErase_NAND) refers to nand.o(i.Disable_Internal_ECC) for Disable_Internal_ECC
    nand.o(i.Check_128kNandBuff) refers to stm32f4xx_crc.o(i.RAM_CRC32) for RAM_CRC32
    nand.o(i.Init_NAND) refers to stm32f4xx_softdelay.o(i.SoftDelayUS) for SoftDelayUS
    nand.o(i.NAND128kBuff_Clr_NAND) refers to stm32f4xx_crc.o(i.RAM_CRC32) for RAM_CRC32
    nand.o(i.NAND128kBuff_Clr_NAND) refers to extern_mrw.o(i.MR) for MR
    nand.o(i.NAND128kBuff_Clr_NAND) refers to nand.o(i.RePlace_BLOCK_Write_NAND) for RePlace_BLOCK_Write_NAND
    nand.o(i.NAND128kBuff_Write_NAND) refers to stm32f4xx_crc.o(i.RAM_CRC32) for RAM_CRC32
    nand.o(i.NAND128kBuff_Write_NAND) refers to extern_mrw.o(i.MR) for MR
    nand.o(i.NAND128kBuff_Write_NAND) refers to nand.o(i.RePlace_BLOCK_Write_NAND) for RePlace_BLOCK_Write_NAND
    nand.o(i.NB_128kBuff) refers to stm32f4xx_crc.o(i.RAM_CRC32) for RAM_CRC32
    nand.o(i.NC_128kBuff) refers to nand.o(i.NAND128kBuff_Clr_NAND) for NAND128kBuff_Clr_NAND
    nand.o(i.NC_128kBuff) refers to stm32f4xx_crc.o(i.RAM_CRC32) for RAM_CRC32
    nand.o(i.NR_128kBuff) refers to stm32f4xx_crc.o(i.RAM_CRC32) for RAM_CRC32
    nand.o(i.NW_128kBuff) refers to nand.o(i.NAND128kBuff_Write_NAND) for NAND128kBuff_Write_NAND
    nand.o(i.NW_128kBuff) refers to stm32f4xx_crc.o(i.RAM_CRC32) for RAM_CRC32
    nand.o(i.RePlace_BLOCK_Write_NAND) refers to nand.o(i.BLOCK_Write_NAND) for BLOCK_Write_NAND
    nand.o(i.RePlace_BLOCK_Write_NAND) refers to extern_mrw.o(i.MC) for MC
    nand.o(i.RePlace_BlockErase_NAND) refers to nand.o(i.RePlace_BLOCK_ADDR) for RePlace_BLOCK_ADDR
    nand.o(i.RePlace_BlockErase_NAND) refers to nand.o(i.BlockErase_NAND) for BlockErase_NAND
    nand.o(i.RePlace_Clr_NAND) refers to nand.o(i.RePlace_Read_NAND) for RePlace_Read_NAND
    nand.o(i.RePlace_Clr_NAND) refers to nand.o(i.RePlace_BLOCK_Write_NAND) for RePlace_BLOCK_Write_NAND
    nand.o(i.RePlace_Read_NAND) refers to nand.o(i.RePlace_BLOCK_ADDR) for RePlace_BLOCK_ADDR
    nand.o(i.RePlace_Read_NAND) refers to nand.o(i.Read_NAND) for Read_NAND
    nand.o(i.RePlace_Write_NAND) refers to nand.o(i.RePlace_Read_NAND) for RePlace_Read_NAND
    nand.o(i.RePlace_Write_NAND) refers to nand.o(i.RePlace_BLOCK_Write_NAND) for RePlace_BLOCK_Write_NAND
    nand.o(i.Read_NAND) refers to nand.o(i.Read_NAND_8) for Read_NAND_8
    nand.o(i.Read_NAND) refers to nand.o(i.Read_NAND_16) for Read_NAND_16
    nand.o(i.Read_NAND) refers to nand.o(i.ID_NAND) for ID_NAND
    nand.o(i.Read_NAND_16) refers to nand.o(i.Enable_Internal_ECC) for Enable_Internal_ECC
    nand.o(i.Read_NAND_16) refers to nand.o(i.Wait_NAND) for Wait_NAND
    nand.o(i.Read_NAND_8) refers to nand.o(i.Enable_Internal_ECC) for Enable_Internal_ECC
    nand.o(i.Read_NAND_8) refers to nand.o(i.Wait_NAND) for Wait_NAND
    nand.o(i.Wait_NAND) refers to stm32f4xx_softdelay.o(i.SoftDelayUS) for SoftDelayUS
    io_i2c.o(i.IOI2C_ReStart) refers to stm32f4xx_io.o(i.Pin_Read) for Pin_Read
    io_i2c.o(i.IOI2C_ReStart) refers to io_i2c.o(i.SDAIn) for SDAIn
    io_i2c.o(i.IOI2C_ReStart) refers to io_i2c.o(i.Pin_OutH_Delay) for Pin_OutH_Delay
    io_i2c.o(i.IOI2C_ReStart) refers to io_i2c.o(i.SDAOut) for SDAOut
    io_i2c.o(i.IOI2C_ReStart) refers to io_i2c.o(i.Pin_OutL_Delay) for Pin_OutL_Delay
    io_i2c.o(i.IOI2C_ReadAck) refers to io_i2c.o(i.SDAIn) for SDAIn
    io_i2c.o(i.IOI2C_ReadAck) refers to io_i2c.o(i.Pin_OutH_Delay) for Pin_OutH_Delay
    io_i2c.o(i.IOI2C_ReadAck) refers to stm32f4xx_io.o(i.Pin_Read) for Pin_Read
    io_i2c.o(i.IOI2C_ReadAck) refers to io_i2c.o(i.Pin_OutL_Delay) for Pin_OutL_Delay
    io_i2c.o(i.IOI2C_ReadAck) refers to io_i2c.o(i.SDAOut) for SDAOut
    io_i2c.o(i.IOI2C_ReadNoAck) refers to io_i2c.o(i.SDAIn) for SDAIn
    io_i2c.o(i.IOI2C_ReadNoAck) refers to io_i2c.o(i.Pin_OutH_Delay) for Pin_OutH_Delay
    io_i2c.o(i.IOI2C_ReadNoAck) refers to stm32f4xx_io.o(i.Pin_Read) for Pin_Read
    io_i2c.o(i.IOI2C_ReadNoAck) refers to io_i2c.o(i.Pin_OutL_Delay) for Pin_OutL_Delay
    io_i2c.o(i.IOI2C_Start) refers to stm32f4xx_io.o(i.Pin_Configure) for Pin_Configure
    io_i2c.o(i.IOI2C_Start) refers to io_i2c.o(i.SDAIn) for SDAIn
    io_i2c.o(i.IOI2C_Start) refers to stm32f4xx_io.o(i.Pin_Read) for Pin_Read
    io_i2c.o(i.IOI2C_Start) refers to io_i2c.o(i.Pin_OutH_Delay) for Pin_OutH_Delay
    io_i2c.o(i.IOI2C_Start) refers to io_i2c.o(i.Pin_OutL_Delay) for Pin_OutL_Delay
    io_i2c.o(i.IOI2C_Start) refers to io_i2c.o(i.SDAOut) for SDAOut
    io_i2c.o(i.IOI2C_Stop) refers to io_i2c.o(i.SDAOut) for SDAOut
    io_i2c.o(i.IOI2C_Stop) refers to io_i2c.o(i.Pin_OutH_Delay) for Pin_OutH_Delay
    io_i2c.o(i.IOI2C_Stop) refers to io_i2c.o(i.SDAIn) for SDAIn
    io_i2c.o(i.IOI2C_Stop) refers to stm32f4xx_io.o(i.Pin_Configure) for Pin_Configure
    io_i2c.o(i.IOI2C_Write) refers to io_i2c.o(i.SDAOut) for SDAOut
    io_i2c.o(i.IOI2C_Write) refers to io_i2c.o(i.SDAIn) for SDAIn
    io_i2c.o(i.IOI2C_Write) refers to io_i2c.o(i.Pin_OutH_Delay) for Pin_OutH_Delay
    io_i2c.o(i.IOI2C_Write) refers to io_i2c.o(i.Pin_OutL_Delay) for Pin_OutL_Delay
    io_i2c.o(i.IOI2C_Write) refers to stm32f4xx_io.o(i.Pin_Read) for Pin_Read
    io_i2c.o(i.Pin_OutH_Delay) refers to stm32f4xx_io.o(i.Pin_OutH) for Pin_OutH
    io_i2c.o(i.Pin_OutH_Delay) refers to stm32f4xx_softdelay.o(i.SoftDelayUS) for SoftDelayUS
    io_i2c.o(i.Pin_OutL_Delay) refers to stm32f4xx_io.o(i.Pin_OutL) for Pin_OutL
    io_i2c.o(i.Pin_OutL_Delay) refers to stm32f4xx_softdelay.o(i.SoftDelayUS) for SoftDelayUS
    io_i2c.o(i.SDAIn) refers to stm32f4xx_io.o(i.Pin_Configure) for Pin_Configure
    io_i2c.o(i.SDAIn) refers to stm32f4xx_softdelay.o(i.SoftDelayUS) for SoftDelayUS
    io_i2c.o(i.SDAOut) refers to stm32f4xx_io.o(i.Pin_Configure) for Pin_Configure
    io_i2c.o(i.SDAOut) refers to stm32f4xx_softdelay.o(i.SoftDelayUS) for SoftDelayUS
    rtc.o(i.Init_RTC) refers to rtc.o(i.RX8025T_Write) for RX8025T_Write
    rtc.o(i.Init_RTC) refers to stm32f4xx_rtc.o(i.Init_STM32F4xx_RTC) for Init_STM32F4xx_RTC
    rtc.o(i.Init_RTC) refers to rtc.o(i.ReadRTC) for ReadRTC
    rtc.o(i.Init_RTC) refers to extern_mrw.o(i.MRR) for MRR
    rtc.o(i.Init_RTC) refers to calculate.o(i.Check_HMS) for Check_HMS
    rtc.o(i.Init_RTC) refers to calculate.o(i.Check_YMD) for Check_YMD
    rtc.o(i.Init_RTC) refers to rtc.o(i.WriteRTC) for WriteRTC
    rtc.o(i.RX8025T_Read) refers to io_i2c.o(i.IOI2C_Start) for IOI2C_Start
    rtc.o(i.RX8025T_Read) refers to io_i2c.o(i.IOI2C_Write) for IOI2C_Write
    rtc.o(i.RX8025T_Read) refers to io_i2c.o(i.IOI2C_ReStart) for IOI2C_ReStart
    rtc.o(i.RX8025T_Read) refers to io_i2c.o(i.IOI2C_ReadAck) for IOI2C_ReadAck
    rtc.o(i.RX8025T_Read) refers to io_i2c.o(i.IOI2C_ReadNoAck) for IOI2C_ReadNoAck
    rtc.o(i.RX8025T_Read) refers to io_i2c.o(i.IOI2C_Stop) for IOI2C_Stop
    rtc.o(i.RX8025T_Write) refers to io_i2c.o(i.IOI2C_Start) for IOI2C_Start
    rtc.o(i.RX8025T_Write) refers to io_i2c.o(i.IOI2C_Write) for IOI2C_Write
    rtc.o(i.RX8025T_Write) refers to io_i2c.o(i.IOI2C_Stop) for IOI2C_Stop
    rtc.o(i.ReadRTC) refers to rtc.o(i.RX8025T_Read) for RX8025T_Read
    rtc.o(i.ReadRTC) refers to calculate.o(i.BitLoca) for BitLoca
    rtc.o(i.ReadRTCtoDataType) refers to rtc.o(i.ReadRTC) for ReadRTC
    rtc.o(i.ReadRTCtoDataType) refers to calculate.o(i.bcd_hex) for bcd_hex
    rtc.o(i.WriteRTC) refers to calculate.o(i.YMDCalculateW) for YMDCalculateW
    rtc.o(i.WriteRTC) refers to rtc.o(i.RX8025T_Write) for RX8025T_Write
    rtc.o(i.WriteRTC) refers to stm32f4xx_rtc.o(i.Write_STM32F4xx_RTC) for Write_STM32F4xx_RTC
    24aa02e48.o(i.Read_24AA02E48) refers to io_i2c.o(i.IOI2C_Start) for IOI2C_Start
    24aa02e48.o(i.Read_24AA02E48) refers to io_i2c.o(i.IOI2C_Write) for IOI2C_Write
    24aa02e48.o(i.Read_24AA02E48) refers to io_i2c.o(i.IOI2C_ReStart) for IOI2C_ReStart
    24aa02e48.o(i.Read_24AA02E48) refers to io_i2c.o(i.IOI2C_ReadAck) for IOI2C_ReadAck
    24aa02e48.o(i.Read_24AA02E48) refers to io_i2c.o(i.IOI2C_ReadNoAck) for IOI2C_ReadNoAck
    24aa02e48.o(i.Read_24AA02E48) refers to io_i2c.o(i.IOI2C_Stop) for IOI2C_Stop
    button.o(i.Button) refers to stm32f4xx_io.o(i.Pin_Read) for Pin_Read
    button.o(i.Button) refers to extern_mrw.o(i.MRR) for MRR
    button.o(i.Button) refers to extern_mrw.o(i.MWR) for MWR
    button.o(i.Button) refers to extern_mrw.o(i.MC) for MC
    button.o(i.Button) refers to os.o(i.Get_os) for Get_os
    button.o(i.Button) refers to extern_mrw.o(i.ME) for ME
    button.o(i.ButtonInit) refers to stm32f4xx_io.o(i.Pin_Configure) for Pin_Configure
    ic_tesam.o(i.TESAM_CMD_TxRx) refers to ic_tesam.o(i.TESAM_RXTX) for TESAM_RXTX
    ic_tesam.o(i.TESAM_CMD_TxRx) refers to extern_mrw.o(i.MR) for MR
    ic_tesam.o(i.TESAM_RXTX) refers to stm32f4xx_spi.o(i.UnInit_SPI1) for UnInit_SPI1
    ic_tesam.o(i.TESAM_RXTX) refers to stm32f4xx_io.o(i.Pin_Configure) for Pin_Configure
    ic_tesam.o(i.TESAM_RXTX) refers to stm32f4xx_spi.o(i.Init_SPI1) for Init_SPI1
    ic_tesam.o(i.TESAM_RXTX) refers to stm32f4xx_softdelay.o(i.SoftDelayUS) for SoftDelayUS
    ic_tesam.o(i.TESAM_RXTX) refers to stm32f4xx_io.o(i.Pin_OutL) for Pin_OutL
    ic_tesam.o(i.TESAM_RXTX) refers to ic_tesam.o(i.Wait_SPI1_ByteTx) for Wait_SPI1_ByteTx
    ic_tesam.o(i.TESAM_RXTX) refers to stm32f4xx_io.o(i.Pin_OutH) for Pin_OutH
    ic_tesam.o(i.TESAM_RXTX) refers to extern_mrw.o(i.MC) for MC
    ic_tesam.o(i.Wait_SPI1_ByteTx) refers to stm32f4xx_rcc.o(i.RCC_GetHCLKFreq) for RCC_GetHCLKFreq
    lan8720a.o(i.ETH_PHY_CR) refers to stm32f4xx_rcc.o(i.RCC_GetHCLKFreq) for RCC_GetHCLKFreq
    lan8720a.o(i.Init_LAN8720A) refers to lan8720a.o(i.Write_ETH_PHYReg) for Write_ETH_PHYReg
    lan8720a.o(i.Read_ETH_PHYReg) refers to lan8720a.o(i.ETH_PHY_CR) for ETH_PHY_CR
    lan8720a.o(i.Read_ETH_PHYReg) refers to stm32f4xx_rcc.o(i.RCC_GetHCLKFreq) for RCC_GetHCLKFreq
    lan8720a.o(i.Write_ETH_PHYReg) refers to lan8720a.o(i.ETH_PHY_CR) for ETH_PHY_CR
    lan8720a.o(i.Write_ETH_PHYReg) refers to stm32f4xx_rcc.o(i.RCC_GetHCLKFreq) for RCC_GetHCLKFreq
    os.o(i.Init_MS_AfterOS) refers to fsapp.o(i.Init_FS) for Init_FS
    os.o(i.Init_MS_AfterOS) refers to log.o(i.Init_LOG) for Init_LOG
    my_heap.o(i.ms_calloc) refers to my_heap.o(i.ms_malloc) for ms_malloc
    my_heap.o(i.ms_free) refers to my_heap.o(i.Del_Alloc) for Del_Alloc
    my_heap.o(i.ms_free) refers to stm32f4xx_wdg.o(i.WWDT_RESET) for WWDT_RESET
    my_heap.o(i.ms_malloc) refers to my_heap.o(i.Insert_Alloc) for Insert_Alloc
    my_heap.o(i.ms_realloc) refers to my_heap.o(i.ms_free) for ms_free
    my_heap.o(i.ms_realloc) refers to my_heap.o(i.ms_malloc) for ms_malloc
    my_heap.o(i.ms_realloc_sizemax) refers to my_heap.o(i.ms_malloc_sizemax) for ms_malloc_sizemax
    display.o(i.DispalyStringContinue) refers to display.o(i.LanguageString) for LanguageString
    display.o(i.DispalyStringOnlyOneRow) refers to display.o(i.LanguageString) for LanguageString
    display.o(i.DisplayData_OffZero) refers to display.o(i.DisplayData) for DisplayData
    display.o(i.DisplayMenuString) refers to display.o(i.LanguageString) for LanguageString
    display.o(i.DisplayRATE) refers to calculate.o(i.hex_bcd) for hex_bcd
    display.o(i.DisplayRATE) refers to display.o(i.DisplayData_OffZero) for DisplayData_OffZero
    display.o(i.DisplayRATE) refers to extern_mrw.o(i.LCDDataOut) for LCDDataOut
    display.o(i.DisplayRam) refers to display.o(i.DisplayData) for DisplayData
    display.o(i.DisplayScrollUp) refers to display.o(i.DisplayClrRow) for DisplayClrRow
    display.o(i.DisplayString) refers to display.o(i.LanguageString) for LanguageString
    display.o(i.DisplayStringAutoUp) refers to display.o(i.LanguageString) for LanguageString
    display.o(i.DisplayStringAutoUp) refers to display.o(i.DisplayUpRow) for DisplayUpRow
    display.o(i.DisplayStringAutoUp) refers to display.o(i.DisplayClrRow) for DisplayClrRow
    display.o(i.DisplayStringAutoUp) refers to extern_mrw.o(i.LCDDataOut) for LCDDataOut
    display.o(i.DisplayUpRow) refers to display.o(i.DisplayClrRow) for DisplayClrRow
    calculate.o(i.ASCII_HEX) refers to calculate.o(i.bcd_hex) for bcd_hex
    calculate.o(i.Check_HMS) refers to calculate.o(i.Check_BCD) for Check_BCD
    calculate.o(i.Check_YMD) refers to calculate.o(i.Check_BCD) for Check_BCD
    calculate.o(i.Check_YMD) refers to calculate.o(i.bcd_hex) for bcd_hex
    calculate.o(i.Check_YMD) refers to calculate.o(.constdata) for MothVSDate
    calculate.o(i.Check_YMDHMS) refers to calculate.o(i.Check_HMS) for Check_HMS
    calculate.o(i.Check_YMDHMS) refers to calculate.o(i.Check_YMD) for Check_YMD
    calculate.o(i.Check_YYMDHMS_hex) refers to calculate.o(i.Check_HMS_hex) for Check_HMS_hex
    calculate.o(i.Check_YYMDHMS_hex) refers to calculate.o(i.Check_YYMD_hex) for Check_YYMD_hex
    calculate.o(i.Check_YYMD_hex) refers to calculate.o(.constdata) for MothVSDate
    calculate.o(i.Check_pYYMDHMS_hex) refers to calculate.o(i.Check_YYMD_hex) for Check_YYMD_hex
    calculate.o(i.DataComp) refers to extern_mrw.o(i.MRR) for MRR
    calculate.o(i.HEX_ASCII) refers to calculate.o(i.hex_bcd) for hex_bcd
    calculate.o(i.HEX_ASCII) refers to calculate.o(i.BCD_ASCII) for BCD_ASCII
    calculate.o(i.IP4_HEX_ASCII) refers to calculate.o(i.hex_bcd) for hex_bcd
    calculate.o(i.IP_ASCII_HEX) refers to calculate.o(i.IP_ASCII_START) for IP_ASCII_START
    calculate.o(i.IP_ASCII_HEX) refers to calculate.o(i.ASCII_HEX) for ASCII_HEX
    calculate.o(i.TimeDifference) refers to calculate.o(i.Check_HMS) for Check_HMS
    calculate.o(i.TimeDifference) refers to calculate.o(i.Check_YMD) for Check_YMD
    calculate.o(i.TimeDifference) refers to calculate.o(i.YMDHMS_Sec) for YMDHMS_Sec
    calculate.o(i.YMDCalculateW) refers to calculate.o(i.bcd_hex) for bcd_hex
    calculate.o(i.YMDCalculateW) refers to calculate.o(i.hex_bcd) for hex_bcd
    calculate.o(i.YMDHMS_AddS) refers to calculate.o(i.bcd_hex) for bcd_hex
    calculate.o(i.YMDHMS_AddS) refers to calculate.o(i.YMDHM_AddM) for YMDHM_AddM
    calculate.o(i.YMDHMS_AddS) refers to calculate.o(i.hex_bcd) for hex_bcd
    calculate.o(i.YMDHMS_Sec) refers to calculate.o(i.bcd_hex) for bcd_hex
    calculate.o(i.YMDHMS_Sec) refers to calculate.o(.constdata) for MothVSDate
    calculate.o(i.YMDHMS_Sub) refers to calculate.o(i.Check_YMDHMS) for Check_YMDHMS
    calculate.o(i.YMDHMS_Sub) refers to calculate.o(i.YMDHMS_Sec) for YMDHMS_Sec
    calculate.o(i.YMDHMS_SubS) refers to calculate.o(i.bcd_hex) for bcd_hex
    calculate.o(i.YMDHMS_SubS) refers to calculate.o(i.YMDHM_SubM) for YMDHM_SubM
    calculate.o(i.YMDHMS_SubS) refers to calculate.o(i.hex_bcd) for hex_bcd
    calculate.o(i.YMDHM_AddM) refers to calculate.o(i.bcd_hex) for bcd_hex
    calculate.o(i.YMDHM_AddM) refers to calculate.o(i.YMD_Add1D) for YMD_Add1D
    calculate.o(i.YMDHM_AddM) refers to calculate.o(i.hex_bcd) for hex_bcd
    calculate.o(i.YMDHM_SubM) refers to calculate.o(i.YMD_Sub1D) for YMD_Sub1D
    calculate.o(i.YMDHM_SubM) refers to calculate.o(i.bcd_hex) for bcd_hex
    calculate.o(i.YMDHM_SubM) refers to calculate.o(i.YMD_Add1D) for YMD_Add1D
    calculate.o(i.YMDHM_SubM) refers to calculate.o(i.hex_bcd) for hex_bcd
    calculate.o(i.YMDH_AddH) refers to calculate.o(i.YMDHM_AddM) for YMDHM_AddM
    calculate.o(i.YMDH_SubH) refers to calculate.o(i.YMDHM_SubM) for YMDHM_SubM
    calculate.o(i.YMD_Add1D) refers to calculate.o(i.bcd_hex) for bcd_hex
    calculate.o(i.YMD_Add1D) refers to calculate.o(i.hex_bcd) for hex_bcd
    calculate.o(i.YMD_Add1D) refers to calculate.o(.constdata) for MothVSDate
    calculate.o(i.YMD_Sub1D) refers to calculate.o(i.bcd_hex) for bcd_hex
    calculate.o(i.YMD_Sub1D) refers to calculate.o(i.hex_bcd) for hex_bcd
    calculate.o(i.YMD_Sub1D) refers to calculate.o(.constdata) for MothVSDate
    calculate.o(i.YM_Add1M) refers to calculate.o(i.bcd_hex) for bcd_hex
    calculate.o(i.YM_Add1M) refers to calculate.o(i.hex_bcd) for hex_bcd
    calculate.o(i.YM_D) refers to calculate.o(i.bcd_hex) for bcd_hex
    calculate.o(i.YM_D) refers to calculate.o(.constdata) for MothVSDate
    calculate.o(i.YM_Sub1M) refers to calculate.o(i.bcd_hex) for bcd_hex
    calculate.o(i.YM_Sub1M) refers to calculate.o(i.hex_bcd) for hex_bcd
    calculate.o(i.YYMDHMS_AddS_hex) refers to calculate.o(i.YYMDHM_AddM_hex) for YYMDHM_AddM_hex
    calculate.o(i.YYMDHMS_Sec_hex) refers to calculate.o(.constdata) for MothVSDate
    calculate.o(i.YYMDHMS_SubS_hex) refers to calculate.o(i.YYMDHM_SubM_hex) for YYMDHM_SubM_hex
    calculate.o(i.YYMDHMS_Sub_hex) refers to calculate.o(i.Check_HMS_hex) for Check_HMS_hex
    calculate.o(i.YYMDHMS_Sub_hex) refers to calculate.o(i.Check_YYMD_hex) for Check_YYMD_hex
    calculate.o(i.YYMDHMS_Sub_hex) refers to calculate.o(i.YYMDHMS_Sec_hex) for YYMDHMS_Sec_hex
    calculate.o(i.YYMDHM_AddM_hex) refers to calculate.o(i.YYMD_Add1D_hex) for YYMD_Add1D_hex
    calculate.o(i.YYMDHM_SubM_hex) refers to calculate.o(i.YYMD_Sub1D_hex) for YYMD_Sub1D_hex
    calculate.o(i.YYMDHM_SubM_hex) refers to calculate.o(i.YYMD_Add1D_hex) for YYMD_Add1D_hex
    calculate.o(i.YYMDH_AddH_hex) refers to calculate.o(i.YYMDHM_AddM_hex) for YYMDHM_AddM_hex
    calculate.o(i.YYMDH_SubH) refers to calculate.o(i.YYMDHM_SubM_hex) for YYMDHM_SubM_hex
    calculate.o(i.YYMD_Add1D_hex) refers to calculate.o(.constdata) for MothVSDate
    calculate.o(i.YYMD_Sub1D_hex) refers to calculate.o(.constdata) for MothVSDate
    calculate.o(i.YYM_D_hex) refers to calculate.o(.constdata) for MothVSDate
    calculate.o(i.bcd_add) refers to calculate.o(i.bcd_hex) for bcd_hex
    calculate.o(i.bcd_add) refers to calculate.o(i.hex_bcd) for hex_bcd
    calculate.o(i.hex_bcd16) refers to lludivv7m.o(.text) for __aeabi_uldivmod
    calculate.o(i.pYYMDHMS_AddS_hex) refers to calculate.o(i.YYMDHM_AddM_hex) for YYMDHM_AddM_hex
    calculate.o(i.pYYMDHMS_SubS_hex) refers to calculate.o(i.YYMDHM_SubM_hex) for YYMDHM_SubM_hex
    menu.o(i.Arrowhead) refers to menu.o(i.DownArrow) for DownArrow
    menu.o(i.Arrowhead) refers to menu.o(i.UpArrow) for UpArrow
    menu.o(i.DisplayMenu) refers to display.o(i.DisplayClr) for DisplayClr
    menu.o(i.DisplayMenu) refers to draw.o(i.Draw_Clr) for Draw_Clr
    menu.o(i.DisplayMenu) refers to display.o(i.DispalyStringOnlyOneRow) for DispalyStringOnlyOneRow
    menu.o(i.DisplayMenu) refers to display.o(i.DispalyAlign) for DispalyAlign
    menu.o(i.DisplayMenu) refers to display.o(i.DisplayMenuString) for DisplayMenuString
    menu.o(i.DownArrow) refers to display.o(i.DisplayString) for DisplayString
    menu.o(i.Event) refers to extern_mrw.o(i.MC) for MC
    menu.o(i.Event) refers to extern_mrw.o(i.MRR) for MRR
    menu.o(i.KeyboardSelect) refers to menu.o(i.NegativeLnCol) for NegativeLnCol
    menu.o(i.KeyboardSelect) refers to display.o(i.DisplayString) for DisplayString
    menu.o(i.KeyboardSelect) refers to menu.o(i.MenuDel) for MenuDel
    menu.o(i.LeftArrow) refers to display.o(i.DisplayString) for DisplayString
    menu.o(i.MenuSelect) refers to menu.o(i.MenuNegative) for MenuNegative
    menu.o(i.MeterPnCompare) refers to extern_mrw.o(i.MRR) for MRR
    menu.o(i.NdigitSelect) refers to menu.o(i.p8_bcd) for p8_bcd
    menu.o(i.NdigitSelect) refers to menu.o(i.p8_add1) for p8_add1
    menu.o(i.NdigitSelect) refers to menu.o(i.bcd_p8) for bcd_p8
    menu.o(i.NdigitSelect) refers to menu.o(i.p8_sub1) for p8_sub1
    menu.o(i.NdigitSelect) refers to display.o(i.DisplayString) for DisplayString
    menu.o(i.NdigitSelect) refers to menu.o(i.Select) for Select
    menu.o(i.NdigitSelect) refers to menu.o(i.UpDownSelect) for UpDownSelect
    menu.o(i.PowerP16) refers to display.o(i.DisplayData_OffZero) for DisplayData_OffZero
    menu.o(i.PowerP16) refers to display.o(i.DisplayData) for DisplayData
    menu.o(i.RightArrow) refers to display.o(i.DisplayString) for DisplayString
    menu.o(i.Select) refers to menu.o(i.NegativeLnCol) for NegativeLnCol
    menu.o(i.SelectH) refers to menu.o(i.NegativeLnCol) for NegativeLnCol
    menu.o(i.UpArrow) refers to display.o(i.DisplayString) for DisplayString
    menu.o(i.UpDownSelect) refers to display.o(i.DisplayString) for DisplayString
    menu.o(i.UpDownSelect) refers to menu.o(i.NegativeLnCol) for NegativeLnCol
    menu.o(i.UpDownSelectH) refers to display.o(i.DisplayString) for DisplayString
    menu.o(i.UpDownSelectH) refers to menu.o(i.NegativeLnCol) for NegativeLnCol
    menu.o(i.bcd_p16) refers to lludivv7m.o(.text) for __aeabi_uldivmod
    menu.o(i.bcd_p8) refers to lludivv7m.o(.text) for __aeabi_uldivmod
    test_sdram.o(i.MY_SDRAM_Init) refers to stm32f4xx_ll_fmc.o(i.FMC_SDRAM_Init) for FMC_SDRAM_Init
    test_sdram.o(i.MY_SDRAM_Init) refers to stm32f4xx_ll_fmc.o(i.FMC_SDRAM_Timing_Init) for FMC_SDRAM_Timing_Init
    test_sdram.o(i.SDRAM_FMC_Init) refers to test_sdram.o(i.MY_SDRAM_Init) for MY_SDRAM_Init
    test_sdram.o(i.SDRAM_FMC_Init) refers to test_sdram.o(.bss) for SdramTiming
    test_sdram.o(i.Test_SDRAM) refers to stm32f4xx_wdg.o(i.WWDT_Enable_Feed) for WWDT_Enable_Feed
    test_sdram.o(i.Test_SDRAM) refers to display.o(i.DisplayStringAutoUp) for DisplayStringAutoUp
    test_sdram.o(i.Test_SDRAM) refers to test_sdram.o(i.SDRAM_FMC_Init) for SDRAM_FMC_Init
    test_sdram.o(i.Test_SDRAM) refers to test_ram.o(i.RAM_Test) for RAM_Test
    test_sdram.o(i.Test_SDRAM) refers to extern_mrw.o(i.MW) for MW
    test_sdram.o(i.Test_SDRAM) refers to display.o(i.DisplayString) for DisplayString
    test_sdram.o(i.Test_SDRAM) refers to test_sdram.o(.bss) for SdramTiming
    stm32f4xx_dma.o(i.DMA_UARTn_RX) refers to stm32f4xx_dma.o(i.DMAx_STREAMx_CHx_RX) for DMAx_STREAMx_CHx_RX
    stm32f4xx_dma.o(i.DMA_UARTn_RX_Pointer) refers to stm32f4xx_dma.o(i.DMAx_STREAMx_CHx_RX) for DMAx_STREAMx_CHx_RX
    stm32f4xx_dma.o(i.DMA_UARTn_RX_Pointer) refers to stm32f4xx_uart.o(i.Get_ADDR_UARTn) for Get_ADDR_UARTn
    stm32f4xx_dma.o(i.DMA_UARTn_RX_Pointer) refers to stm32f4xx_uart.o(i.Get_LEN_UARTnIntRx) for Get_LEN_UARTnIntRx
    stm32f4xx_dma.o(i.DMA_UARTn_RX_Pointer) refers to stm32f4xx_uart.o(i.Init_UARTn) for Init_UARTn
    stm32f4xx_dma.o(i.DMA_UARTn_TX) refers to stm32f4xx_dma.o(i.DMAx_STREAMx_CHx_TX) for DMAx_STREAMx_CHx_TX
    stm32f4xx_dma.o(i.DMA_UARTn_TX) refers to stm32f4xx_dma.o(i.NVIC_SetPriority) for NVIC_SetPriority
    stm32f4xx_dma.o(i.DMA_UARTn_TX) refers to stm32f4xx_dma.o(i.NVIC_EnableIRQ) for NVIC_EnableIRQ
    stm32f4xx_dma.o(i.Wait_DMA_UARTn_TX) refers to stm32f4xx_dma.o(i.DMAx_STREAMx_CHx_TX) for DMAx_STREAMx_CHx_TX
    stm32f4xx_rtc.o(i.Init_STM32F4xx_RTC) refers to stm32f4xx_softdelay.o(i.SoftDelayMS) for SoftDelayMS
    stm32f4xx_rtc.o(i.Init_STM32F4xx_RTC) refers to stm32f4xx_rtc.o(i.SyncERTC) for SyncERTC
    stm32f4xx_rtc.o(i.SyncERTC) refers to rtc.o(i.RX8025T_Read) for RX8025T_Read
    stm32f4xx_rtc.o(i.SyncERTC) refers to calculate.o(i.BitLoca) for BitLoca
    stm32f4xx_rtc.o(i.SyncERTC) refers to stm32f4xx_rtc.o(i.Write_STM32F4xx_RTC) for Write_STM32F4xx_RTC
    stm32f4xx_rtc.o(i.SyncIRTC) refers to stm32f4xx_rtc.o(i.Read_STM32F4xx_RTC) for Read_STM32F4xx_RTC
    stm32f4xx_rtc.o(i.SyncIRTC) refers to rtc.o(i.WriteRTC) for WriteRTC
    stm32f4xx_rtc.o(i.Write_STM32F4xx_RTC) refers to calculate.o(i.YMDCalculateW) for YMDCalculateW
    stm32f4xx_rtc.o(i.Write_STM32F4xx_RTC) refers to stm32f4xx_softdelay.o(i.SoftDelayMS) for SoftDelayMS
    stm32f4xx_exti.o(i.Enable_EXTI) refers to stm32f4xx_exti.o(i.NVIC_EnableIRQ) for NVIC_EnableIRQ
    fsapp.o(i.Init_FS) refers to fsapp.o(i.__Init_FS) for __Init_FS
    fsapp.o(i.Init_FS) refers to nand.o(i.BlockErase_NAND) for BlockErase_NAND
    fsapp.o(i.Init_FS) refers to display.o(i.DisplayStringAutoUp) for DisplayStringAutoUp
    fsapp.o(i.__Init_FS) refers to os.o(i.Get_os) for Get_os
    fsapp.o(i.__Init_FS) refers to display.o(i.DisplayStringAutoUp) for DisplayStringAutoUp
    daddsub_clz.o(x$fpl$dadd) refers (Special) to usenofp.o(x$fpl$usenofp) for __I$use$fp
    daddsub_clz.o(x$fpl$dadd) refers to daddsub_clz.o(x$fpl$dsub) for _dsub1
    daddsub_clz.o(x$fpl$dadd) refers to dretinf.o(x$fpl$dretinf) for __fpl_dretinf
    daddsub_clz.o(x$fpl$dadd) refers to dnaninf.o(x$fpl$dnaninf) for __fpl_dnaninf
    daddsub_clz.o(x$fpl$drsb) refers (Special) to usenofp.o(x$fpl$usenofp) for __I$use$fp
    daddsub_clz.o(x$fpl$drsb) refers to daddsub_clz.o(x$fpl$dadd) for _dadd1
    daddsub_clz.o(x$fpl$drsb) refers to daddsub_clz.o(x$fpl$dsub) for _dsub1
    daddsub_clz.o(x$fpl$dsub) refers (Special) to usenofp.o(x$fpl$usenofp) for __I$use$fp
    daddsub_clz.o(x$fpl$dsub) refers to daddsub_clz.o(x$fpl$dadd) for _dadd1
    daddsub_clz.o(x$fpl$dsub) refers to dnaninf.o(x$fpl$dnaninf) for __fpl_dnaninf
    ddiv.o(x$fpl$drdiv) refers (Special) to usenofp.o(x$fpl$usenofp) for __I$use$fp
    ddiv.o(x$fpl$drdiv) refers to ddiv.o(x$fpl$ddiv) for ddiv_entry
    ddiv.o(x$fpl$ddiv) refers (Special) to usenofp.o(x$fpl$usenofp) for __I$use$fp
    ddiv.o(x$fpl$ddiv) refers to dretinf.o(x$fpl$dretinf) for __fpl_dretinf
    ddiv.o(x$fpl$ddiv) refers to dnaninf.o(x$fpl$dnaninf) for __fpl_dnaninf
    dfixu.o(x$fpl$dfixu) refers (Special) to usenofp.o(x$fpl$usenofp) for __I$use$fp
    dfixu.o(x$fpl$dfixu) refers to dnaninf.o(x$fpl$dnaninf) for __fpl_dnaninf
    dfixu.o(x$fpl$dfixur) refers (Special) to usenofp.o(x$fpl$usenofp) for __I$use$fp
    dfixu.o(x$fpl$dfixur) refers to dnaninf.o(x$fpl$dnaninf) for __fpl_dnaninf
    dflt_clz.o(x$fpl$dfltu) refers (Special) to usenofp.o(x$fpl$usenofp) for __I$use$fp
    dflt_clz.o(x$fpl$dflt) refers (Special) to usenofp.o(x$fpl$usenofp) for __I$use$fp
    dflt_clz.o(x$fpl$dfltn) refers (Special) to usenofp.o(x$fpl$usenofp) for __I$use$fp
    dmul.o(x$fpl$dmul) refers (Special) to usenofp.o(x$fpl$usenofp) for __I$use$fp
    dmul.o(x$fpl$dmul) refers to dretinf.o(x$fpl$dretinf) for __fpl_dretinf
    dmul.o(x$fpl$dmul) refers to dnaninf.o(x$fpl$dnaninf) for __fpl_dnaninf
    aeabi_ldiv0_sigfpe.o(.text) refers to rt_div0.o(.text) for __rt_div0
    dnaninf.o(x$fpl$dnaninf) refers (Special) to usenofp.o(x$fpl$usenofp) for __I$use$fp
    dretinf.o(x$fpl$dretinf) refers (Special) to usenofp.o(x$fpl$usenofp) for __I$use$fp
    rt_div0.o(.text) refers to defsig_fpe_outer.o(.text) for __rt_SIGFPE
    defsig_fpe_outer.o(.text) refers to defsig_fpe_inner.o(.text) for __rt_SIGFPE_inner
    defsig_fpe_outer.o(.text) refers to defsig_exit.o(.text) for __sig_exit
    defsig_fpe_formal.o(.text) refers to rt_raise.o(.text) for __rt_raise
    rt_raise.o(.text) refers to __raise.o(.text) for __raise
    rt_raise.o(.text) refers to sys_exit.o(.text) for _sys_exit
    defsig_exit.o(.text) refers to sys_exit.o(.text) for _sys_exit
    defsig_fpe_inner.o(.text) refers to defsig_general.o(.text) for __default_signal_display
    sys_exit.o(.text) refers (Special) to use_no_semi.o(.text) for __I$use$semihosting
    sys_exit.o(.text) refers (Special) to indicate_semi.o(.text) for __semihosting_library_function
    __raise.o(.text) refers to defsig.o(CL$$defsig) for __default_signal_handler
    defsig_general.o(.text) refers to sys_wrch.o(.text) for _ttywrch
    sys_wrch.o(.text) refers (Special) to use_no_semi.o(.text) for __I$use$semihosting
    sys_wrch.o(.text) refers (Special) to indicate_semi.o(.text) for __semihosting_library_function
    defsig.o(CL$$defsig) refers to defsig_fpe_inner.o(.text) for __rt_SIGFPE_inner
    defsig_abrt_inner.o(.text) refers to defsig_general.o(.text) for __default_signal_display
    defsig_rtred_inner.o(.text) refers to defsig_general.o(.text) for __default_signal_display
    defsig_rtmem_inner.o(.text) refers to defsig_general.o(.text) for __default_signal_display
    defsig_stak_inner.o(.text) refers to defsig_general.o(.text) for __default_signal_display
    defsig_pvfn_inner.o(.text) refers to defsig_general.o(.text) for __default_signal_display
    defsig_cppl_inner.o(.text) refers to defsig_general.o(.text) for __default_signal_display
    defsig_segv_inner.o(.text) refers to defsig_general.o(.text) for __default_signal_display
    defsig_other.o(.text) refers to defsig_general.o(.text) for __default_signal_display


==============================================================================

Removing Unused input sections from the image.

    Removing test_main.o(.rev16_text), (4 bytes).
    Removing test_main.o(.revsh_text), (4 bytes).
    Removing test_main.o(.rrx_text), (6 bytes).
    Removing test_init.o(.rev16_text), (4 bytes).
    Removing test_init.o(.revsh_text), (4 bytes).
    Removing test_init.o(.rrx_text), (6 bytes).
    Removing test_ver.o(.rev16_text), (4 bytes).
    Removing test_ver.o(.revsh_text), (4 bytes).
    Removing test_ver.o(.rrx_text), (6 bytes).
    Removing testreport.o(.rev16_text), (4 bytes).
    Removing testreport.o(.revsh_text), (4 bytes).
    Removing testreport.o(.rrx_text), (6 bytes).
    Removing testreport.o(i.Data_ASCII), (62 bytes).
    Removing testreport.o(i.Report_txt), (304 bytes).
    Removing testreport.o(i.TestReport), (124 bytes).
    Removing testreport.o(i.TestReport_24AA02E48), (168 bytes).
    Removing testreport.o(i.TestReport_90E36), (392 bytes).
    Removing testreport.o(i.TestReport_ESAM), (316 bytes).
    Removing testreport.o(i.TestReport_IN), (340 bytes).
    Removing testreport.o(i.TestReport_KEY), (100 bytes).
    Removing testreport.o(i.TestReport_LAN8720A), (432 bytes).
    Removing testreport.o(i.TestReport_MT29FxG_NAND), (1248 bytes).
    Removing testreport.o(i.TestReport_POWER), (744 bytes).
    Removing testreport.o(i.TestReport_POWER_DOWN), (392 bytes).
    Removing testreport.o(i.TestReport_RTC), (392 bytes).
    Removing testreport.o(i.TestReport_SDRAM), (584 bytes).
    Removing testreport.o(i.TestReport_STM32F4xx), (668 bytes).
    Removing testreport.o(i.TestReport_UART), (740 bytes).
    Removing testreport.o(i.TestReport_UART_BPS), (264 bytes).
    Removing testreport.o(.conststring), (676 bytes).
    Removing test.o(.rev16_text), (4 bytes).
    Removing test.o(.revsh_text), (4 bytes).
    Removing test.o(.rrx_text), (6 bytes).
    Removing test_ram.o(.rev16_text), (4 bytes).
    Removing test_ram.o(.revsh_text), (4 bytes).
    Removing test_ram.o(.rrx_text), (6 bytes).
    Removing test_power.o(.rev16_text), (4 bytes).
    Removing test_power.o(.revsh_text), (4 bytes).
    Removing test_power.o(.rrx_text), (6 bytes).
    Removing test_stm32f4xx.o(.rev16_text), (4 bytes).
    Removing test_stm32f4xx.o(.revsh_text), (4 bytes).
    Removing test_stm32f4xx.o(.rrx_text), (6 bytes).
    Removing test_mt29fxg_nand.o(.rev16_text), (4 bytes).
    Removing test_mt29fxg_nand.o(.revsh_text), (4 bytes).
    Removing test_mt29fxg_nand.o(.rrx_text), (6 bytes).
    Removing test_s34mlxg_nand.o(.rev16_text), (4 bytes).
    Removing test_s34mlxg_nand.o(.revsh_text), (4 bytes).
    Removing test_s34mlxg_nand.o(.rrx_text), (6 bytes).
    Removing test_flash_block_err.o(.rev16_text), (4 bytes).
    Removing test_flash_block_err.o(.revsh_text), (4 bytes).
    Removing test_flash_block_err.o(.rrx_text), (6 bytes).
    Removing test_flash_life.o(.rev16_text), (4 bytes).
    Removing test_flash_life.o(.revsh_text), (4 bytes).
    Removing test_flash_life.o(.rrx_text), (6 bytes).
    Removing test_90e36.o(.rev16_text), (4 bytes).
    Removing test_90e36.o(.revsh_text), (4 bytes).
    Removing test_90e36.o(.rrx_text), (6 bytes).
    Removing test_rtc.o(.rev16_text), (4 bytes).
    Removing test_rtc.o(.revsh_text), (4 bytes).
    Removing test_rtc.o(.rrx_text), (6 bytes).
    Removing test_rtc.o(i.Test_DS3231_Read), (220 bytes).
    Removing test_lan8720a.o(.rev16_text), (4 bytes).
    Removing test_lan8720a.o(.revsh_text), (4 bytes).
    Removing test_lan8720a.o(.rrx_text), (6 bytes).
    Removing test_uart.o(.rev16_text), (4 bytes).
    Removing test_uart.o(.revsh_text), (4 bytes).
    Removing test_uart.o(.rrx_text), (6 bytes).
    Removing test_eth.o(.rev16_text), (4 bytes).
    Removing test_eth.o(.revsh_text), (4 bytes).
    Removing test_eth.o(.rrx_text), (6 bytes).
    Removing test_gprs.o(.rev16_text), (4 bytes).
    Removing test_gprs.o(.revsh_text), (4 bytes).
    Removing test_gprs.o(.rrx_text), (6 bytes).
    Removing test_gprs.o(.emb_text), (1364 bytes).
    Removing test_gprs.o(i.ATRxSearch), (168 bytes).
    Removing test_gprs.o(i.GPRS_3763_AT_Rx), (2 bytes).
    Removing test_gprs.o(i.GPRS_3763_AT_RxTx), (176 bytes).
    Removing test_gprs.o(i.GPRS_3763_AT_Tx), (2 bytes).
    Removing test_gprs.o(i.GPRS_3763_NextATCount), (80 bytes).
    Removing test_gprs.o(i.GPRS_3763_RxTx), (668 bytes).
    Removing test_gprs.o(i.GPRS_Signal), (116 bytes).
    Removing test_gprs.o(i.GetATRxByte), (56 bytes).
    Removing test_gprs.o(i.GetATRxString), (244 bytes).
    Removing test_gprs.o(i.LineATIntRx), (60 bytes).
    Removing test_gprs.o(i.UnInit_GPRS_3763), (48 bytes).
    Removing test_local_module.o(.rev16_text), (4 bytes).
    Removing test_local_module.o(.revsh_text), (4 bytes).
    Removing test_local_module.o(.rrx_text), (6 bytes).
    Removing test_local_module.o(i.Test_LOCAL_MODULE), (168 bytes).
    Removing test_contrl_module.o(.rev16_text), (4 bytes).
    Removing test_contrl_module.o(.revsh_text), (4 bytes).
    Removing test_contrl_module.o(.rrx_text), (6 bytes).
    Removing test_esam.o(.rev16_text), (4 bytes).
    Removing test_esam.o(.revsh_text), (4 bytes).
    Removing test_esam.o(.rrx_text), (6 bytes).
    Removing test_24aa02e48.o(.rev16_text), (4 bytes).
    Removing test_24aa02e48.o(.revsh_text), (4 bytes).
    Removing test_24aa02e48.o(.rrx_text), (6 bytes).
    Removing test_inout.o(.rev16_text), (4 bytes).
    Removing test_inout.o(.revsh_text), (4 bytes).
    Removing test_inout.o(.rrx_text), (6 bytes).
    Removing test_key_led_buzzer.o(.rev16_text), (4 bytes).
    Removing test_key_led_buzzer.o(.revsh_text), (4 bytes).
    Removing test_key_led_buzzer.o(.rrx_text), (6 bytes).
    Removing log.o(.rev16_text), (4 bytes).
    Removing log.o(.revsh_text), (4 bytes).
    Removing log.o(.rrx_text), (6 bytes).
    Removing log.o(i.BE_NAND), (18 bytes).
    Removing log.o(i.DR_NAND), (176 bytes).
    Removing log.o(i.DW_NAND), (256 bytes).
    Removing log.o(i.Init_LOG), (256 bytes).
    Removing log.o(i.LOG), (792 bytes).
    Removing log.o(i.LOG_ATRx), (168 bytes).
    Removing log.o(i.LOG_FILE), (604 bytes).
    Removing log.o(i.LOG_LINK), (356 bytes).
    Removing log.o(.constdata), (242 bytes).
    Removing stm32f4xx_hal.o(.rev16_text), (4 bytes).
    Removing stm32f4xx_hal.o(.revsh_text), (4 bytes).
    Removing stm32f4xx_hal.o(.rrx_text), (6 bytes).
    Removing stm32f4xx_hal.o(i.HAL_DBGMCU_DisableDBGSleepMode), (20 bytes).
    Removing stm32f4xx_hal.o(i.HAL_DBGMCU_DisableDBGStandbyMode), (20 bytes).
    Removing stm32f4xx_hal.o(i.HAL_DBGMCU_DisableDBGStopMode), (20 bytes).
    Removing stm32f4xx_hal.o(i.HAL_DBGMCU_EnableDBGSleepMode), (20 bytes).
    Removing stm32f4xx_hal.o(i.HAL_DBGMCU_EnableDBGStandbyMode), (20 bytes).
    Removing stm32f4xx_hal.o(i.HAL_DBGMCU_EnableDBGStopMode), (20 bytes).
    Removing stm32f4xx_hal.o(i.HAL_DeInit), (68 bytes).
    Removing stm32f4xx_hal.o(i.HAL_Delay), (26 bytes).
    Removing stm32f4xx_hal.o(i.HAL_DisableCompensationCell), (28 bytes).
    Removing stm32f4xx_hal.o(i.HAL_DisableMemorySwappingBank), (28 bytes).
    Removing stm32f4xx_hal.o(i.HAL_EnableCompensationCell), (28 bytes).
    Removing stm32f4xx_hal.o(i.HAL_EnableMemorySwappingBank), (24 bytes).
    Removing stm32f4xx_hal.o(i.HAL_GetDEVID), (16 bytes).
    Removing stm32f4xx_hal.o(i.HAL_GetHalVersion), (8 bytes).
    Removing stm32f4xx_hal.o(i.HAL_GetREVID), (12 bytes).
    Removing stm32f4xx_hal.o(i.HAL_IncTick), (16 bytes).
    Removing stm32f4xx_hal.o(i.HAL_Init), (60 bytes).
    Removing stm32f4xx_hal.o(i.HAL_InitTick), (40 bytes).
    Removing stm32f4xx_hal.o(i.HAL_MspDeInit), (2 bytes).
    Removing stm32f4xx_hal.o(i.HAL_MspInit), (2 bytes).
    Removing stm32f4xx_hal.o(i.HAL_ResumeTick), (18 bytes).
    Removing stm32f4xx_hal.o(i.HAL_SuspendTick), (18 bytes).
    Removing stm32f4xx_hal_adc.o(.rev16_text), (4 bytes).
    Removing stm32f4xx_hal_adc.o(.revsh_text), (4 bytes).
    Removing stm32f4xx_hal_adc.o(.rrx_text), (6 bytes).
    Removing stm32f4xx_hal_adc.o(i.ADC_DMAConvCplt), (110 bytes).
    Removing stm32f4xx_hal_adc.o(i.ADC_DMAError), (26 bytes).
    Removing stm32f4xx_hal_adc.o(i.ADC_DMAHalfConvCplt), (14 bytes).
    Removing stm32f4xx_hal_adc.o(i.ADC_Init), (376 bytes).
    Removing stm32f4xx_hal_adc.o(i.HAL_ADC_AnalogWDGConfig), (136 bytes).
    Removing stm32f4xx_hal_adc.o(i.HAL_ADC_ConfigChannel), (412 bytes).
    Removing stm32f4xx_hal_adc.o(i.HAL_ADC_ConvCpltCallback), (2 bytes).
    Removing stm32f4xx_hal_adc.o(i.HAL_ADC_ConvHalfCpltCallback), (2 bytes).
    Removing stm32f4xx_hal_adc.o(i.HAL_ADC_DeInit), (68 bytes).
    Removing stm32f4xx_hal_adc.o(i.HAL_ADC_ErrorCallback), (2 bytes).
    Removing stm32f4xx_hal_adc.o(i.HAL_ADC_GetError), (6 bytes).
    Removing stm32f4xx_hal_adc.o(i.HAL_ADC_GetState), (6 bytes).
    Removing stm32f4xx_hal_adc.o(i.HAL_ADC_GetValue), (8 bytes).
    Removing stm32f4xx_hal_adc.o(i.HAL_ADC_IRQHandler), (372 bytes).
    Removing stm32f4xx_hal_adc.o(i.HAL_ADC_Init), (104 bytes).
    Removing stm32f4xx_hal_adc.o(i.HAL_ADC_LevelOutOfWindowCallback), (2 bytes).
    Removing stm32f4xx_hal_adc.o(i.HAL_ADC_MspDeInit), (2 bytes).
    Removing stm32f4xx_hal_adc.o(i.HAL_ADC_MspInit), (2 bytes).
    Removing stm32f4xx_hal_adc.o(i.HAL_ADC_PollForConversion), (186 bytes).
    Removing stm32f4xx_hal_adc.o(i.HAL_ADC_PollForEvent), (118 bytes).
    Removing stm32f4xx_hal_adc.o(i.HAL_ADC_Start), (256 bytes).
    Removing stm32f4xx_hal_adc.o(i.HAL_ADC_Start_DMA), (328 bytes).
    Removing stm32f4xx_hal_adc.o(i.HAL_ADC_Start_IT), (272 bytes).
    Removing stm32f4xx_hal_adc.o(i.HAL_ADC_Stop), (72 bytes).
    Removing stm32f4xx_hal_adc.o(i.HAL_ADC_Stop_DMA), (108 bytes).
    Removing stm32f4xx_hal_adc.o(i.HAL_ADC_Stop_IT), (88 bytes).
    Removing stm32f4xx_hal_adc_ex.o(.rev16_text), (4 bytes).
    Removing stm32f4xx_hal_adc_ex.o(.revsh_text), (4 bytes).
    Removing stm32f4xx_hal_adc_ex.o(.rrx_text), (6 bytes).
    Removing stm32f4xx_hal_adc_ex.o(i.ADC_MultiModeDMAConvCplt), (110 bytes).
    Removing stm32f4xx_hal_adc_ex.o(i.ADC_MultiModeDMAError), (26 bytes).
    Removing stm32f4xx_hal_adc_ex.o(i.ADC_MultiModeDMAHalfConvCplt), (14 bytes).
    Removing stm32f4xx_hal_adc_ex.o(i.HAL_ADCEx_InjectedConfigChannel), (568 bytes).
    Removing stm32f4xx_hal_adc_ex.o(i.HAL_ADCEx_InjectedConvCpltCallback), (2 bytes).
    Removing stm32f4xx_hal_adc_ex.o(i.HAL_ADCEx_InjectedGetValue), (70 bytes).
    Removing stm32f4xx_hal_adc_ex.o(i.HAL_ADCEx_InjectedPollForConversion), (160 bytes).
    Removing stm32f4xx_hal_adc_ex.o(i.HAL_ADCEx_InjectedStart), (268 bytes).
    Removing stm32f4xx_hal_adc_ex.o(i.HAL_ADCEx_InjectedStart_IT), (280 bytes).
    Removing stm32f4xx_hal_adc_ex.o(i.HAL_ADCEx_InjectedStop), (104 bytes).
    Removing stm32f4xx_hal_adc_ex.o(i.HAL_ADCEx_InjectedStop_IT), (116 bytes).
    Removing stm32f4xx_hal_adc_ex.o(i.HAL_ADCEx_MultiModeConfigChannel), (136 bytes).
    Removing stm32f4xx_hal_adc_ex.o(i.HAL_ADCEx_MultiModeGetValue), (12 bytes).
    Removing stm32f4xx_hal_adc_ex.o(i.HAL_ADCEx_MultiModeStart_DMA), (308 bytes).
    Removing stm32f4xx_hal_adc_ex.o(i.HAL_ADCEx_MultiModeStop_DMA), (112 bytes).
    Removing stm32f4xx_hal_cortex.o(.rev16_text), (4 bytes).
    Removing stm32f4xx_hal_cortex.o(.revsh_text), (4 bytes).
    Removing stm32f4xx_hal_cortex.o(.rrx_text), (6 bytes).
    Removing stm32f4xx_hal_cortex.o(i.HAL_MPU_ConfigRegion), (92 bytes).
    Removing stm32f4xx_hal_cortex.o(i.HAL_NVIC_ClearPendingIRQ), (28 bytes).
    Removing stm32f4xx_hal_cortex.o(i.HAL_NVIC_DisableIRQ), (28 bytes).
    Removing stm32f4xx_hal_cortex.o(i.HAL_NVIC_EnableIRQ), (26 bytes).
    Removing stm32f4xx_hal_cortex.o(i.HAL_NVIC_GetActive), (40 bytes).
    Removing stm32f4xx_hal_cortex.o(i.HAL_NVIC_GetPendingIRQ), (40 bytes).
    Removing stm32f4xx_hal_cortex.o(i.HAL_NVIC_GetPriority), (148 bytes).
    Removing stm32f4xx_hal_cortex.o(i.HAL_NVIC_GetPriorityGrouping), (8 bytes).
    Removing stm32f4xx_hal_cortex.o(i.HAL_NVIC_SetPendingIRQ), (28 bytes).
    Removing stm32f4xx_hal_cortex.o(i.HAL_NVIC_SetPriority), (124 bytes).
    Removing stm32f4xx_hal_cortex.o(i.HAL_NVIC_SetPriorityGrouping), (40 bytes).
    Removing stm32f4xx_hal_cortex.o(i.HAL_NVIC_SystemReset), (44 bytes).
    Removing stm32f4xx_hal_cortex.o(i.HAL_SYSTICK_CLKSourceConfig), (40 bytes).
    Removing stm32f4xx_hal_cortex.o(i.HAL_SYSTICK_Callback), (2 bytes).
    Removing stm32f4xx_hal_cortex.o(i.HAL_SYSTICK_Config), (52 bytes).
    Removing stm32f4xx_hal_cortex.o(i.HAL_SYSTICK_IRQHandler), (8 bytes).
    Removing stm32f4xx_hal_cortex.o(i.NVIC_GetPriorityGrouping), (16 bytes).
    Removing stm32f4xx_hal_cortex.o(i.NVIC_SetPriority), (40 bytes).
    Removing stm32f4xx_hal_dma.o(.rev16_text), (4 bytes).
    Removing stm32f4xx_hal_dma.o(.revsh_text), (4 bytes).
    Removing stm32f4xx_hal_dma.o(.rrx_text), (6 bytes).
    Removing stm32f4xx_hal_dma.o(i.DMA_CalcBaseAndBitshift), (52 bytes).
    Removing stm32f4xx_hal_dma.o(i.DMA_CheckFifoParam), (186 bytes).
    Removing stm32f4xx_hal_dma.o(i.DMA_SetConfig), (44 bytes).
    Removing stm32f4xx_hal_dma.o(i.HAL_DMA_Abort), (170 bytes).
    Removing stm32f4xx_hal_dma.o(i.HAL_DMA_Abort_IT), (40 bytes).
    Removing stm32f4xx_hal_dma.o(i.HAL_DMA_DeInit), (98 bytes).
    Removing stm32f4xx_hal_dma.o(i.HAL_DMA_GetError), (6 bytes).
    Removing stm32f4xx_hal_dma.o(i.HAL_DMA_GetState), (8 bytes).
    Removing stm32f4xx_hal_dma.o(i.HAL_DMA_IRQHandler), (584 bytes).
    Removing stm32f4xx_hal_dma.o(i.HAL_DMA_Init), (232 bytes).
    Removing stm32f4xx_hal_dma.o(i.HAL_DMA_PollForTransfer), (324 bytes).
    Removing stm32f4xx_hal_dma.o(i.HAL_DMA_RegisterCallback), (94 bytes).
    Removing stm32f4xx_hal_dma.o(i.HAL_DMA_Start), (102 bytes).
    Removing stm32f4xx_hal_dma.o(i.HAL_DMA_Start_IT), (158 bytes).
    Removing stm32f4xx_hal_dma.o(i.HAL_DMA_UnRegisterCallback), (124 bytes).
    Removing stm32f4xx_hal_dma.o(.constdata), (8 bytes).
    Removing stm32f4xx_hal_dma_ex.o(.rev16_text), (4 bytes).
    Removing stm32f4xx_hal_dma_ex.o(.revsh_text), (4 bytes).
    Removing stm32f4xx_hal_dma_ex.o(.rrx_text), (6 bytes).
    Removing stm32f4xx_hal_dma_ex.o(i.DMA_MultiBufferSetConfig), (32 bytes).
    Removing stm32f4xx_hal_dma_ex.o(i.HAL_DMAEx_ChangeMemory), (18 bytes).
    Removing stm32f4xx_hal_dma_ex.o(i.HAL_DMAEx_MultiBufferStart), (124 bytes).
    Removing stm32f4xx_hal_dma_ex.o(i.HAL_DMAEx_MultiBufferStart_IT), (4064 bytes).
    Removing stm32f4xx_hal_eth.o(.rev16_text), (4 bytes).
    Removing stm32f4xx_hal_eth.o(.revsh_text), (4 bytes).
    Removing stm32f4xx_hal_eth.o(.rrx_text), (6 bytes).
    Removing stm32f4xx_hal_eth.o(i.ETH_DMAReceptionDisable), (22 bytes).
    Removing stm32f4xx_hal_eth.o(i.ETH_DMAReceptionEnable), (22 bytes).
    Removing stm32f4xx_hal_eth.o(i.ETH_DMATransmissionDisable), (22 bytes).
    Removing stm32f4xx_hal_eth.o(i.ETH_DMATransmissionEnable), (22 bytes).
    Removing stm32f4xx_hal_eth.o(i.ETH_Delay), (40 bytes).
    Removing stm32f4xx_hal_eth.o(i.ETH_FlushTransmitFIFO), (56 bytes).
    Removing stm32f4xx_hal_eth.o(i.ETH_MACAddressConfig), (52 bytes).
    Removing stm32f4xx_hal_eth.o(i.ETH_MACDMAConfig), (580 bytes).
    Removing stm32f4xx_hal_eth.o(i.ETH_MACReceptionDisable), (40 bytes).
    Removing stm32f4xx_hal_eth.o(i.ETH_MACReceptionEnable), (40 bytes).
    Removing stm32f4xx_hal_eth.o(i.ETH_MACTransmissionDisable), (40 bytes).
    Removing stm32f4xx_hal_eth.o(i.ETH_MACTransmissionEnable), (40 bytes).
    Removing stm32f4xx_hal_eth.o(i.HAL_ETH_ConfigDMA), (200 bytes).
    Removing stm32f4xx_hal_eth.o(i.HAL_ETH_ConfigMAC), (320 bytes).
    Removing stm32f4xx_hal_eth.o(i.HAL_ETH_DMARxDescListInit), (140 bytes).
    Removing stm32f4xx_hal_eth.o(i.HAL_ETH_DMATxDescListInit), (132 bytes).
    Removing stm32f4xx_hal_eth.o(i.HAL_ETH_DeInit), (32 bytes).
    Removing stm32f4xx_hal_eth.o(i.HAL_ETH_ErrorCallback), (2 bytes).
    Removing stm32f4xx_hal_eth.o(i.HAL_ETH_GetReceivedFrame), (178 bytes).
    Removing stm32f4xx_hal_eth.o(i.HAL_ETH_GetReceivedFrame_IT), (186 bytes).
    Removing stm32f4xx_hal_eth.o(i.HAL_ETH_GetState), (8 bytes).
    Removing stm32f4xx_hal_eth.o(i.HAL_ETH_IRQHandler), (164 bytes).
    Removing stm32f4xx_hal_eth.o(i.HAL_ETH_Init), (672 bytes).
    Removing stm32f4xx_hal_eth.o(i.HAL_ETH_MspDeInit), (2 bytes).
    Removing stm32f4xx_hal_eth.o(i.HAL_ETH_MspInit), (2 bytes).
    Removing stm32f4xx_hal_eth.o(i.HAL_ETH_ReadPHYRegister), (146 bytes).
    Removing stm32f4xx_hal_eth.o(i.HAL_ETH_RxCpltCallback), (2 bytes).
    Removing stm32f4xx_hal_eth.o(i.HAL_ETH_Start), (82 bytes).
    Removing stm32f4xx_hal_eth.o(i.HAL_ETH_Stop), (82 bytes).
    Removing stm32f4xx_hal_eth.o(i.HAL_ETH_TransmitFrame), (318 bytes).
    Removing stm32f4xx_hal_eth.o(i.HAL_ETH_TxCpltCallback), (2 bytes).
    Removing stm32f4xx_hal_eth.o(i.HAL_ETH_WritePHYRegister), (144 bytes).
    Removing stm32f4xx_hal_gpio.o(.rev16_text), (4 bytes).
    Removing stm32f4xx_hal_gpio.o(.revsh_text), (4 bytes).
    Removing stm32f4xx_hal_gpio.o(.rrx_text), (6 bytes).
    Removing stm32f4xx_hal_gpio.o(i.HAL_GPIO_DeInit), (384 bytes).
    Removing stm32f4xx_hal_gpio.o(i.HAL_GPIO_EXTI_Callback), (2 bytes).
    Removing stm32f4xx_hal_gpio.o(i.HAL_GPIO_EXTI_IRQHandler), (28 bytes).
    Removing stm32f4xx_hal_gpio.o(i.HAL_GPIO_Init), (540 bytes).
    Removing stm32f4xx_hal_gpio.o(i.HAL_GPIO_LockPin), (46 bytes).
    Removing stm32f4xx_hal_gpio.o(i.HAL_GPIO_ReadPin), (16 bytes).
    Removing stm32f4xx_hal_gpio.o(i.HAL_GPIO_TogglePin), (8 bytes).
    Removing stm32f4xx_hal_gpio.o(i.HAL_GPIO_WritePin), (12 bytes).
    Removing stm32f4xx_hal_nand.o(.rev16_text), (4 bytes).
    Removing stm32f4xx_hal_nand.o(.revsh_text), (4 bytes).
    Removing stm32f4xx_hal_nand.o(.rrx_text), (6 bytes).
    Removing stm32f4xx_hal_nand.o(i.HAL_NAND_Address_Inc), (68 bytes).
    Removing stm32f4xx_hal_nand.o(i.HAL_NAND_DeInit), (34 bytes).
    Removing stm32f4xx_hal_nand.o(i.HAL_NAND_ECC_Disable), (38 bytes).
    Removing stm32f4xx_hal_nand.o(i.HAL_NAND_ECC_Enable), (38 bytes).
    Removing stm32f4xx_hal_nand.o(i.HAL_NAND_Erase_Block), (258 bytes).
    Removing stm32f4xx_hal_nand.o(i.HAL_NAND_GetECC), (54 bytes).
    Removing stm32f4xx_hal_nand.o(i.HAL_NAND_GetState), (8 bytes).
    Removing stm32f4xx_hal_nand.o(i.HAL_NAND_IRQHandler), (124 bytes).
    Removing stm32f4xx_hal_nand.o(i.HAL_NAND_ITCallback), (2 bytes).
    Removing stm32f4xx_hal_nand.o(i.HAL_NAND_Init), (82 bytes).
    Removing stm32f4xx_hal_nand.o(i.HAL_NAND_MspDeInit), (2 bytes).
    Removing stm32f4xx_hal_nand.o(i.HAL_NAND_MspInit), (2 bytes).
    Removing stm32f4xx_hal_nand.o(i.HAL_NAND_Read_ID), (126 bytes).
    Removing stm32f4xx_hal_nand.o(i.HAL_NAND_Read_Page_8b), (270 bytes).
    Removing stm32f4xx_hal_nand.o(i.HAL_NAND_Read_SpareArea_8b), (272 bytes).
    Removing stm32f4xx_hal_nand.o(i.HAL_NAND_Read_Status), (58 bytes).
    Removing stm32f4xx_hal_nand.o(i.HAL_NAND_Reset), (86 bytes).
    Removing stm32f4xx_hal_nand.o(i.HAL_NAND_Write_Page_8b), (324 bytes).
    Removing stm32f4xx_hal_nand.o(i.HAL_NAND_Write_SpareArea_8b), (324 bytes).
    Removing stm32f4xx_hal_pwr.o(.rev16_text), (4 bytes).
    Removing stm32f4xx_hal_pwr.o(.revsh_text), (4 bytes).
    Removing stm32f4xx_hal_pwr.o(.rrx_text), (6 bytes).
    Removing stm32f4xx_hal_pwr.o(i.HAL_PWR_ConfigPVD), (180 bytes).
    Removing stm32f4xx_hal_pwr.o(i.HAL_PWR_DeInit), (28 bytes).
    Removing stm32f4xx_hal_pwr.o(i.HAL_PWR_DisableBkUpAccess), (28 bytes).
    Removing stm32f4xx_hal_pwr.o(i.HAL_PWR_DisablePVD), (24 bytes).
    Removing stm32f4xx_hal_pwr.o(i.HAL_PWR_DisableSEVOnPend), (20 bytes).
    Removing stm32f4xx_hal_pwr.o(i.HAL_PWR_DisableSleepOnExit), (20 bytes).
    Removing stm32f4xx_hal_pwr.o(i.HAL_PWR_DisableWakeUpPin), (16 bytes).
    Removing stm32f4xx_hal_pwr.o(i.HAL_PWR_EnableBkUpAccess), (24 bytes).
    Removing stm32f4xx_hal_pwr.o(i.HAL_PWR_EnablePVD), (24 bytes).
    Removing stm32f4xx_hal_pwr.o(i.HAL_PWR_EnableSEVOnPend), (20 bytes).
    Removing stm32f4xx_hal_pwr.o(i.HAL_PWR_EnableSleepOnExit), (20 bytes).
    Removing stm32f4xx_hal_pwr.o(i.HAL_PWR_EnableWakeUpPin), (16 bytes).
    Removing stm32f4xx_hal_pwr.o(i.HAL_PWR_EnterSLEEPMode), (32 bytes).
    Removing stm32f4xx_hal_pwr.o(i.HAL_PWR_EnterSTANDBYMode), (40 bytes).
    Removing stm32f4xx_hal_pwr.o(i.HAL_PWR_EnterSTOPMode), (64 bytes).
    Removing stm32f4xx_hal_pwr.o(i.HAL_PWR_PVDCallback), (2 bytes).
    Removing stm32f4xx_hal_pwr.o(i.HAL_PWR_PVD_IRQHandler), (32 bytes).
    Removing stm32f4xx_hal_pwr_ex.o(.rev16_text), (4 bytes).
    Removing stm32f4xx_hal_pwr_ex.o(.revsh_text), (4 bytes).
    Removing stm32f4xx_hal_pwr_ex.o(.rrx_text), (6 bytes).
    Removing stm32f4xx_hal_pwr_ex.o(i.HAL_PWREx_ControlVoltageScaling), (228 bytes).
    Removing stm32f4xx_hal_pwr_ex.o(i.HAL_PWREx_DisableBkUpReg), (76 bytes).
    Removing stm32f4xx_hal_pwr_ex.o(i.HAL_PWREx_DisableFlashPowerDown), (28 bytes).
    Removing stm32f4xx_hal_pwr_ex.o(i.HAL_PWREx_DisableOverDrive), (168 bytes).
    Removing stm32f4xx_hal_pwr_ex.o(i.HAL_PWREx_EnableBkUpReg), (76 bytes).
    Removing stm32f4xx_hal_pwr_ex.o(i.HAL_PWREx_EnableFlashPowerDown), (24 bytes).
    Removing stm32f4xx_hal_pwr_ex.o(i.HAL_PWREx_EnableOverDrive), (164 bytes).
    Removing stm32f4xx_hal_pwr_ex.o(i.HAL_PWREx_EnableWakeUpPinPolarityFallingEdge), (28 bytes).
    Removing stm32f4xx_hal_pwr_ex.o(i.HAL_PWREx_EnableWakeUpPinPolarityRisingEdge), (28 bytes).
    Removing stm32f4xx_hal_pwr_ex.o(i.HAL_PWREx_EnterUnderDriveSTOPMode), (168 bytes).
    Removing stm32f4xx_hal_pwr_ex.o(i.HAL_PWREx_GetVoltageRange), (16 bytes).
    Removing stm32f4xx_hal_rcc.o(.rev16_text), (4 bytes).
    Removing stm32f4xx_hal_rcc.o(.revsh_text), (4 bytes).
    Removing stm32f4xx_hal_rcc.o(.rrx_text), (6 bytes).
    Removing stm32f4xx_hal_rcc.o(i.HAL_RCC_CSSCallback), (2 bytes).
    Removing stm32f4xx_hal_rcc.o(i.HAL_RCC_DeInit), (2 bytes).
    Removing stm32f4xx_hal_rcc.o(i.HAL_RCC_DisableCSS), (12 bytes).
    Removing stm32f4xx_hal_rcc.o(i.HAL_RCC_EnableCSS), (12 bytes).
    Removing stm32f4xx_hal_rcc.o(i.HAL_RCC_GetClockConfig), (68 bytes).
    Removing stm32f4xx_hal_rcc.o(i.HAL_RCC_GetHCLKFreq), (56 bytes).
    Removing stm32f4xx_hal_rcc.o(i.HAL_RCC_GetOscConfig), (292 bytes).
    Removing stm32f4xx_hal_rcc.o(i.HAL_RCC_GetPCLK1Freq), (44 bytes).
    Removing stm32f4xx_hal_rcc.o(i.HAL_RCC_GetPCLK2Freq), (44 bytes).
    Removing stm32f4xx_hal_rcc.o(i.HAL_RCC_MCOConfig), (192 bytes).
    Removing stm32f4xx_hal_rcc.o(i.HAL_RCC_NMI_IRQHandler), (32 bytes).
    Removing stm32f4xx_hal_rcc.o(i.HAL_RCC_OscConfig), (932 bytes).
    Removing stm32f4xx_hal_rcc_ex.o(.rev16_text), (4 bytes).
    Removing stm32f4xx_hal_rcc_ex.o(.revsh_text), (4 bytes).
    Removing stm32f4xx_hal_rcc_ex.o(.rrx_text), (6 bytes).
    Removing stm32f4xx_hal_rcc_ex.o(i.HAL_RCCEx_GetPeriphCLKConfig), (296 bytes).
    Removing stm32f4xx_hal_rcc_ex.o(i.HAL_RCCEx_SelectLSEMode), (36 bytes).
    Removing stm32f4xx_hal_rcc_ex.o(i.HAL_RCC_DeInit), (128 bytes).
    Removing stm32f4xx_hal_rcc_ex.o(i.HAL_RCC_GetOscConfig), (316 bytes).
    Removing stm32f4xx_hal_sdram.o(.rev16_text), (4 bytes).
    Removing stm32f4xx_hal_sdram.o(.revsh_text), (4 bytes).
    Removing stm32f4xx_hal_sdram.o(.rrx_text), (6 bytes).
    Removing stm32f4xx_hal_sdram.o(i.HAL_SDRAM_DMA_XferCpltCallback), (2 bytes).
    Removing stm32f4xx_hal_sdram.o(i.HAL_SDRAM_DMA_XferErrorCallback), (2 bytes).
    Removing stm32f4xx_hal_sdram.o(i.HAL_SDRAM_DeInit), (34 bytes).
    Removing stm32f4xx_hal_sdram.o(i.HAL_SDRAM_GetModeStatus), (14 bytes).
    Removing stm32f4xx_hal_sdram.o(i.HAL_SDRAM_GetState), (8 bytes).
    Removing stm32f4xx_hal_sdram.o(i.HAL_SDRAM_IRQHandler), (34 bytes).
    Removing stm32f4xx_hal_sdram.o(i.HAL_SDRAM_Init), (64 bytes).
    Removing stm32f4xx_hal_sdram.o(i.HAL_SDRAM_MspDeInit), (2 bytes).
    Removing stm32f4xx_hal_sdram.o(i.HAL_SDRAM_MspInit), (2 bytes).
    Removing stm32f4xx_hal_sdram.o(i.HAL_SDRAM_ProgramRefreshRate), (40 bytes).
    Removing stm32f4xx_hal_sdram.o(i.HAL_SDRAM_Read_16b), (80 bytes).
    Removing stm32f4xx_hal_sdram.o(i.HAL_SDRAM_Read_32b), (80 bytes).
    Removing stm32f4xx_hal_sdram.o(i.HAL_SDRAM_Read_8b), (80 bytes).
    Removing stm32f4xx_hal_sdram.o(i.HAL_SDRAM_Read_DMA), (104 bytes).
    Removing stm32f4xx_hal_sdram.o(i.HAL_SDRAM_RefreshErrorCallback), (2 bytes).
    Removing stm32f4xx_hal_sdram.o(i.HAL_SDRAM_SendCommand), (58 bytes).
    Removing stm32f4xx_hal_sdram.o(i.HAL_SDRAM_SetAutoRefreshNumber), (40 bytes).
    Removing stm32f4xx_hal_sdram.o(i.HAL_SDRAM_WriteProtection_Disable), (38 bytes).
    Removing stm32f4xx_hal_sdram.o(i.HAL_SDRAM_WriteProtection_Enable), (38 bytes).
    Removing stm32f4xx_hal_sdram.o(i.HAL_SDRAM_Write_16b), (86 bytes).
    Removing stm32f4xx_hal_sdram.o(i.HAL_SDRAM_Write_32b), (86 bytes).
    Removing stm32f4xx_hal_sdram.o(i.HAL_SDRAM_Write_8b), (86 bytes).
    Removing stm32f4xx_hal_sdram.o(i.HAL_SDRAM_Write_DMA), (108 bytes).
    Removing stm32f4xx_ll_fmc.o(.rev16_text), (4 bytes).
    Removing stm32f4xx_ll_fmc.o(.revsh_text), (4 bytes).
    Removing stm32f4xx_ll_fmc.o(.rrx_text), (6 bytes).
    Removing stm32f4xx_ll_fmc.o(i.FMC_NAND_DeInit), (30 bytes).
    Removing stm32f4xx_ll_fmc.o(i.FMC_NAND_ECC_Disable), (14 bytes).
    Removing stm32f4xx_ll_fmc.o(i.FMC_NAND_ECC_Enable), (14 bytes).
    Removing stm32f4xx_ll_fmc.o(i.FMC_NAND_GetECC), (62 bytes).
    Removing stm32f4xx_ll_fmc.o(i.FMC_NORSRAM_DeInit), (56 bytes).
    Removing stm32f4xx_ll_fmc.o(i.FMC_NORSRAM_Extended_Timing_Init), (72 bytes).
    Removing stm32f4xx_ll_fmc.o(i.FMC_NORSRAM_Init), (128 bytes).
    Removing stm32f4xx_ll_fmc.o(i.FMC_NORSRAM_Timing_Init), (94 bytes).
    Removing stm32f4xx_ll_fmc.o(i.FMC_NORSRAM_WriteOperation_Disable), (18 bytes).
    Removing stm32f4xx_ll_fmc.o(i.FMC_NORSRAM_WriteOperation_Enable), (18 bytes).
    Removing stm32f4xx_ll_fmc.o(i.FMC_SDRAM_DeInit), (32 bytes).
    Removing stm32f4xx_ll_fmc.o(i.FMC_SDRAM_GetModeStatus), (24 bytes).
    Removing stm32f4xx_ll_fmc.o(i.FMC_SDRAM_ProgramRefreshRate), (14 bytes).
    Removing stm32f4xx_ll_fmc.o(i.FMC_SDRAM_SendCommand), (82 bytes).
    Removing stm32f4xx_ll_fmc.o(i.FMC_SDRAM_SetAutoRefreshNumber), (14 bytes).
    Removing stm32f4xx_ll_fmc.o(i.FMC_SDRAM_WriteProtection_Disable), (18 bytes).
    Removing stm32f4xx_ll_fmc.o(i.FMC_SDRAM_WriteProtection_Enable), (18 bytes).
    Removing stm32f4xx_rcc.o(.rev16_text), (4 bytes).
    Removing stm32f4xx_rcc.o(.revsh_text), (4 bytes).
    Removing stm32f4xx_rcc.o(.rrx_text), (6 bytes).
    Removing stm32f4xx_rcc_config.o(.rev16_text), (4 bytes).
    Removing stm32f4xx_rcc_config.o(.revsh_text), (4 bytes).
    Removing stm32f4xx_rcc_config.o(.rrx_text), (6 bytes).
    Removing stm32f4xx_rcc_config.o(i.RCC_SystemClock_Config), (8 bytes).
    Removing stm32f4xx_rcc_config.o(i.RCC_SystemClock_Config_32MHz), (168 bytes).
    Removing stm32f4xx_rcc_config.o(i.RCC_SystemClock_Config_84MHz), (164 bytes).
    Removing stm32f4xx_softdelay.o(.rev16_text), (4 bytes).
    Removing stm32f4xx_softdelay.o(.revsh_text), (4 bytes).
    Removing stm32f4xx_softdelay.o(.rrx_text), (6 bytes).
    Removing stm32f4xx_io.o(.rev16_text), (4 bytes).
    Removing stm32f4xx_io.o(.revsh_text), (4 bytes).
    Removing stm32f4xx_io.o(.rrx_text), (6 bytes).
    Removing stm32f4xx_io.o(i.Init_PIN_SPACE), (32 bytes).
    Removing stm32f4xx_io.o(i.MulPin_Configure), (28 bytes).
    Removing stm32f4xx_io.o(i.OffA5V0), (36 bytes).
    Removing stm32f4xx_io.o(i.OffBACKLIGHT), (36 bytes).
    Removing stm32f4xx_io.o(i.OffE5V0), (36 bytes).
    Removing stm32f4xx_io.o(i.OffIO3V3), (14 bytes).
    Removing stm32f4xx_io.o(i.OffLED3V3), (36 bytes).
    Removing stm32f4xx_io.o(i.OffR5V0), (36 bytes).
    Removing stm32f4xx_io.o(i.OffUSB5V0), (36 bytes).
    Removing stm32f4xx_io.o(i.OnIO3V3), (16 bytes).
    Removing stm32f4xx_io.o(i.OnUSB5V0), (36 bytes).
    Removing stm32f4xx_io.o(i.Pin_CLK_ENABLE), (184 bytes).
    Removing stm32f4xx_io.o(.constdata), (34 bytes).
    Removing stm32f4xx_tim.o(.rev16_text), (4 bytes).
    Removing stm32f4xx_tim.o(.revsh_text), (4 bytes).
    Removing stm32f4xx_tim.o(.rrx_text), (6 bytes).
    Removing stm32f4xx_tim.o(i.Init_STM32F4xx_TIM6), (76 bytes).
    Removing stm32f4xx_tim.o(i.Init_STM32F4xx_TIM7), (116 bytes).
    Removing stm32f4xx_tim.o(i.STOP_STM32F4xx_TIM2_MS), (20 bytes).
    Removing stm32f4xx_wdg.o(.rev16_text), (4 bytes).
    Removing stm32f4xx_wdg.o(.revsh_text), (4 bytes).
    Removing stm32f4xx_wdg.o(.rrx_text), (6 bytes).
    Removing stm32f4xx_wdg.o(i.WWDT_RESET), (116 bytes).
    Removing stm32f4xx_crc.o(.rev16_text), (4 bytes).
    Removing stm32f4xx_crc.o(.revsh_text), (4 bytes).
    Removing stm32f4xx_crc.o(.rrx_text), (6 bytes).
    Removing stm32f4xx_crc.o(i.CRC32), (160 bytes).
    Removing stm32f4xx_crc.o(i.RAMCRC16_Soft), (66 bytes).
    Removing stm32f4xx_spi.o(.rev16_text), (4 bytes).
    Removing stm32f4xx_spi.o(.revsh_text), (4 bytes).
    Removing stm32f4xx_spi.o(.rrx_text), (6 bytes).
    Removing stm32f4xx_spi.o(i.UnInit_SPI2), (56 bytes).
    Removing stm32f4xx_uart.o(.rev16_text), (4 bytes).
    Removing stm32f4xx_uart.o(.revsh_text), (4 bytes).
    Removing stm32f4xx_uart.o(.rrx_text), (6 bytes).
    Removing stm32f4xx_uart.o(i.FeatureWord_CtrlWord), (60 bytes).
    Removing stm32f4xx_uart.o(i.Get_ADDR_UARTnFnDataBuff), (24 bytes).
    Removing stm32f4xx_uart.o(i.Get_ADDR_UARTnRx), (24 bytes).
    Removing stm32f4xx_uart.o(i.Get_ADDR_UARTnTimer), (24 bytes).
    Removing stm32f4xx_uart.o(i.Get_ADDR_UARTnTimer_S), (20 bytes).
    Removing stm32f4xx_uart.o(i.Get_LEN_UARTnCtrl), (24 bytes).
    Removing stm32f4xx_uart.o(i.Get_LEN_UARTnFnDataBuff), (24 bytes).
    Removing stm32f4xx_uart.o(i.Get_LEN_UARTnIntRx), (24 bytes).
    Removing stm32f4xx_uart.o(i.Get_LEN_UARTnRx), (24 bytes).
    Removing stm32f4xx_uart.o(i.Get_LEN_UARTnTxMax), (16 bytes).
    Removing stm32f4xx_uart.o(i.PrintString_UARTn), (98 bytes).
    Removing stm32f4xx_adc.o(.rev16_text), (4 bytes).
    Removing stm32f4xx_adc.o(.revsh_text), (4 bytes).
    Removing stm32f4xx_adc.o(.rrx_text), (6 bytes).
    Removing stm32f4xx_adc.o(i.GPRS_Voltage), (32 bytes).
    Removing stm32f4xx_adc.o(i.RTC_Battery_Voltage), (32 bytes).
    Removing stm32f4xx_mac.o(.rev16_text), (4 bytes).
    Removing stm32f4xx_mac.o(.revsh_text), (4 bytes).
    Removing stm32f4xx_mac.o(.rrx_text), (6 bytes).
    Removing stm32f4xx_mac.o(i.UnInit_STM32F4xx_MAC), (96 bytes).
    Removing data_save.o(.rev16_text), (4 bytes).
    Removing data_save.o(.revsh_text), (4 bytes).
    Removing data_save.o(.rrx_text), (6 bytes).
    Removing data_save.o(i.Battery_Data_Save), (96 bytes).
    Removing data_save.o(i.PowerDown_ISR), (236 bytes).
    Removing data_save.o(i.PowerUp_Data_Recovery), (1328 bytes).
    Removing data_save.o(i.Power_Down_Display), (328 bytes).
    Removing extern_mrw.o(.rev16_text), (4 bytes).
    Removing extern_mrw.o(.revsh_text), (4 bytes).
    Removing extern_mrw.o(.rrx_text), (6 bytes).
    Removing extern_mrw.o(i.DMC), (32 bytes).
    Removing extern_mrw.o(i.DMW), (32 bytes).
    Removing extern_mrw.o(i.DMWR), (40 bytes).
    Removing nand.o(.rev16_text), (4 bytes).
    Removing nand.o(.revsh_text), (4 bytes).
    Removing nand.o(.rrx_text), (6 bytes).
    Removing nand.o(i.Init_NAND), (22 bytes).
    Removing nand.o(i.NAND128kBuff_Clr_NAND), (512 bytes).
    Removing nand.o(i.NB_128kBuff), (184 bytes).
    Removing nand.o(i.NC_128kBuff), (160 bytes).
    Removing nand.o(i.NR_128kBuff), (208 bytes).
    Removing nand.o(i.NW_128kBuff), (164 bytes).
    Removing nand.o(i.RePlace_BlockErase_NAND), (48 bytes).
    Removing nand.o(i.RePlace_Clr_NAND), (128 bytes).
    Removing io_i2c.o(.rev16_text), (4 bytes).
    Removing io_i2c.o(.revsh_text), (4 bytes).
    Removing io_i2c.o(.rrx_text), (6 bytes).
    Removing rtc.o(.rev16_text), (4 bytes).
    Removing rtc.o(.revsh_text), (4 bytes).
    Removing rtc.o(.rrx_text), (6 bytes).
    Removing rtc.o(i.Init_RTC), (124 bytes).
    Removing rtc.o(i.ReadRTC), (34 bytes).
    Removing rtc.o(i.ReadRTCtoDataType), (268 bytes).
    Removing rtc.o(i.WriteRTC), (38 bytes).
    Removing 24aa02e48.o(.rev16_text), (4 bytes).
    Removing 24aa02e48.o(.revsh_text), (4 bytes).
    Removing 24aa02e48.o(.rrx_text), (6 bytes).
    Removing 24aa02e48.o(i.Write_24AA02E48), (2 bytes).
    Removing button.o(.rev16_text), (4 bytes).
    Removing button.o(.revsh_text), (4 bytes).
    Removing button.o(.rrx_text), (6 bytes).
    Removing button.o(i.ButtonInit), (88 bytes).
    Removing ic_buzz.o(.rev16_text), (4 bytes).
    Removing ic_buzz.o(.revsh_text), (4 bytes).
    Removing ic_buzz.o(.rrx_text), (6 bytes).
    Removing ic_buzz.o(i.BUZZ_Cancel), (20 bytes).
    Removing ic_tesam.o(.rev16_text), (4 bytes).
    Removing ic_tesam.o(.revsh_text), (4 bytes).
    Removing ic_tesam.o(.rrx_text), (6 bytes).
    Removing ic_tesam.o(i.TESAM_CMD_TxRx), (220 bytes).
    Removing lan8720a.o(.rev16_text), (4 bytes).
    Removing lan8720a.o(.revsh_text), (4 bytes).
    Removing lan8720a.o(.rrx_text), (6 bytes).
    Removing os.o(.rev16_text), (4 bytes).
    Removing os.o(.revsh_text), (4 bytes).
    Removing os.o(.rrx_text), (6 bytes).
    Removing os.o(i.Enable_os), (44 bytes).
    Removing os.o(i.Init_MS_AfterOS), (108 bytes).
    Removing my_heap.o(.rev16_text), (4 bytes).
    Removing my_heap.o(.revsh_text), (4 bytes).
    Removing my_heap.o(.rrx_text), (6 bytes).
    Removing my_heap.o(i.Del_Alloc), (60 bytes).
    Removing my_heap.o(i.Init_my_heap), (44 bytes).
    Removing my_heap.o(i.Insert_Alloc), (60 bytes).
    Removing my_heap.o(i.ms_calloc), (34 bytes).
    Removing my_heap.o(i.ms_free), (156 bytes).
    Removing my_heap.o(i.ms_malloc), (360 bytes).
    Removing my_heap.o(i.ms_malloc_sizemax), (88 bytes).
    Removing my_heap.o(i.ms_realloc), (164 bytes).
    Removing my_heap.o(i.ms_realloc_sizemax), (124 bytes).
    Removing ms.o(.rev16_text), (4 bytes).
    Removing ms.o(.revsh_text), (4 bytes).
    Removing ms.o(.rrx_text), (6 bytes).
    Removing display.o(.rev16_text), (4 bytes).
    Removing display.o(.revsh_text), (4 bytes).
    Removing display.o(.rrx_text), (6 bytes).
    Removing display.o(i.DispalyStringContinue), (152 bytes).
    Removing display.o(i.DisplayData1), (140 bytes).
    Removing display.o(i.DisplayRam), (120 bytes).
    Removing display.o(i.DisplayScrollUp), (52 bytes).
    Removing draw.o(.rev16_text), (4 bytes).
    Removing draw.o(.revsh_text), (4 bytes).
    Removing draw.o(.rrx_text), (6 bytes).
    Removing draw.o(.emb_text), (698 bytes).
    Removing calculate.o(.rev16_text), (4 bytes).
    Removing calculate.o(.revsh_text), (4 bytes).
    Removing calculate.o(.rrx_text), (6 bytes).
    Removing calculate.o(i.ASCII_BCD), (72 bytes).
    Removing calculate.o(i.ASCII_HEX), (68 bytes).
    Removing calculate.o(i.BCD_ASCII), (62 bytes).
    Removing calculate.o(i.Check_BCD), (30 bytes).
    Removing calculate.o(i.Check_HMS), (54 bytes).
    Removing calculate.o(i.Check_HMS_hex), (40 bytes).
    Removing calculate.o(i.Check_YMD), (108 bytes).
    Removing calculate.o(i.Check_YMDHMS), (38 bytes).
    Removing calculate.o(i.Check_YYMDHMS_hex), (38 bytes).
    Removing calculate.o(i.Check_YYMD_hex), (76 bytes).
    Removing calculate.o(i.Check_pYYMDHMS_hex), (74 bytes).
    Removing calculate.o(i.CopyString), (20 bytes).
    Removing calculate.o(i.DataComp), (120 bytes).
    Removing calculate.o(i.Data_Inverse), (42 bytes).
    Removing calculate.o(i.HEX_ASCII), (28 bytes).
    Removing calculate.o(i.IP4_HEX_ASCII), (118 bytes).
    Removing calculate.o(i.IP_ASCII_HEX), (104 bytes).
    Removing calculate.o(i.IP_ASCII_START), (80 bytes).
    Removing calculate.o(i.TimeDifference), (132 bytes).
    Removing calculate.o(i.WinDataComp), (76 bytes).
    Removing calculate.o(i.YMDCalculateW), (180 bytes).
    Removing calculate.o(i.YMDHMS_AddS), (78 bytes).
    Removing calculate.o(i.YMDHMS_Sec), (148 bytes).
    Removing calculate.o(i.YMDHMS_Sub), (84 bytes).
    Removing calculate.o(i.YMDHMS_SubS), (94 bytes).
    Removing calculate.o(i.YMDHM_AddM), (124 bytes).
    Removing calculate.o(i.YMDHM_Int15), (52 bytes).
    Removing calculate.o(i.YMDHM_SubM), (170 bytes).
    Removing calculate.o(i.YMDH_AddH), (50 bytes).
    Removing calculate.o(i.YMDH_SubH), (50 bytes).
    Removing calculate.o(i.YMD_Add1D), (136 bytes).
    Removing calculate.o(i.YMD_Sub1D), (116 bytes).
    Removing calculate.o(i.YM_Add1M), (62 bytes).
    Removing calculate.o(i.YM_D), (56 bytes).
    Removing calculate.o(i.YM_Sub1M), (60 bytes).
    Removing calculate.o(i.YYMDHMS_AddS_hex), (72 bytes).
    Removing calculate.o(i.YYMDHMS_Sec_hex), (128 bytes).
    Removing calculate.o(i.YYMDHMS_SubS_hex), (78 bytes).
    Removing calculate.o(i.YYMDHMS_Sub_hex), (134 bytes).
    Removing calculate.o(i.YYMDHM_AddM_hex), (104 bytes).
    Removing calculate.o(i.YYMDHM_SubM_hex), (144 bytes).
    Removing calculate.o(i.YYMDH_AddH_hex), (50 bytes).
    Removing calculate.o(i.YYMDH_SubH), (50 bytes).
    Removing calculate.o(i.YYMD_Add1D_hex), (80 bytes).
    Removing calculate.o(i.YYMD_Sub1D_hex), (68 bytes).
    Removing calculate.o(i.YYM_AddM_hex), (42 bytes).
    Removing calculate.o(i.YYM_D_hex), (40 bytes).
    Removing calculate.o(i.YYM_SubM_hex), (68 bytes).
    Removing calculate.o(i.bcd16_hex), (94 bytes).
    Removing calculate.o(i.bcdYMDHMS_hexYYMDHMS), (68 bytes).
    Removing calculate.o(i.bcd_add), (48 bytes).
    Removing calculate.o(i.bcd_hex), (42 bytes).
    Removing calculate.o(i.hex_bcd16), (120 bytes).
    Removing calculate.o(i.pYYMDHMS_AddS_hex), (208 bytes).
    Removing calculate.o(i.pYYMDHMS_SubS_hex), (218 bytes).
    Removing calculate.o(i.pYYM_AddM_hex), (52 bytes).
    Removing calculate.o(i.pYYM_SubM_hex), (78 bytes).
    Removing calculate.o(.constdata), (13 bytes).
    Removing ascii.o(.rev16_text), (4 bytes).
    Removing ascii.o(.revsh_text), (4 bytes).
    Removing ascii.o(.rrx_text), (6 bytes).
    Removing ascii.o(i.Byte_ascii), (40 bytes).
    Removing ascii.o(i.StrCopy), (18 bytes).
    Removing menu.o(.rev16_text), (4 bytes).
    Removing menu.o(.revsh_text), (4 bytes).
    Removing menu.o(.rrx_text), (6 bytes).
    Removing menu.o(i.ArrowLR), (116 bytes).
    Removing menu.o(i.BoxSelect), (316 bytes).
    Removing menu.o(i.CreateScreen), (96 bytes).
    Removing menu.o(i.DA1DA2_pn), (34 bytes).
    Removing menu.o(i.DT1DT2_Fn), (34 bytes).
    Removing menu.o(i.DisplayClrRow_4), (44 bytes).
    Removing menu.o(i.DisplayString1), (424 bytes).
    Removing menu.o(i.Event), (208 bytes).
    Removing menu.o(i.KeyboardSelect), (1072 bytes).
    Removing menu.o(i.LeftArrow), (24 bytes).
    Removing menu.o(i.MenuCreate), (116 bytes).
    Removing menu.o(i.MeterPnCompare), (72 bytes).
    Removing menu.o(i.NdigitSelect), (600 bytes).
    Removing menu.o(i.NegativeLnCol), (88 bytes).
    Removing menu.o(i.NegativeLnMaxColMinCol), (168 bytes).
    Removing menu.o(i.NegativeLnMaxColMinColN), (140 bytes).
    Removing menu.o(i.NegativeRowCol), (116 bytes).
    Removing menu.o(i.PowerP16), (196 bytes).
    Removing menu.o(i.PulsePnCompare), (6 bytes).
    Removing menu.o(i.RightArrow), (24 bytes).
    Removing menu.o(i.Select), (512 bytes).
    Removing menu.o(i.SelectH), (548 bytes).
    Removing menu.o(i.UpDownSelect), (332 bytes).
    Removing menu.o(i.UpDownSelectH), (376 bytes).
    Removing menu.o(i.bcd_p16), (118 bytes).
    Removing menu.o(i.bcd_p8), (130 bytes).
    Removing menu.o(i.p8_add1), (74 bytes).
    Removing menu.o(i.p8_bcd), (90 bytes).
    Removing menu.o(i.p8_sub1), (74 bytes).
    Removing test_sdram.o(.rev16_text), (4 bytes).
    Removing test_sdram.o(.revsh_text), (4 bytes).
    Removing test_sdram.o(.rrx_text), (6 bytes).
    Removing stm32f4xx_dma.o(.rev16_text), (4 bytes).
    Removing stm32f4xx_dma.o(.revsh_text), (4 bytes).
    Removing stm32f4xx_dma.o(.rrx_text), (6 bytes).
    Removing stm32f4xx_dma.o(i.DMA_UARTn_RX_Pointer), (132 bytes).
    Removing stm32f4xx_rtc.o(.rev16_text), (4 bytes).
    Removing stm32f4xx_rtc.o(.revsh_text), (4 bytes).
    Removing stm32f4xx_rtc.o(.rrx_text), (6 bytes).
    Removing stm32f4xx_rtc.o(i.Init_STM32F4xx_RTC), (64 bytes).
    Removing stm32f4xx_rtc.o(i.Read_STM32F4xx_RTC), (72 bytes).
    Removing stm32f4xx_rtc.o(i.Read_STM32F4xx_RTC_SS), (32 bytes).
    Removing stm32f4xx_rtc.o(i.SyncERTC), (44 bytes).
    Removing stm32f4xx_rtc.o(i.SyncIRTC), (20 bytes).
    Removing stm32f4xx_rtc.o(i.Write_STM32F4xx_RTC), (212 bytes).
    Removing stm32f4xx_exti.o(.rev16_text), (4 bytes).
    Removing stm32f4xx_exti.o(.revsh_text), (4 bytes).
    Removing stm32f4xx_exti.o(.rrx_text), (6 bytes).
    Removing fsapp.o(.rev16_text), (4 bytes).
    Removing fsapp.o(.revsh_text), (4 bytes).
    Removing fsapp.o(.rrx_text), (6 bytes).
    Removing fsapp.o(i.Init_FS), (64 bytes).
    Removing fsapp.o(i.__Init_FS), (260 bytes).

681 unused section(s) (total 61915 bytes) removed from the image.

==============================================================================

Memory Map of the image

  Image Entry point : 0x00000000

  Load Region LOAD_Test (Base: 0x081c0000, Size: 0x00008834, Max: 0x00040000, ABSOLUTE)

    Execution Region TestCSG.HEX (Base: 0x081c0000, Size: 0x0000882c, Max: 0x00040000, ABSOLUTE)

    Base Addr    Size         Type   Attr      Idx    E Section Name        Object

    0x081c0000   0x00000208   Data   RO            1    RESET               test_entry.o
    0x081c0208   0x00000018   Code   RO            2  * .text               test_entry.o
    0x081c0220   0x000000ee   Code   RO         6422    .text               c_w.l(lludivv7m.o)
    0x081c030e   0x00000002   PAD
    0x081c0310   0x00000118   Code   RO         3841    i.ADCx              TEST.lib(stm32f4xx_adc.o)
    0x081c0428   0x00000060   Code   RO         5770    i.Arrowhead         TEST.lib(menu.o)
    0x081c0488   0x0000003c   Code   RO         4256    i.BLOCK_Write_NAND  TEST.lib(nand.o)
    0x081c04c4   0x00000158   Code   RO         4257    i.BLOCK_Write_NAND_16  TEST.lib(nand.o)
    0x081c061c   0x0000017c   Code   RO         4258    i.BLOCK_Write_NAND_8  TEST.lib(nand.o)
    0x081c0798   0x00000058   Code   RO         4697    i.BUZZ_Generate     TEST.lib(ic_buzz.o)
    0x081c07f0   0x0000001c   Code   RO         5295    i.BitLoca           TEST.lib(calculate.o)
    0x081c080c   0x0000001a   Code   RO         5296    i.BitNum            TEST.lib(calculate.o)
    0x081c0826   0x00000076   Code   RO         4259    i.BlockErase_NAND   TEST.lib(nand.o)
    0x081c089c   0x0000032c   Code   RO         4660    i.Button            TEST.lib(button.o)
    0x081c0bc8   0x00000020   Code   RO         3842    i.Charge_Battery_Voltage  TEST.lib(stm32f4xx_adc.o)
    0x081c0be8   0x00000108   Code   RO         4260    i.Check_128kNandBuff  TEST.lib(nand.o)
    0x081c0cf0   0x000000e0   Code   RO         6216    i.DMA_UARTn_RX      TEST.lib(stm32f4xx_dma.o)
    0x081c0dd0   0x00000114   Code   RO         6218    i.DMA_UARTn_TX      TEST.lib(stm32f4xx_dma.o)
    0x081c0ee4   0x00000044   Code   RO         6219    i.DMAx_STREAMx_CHx_RX  TEST.lib(stm32f4xx_dma.o)
    0x081c0f28   0x00000044   Code   RO         6220    i.DMAx_STREAMx_CHx_TX  TEST.lib(stm32f4xx_dma.o)
    0x081c0f6c   0x00000070   Code   RO         3536    i.Data_Save_CRC     TEST.lib(stm32f4xx_crc.o)
    0x081c0fdc   0x00000018   Code   RO         6340    i.Disable_EXTI      TEST.lib(stm32f4xx_exti.o)
    0x081c0ff4   0x00000002   Code   RO         4261    i.Disable_Internal_ECC  TEST.lib(nand.o)
    0x081c0ff6   0x00000002   PAD
    0x081c0ff8   0x0000002c   Code   RO         4823    i.Disable_os        TEST.lib(os.o)
    0x081c1024   0x00000230   Code   RO         5084    i.DispalyAlign      TEST.lib(display.o)
    0x081c1254   0x000000e4   Code   RO         5086    i.DispalyStringOnlyOneRow  TEST.lib(display.o)
    0x081c1338   0x00000028   Code   RO         5087    i.DisplayClr        TEST.lib(display.o)
    0x081c1360   0x00000030   Code   RO         5088    i.DisplayClrRow     TEST.lib(display.o)
    0x081c1390   0x00000088   Code   RO         5089    i.DisplayData       TEST.lib(display.o)
    0x081c1418   0x00000074   Code   RO         5091    i.DisplayData_OffZero  TEST.lib(display.o)
    0x081c148c   0x000000a0   Code   RO         5776    i.DisplayMenu       TEST.lib(menu.o)
    0x081c152c   0x000001b8   Code   RO         5092    i.DisplayMenuString  TEST.lib(display.o)
    0x081c16e4   0x000000f0   Code   RO         5093    i.DisplayRATE       TEST.lib(display.o)
    0x081c17d4   0x00000188   Code   RO         5096    i.DisplayString     TEST.lib(display.o)
    0x081c195c   0x000001b0   Code   RO         5097    i.DisplayStringAutoUp  TEST.lib(display.o)
    0x081c1b0c   0x00000074   Code   RO         5098    i.DisplayUpRow      TEST.lib(display.o)
    0x081c1b80   0x00000018   Code   RO         5778    i.DownArrow         TEST.lib(menu.o)
    0x081c1b98   0x0000001c   Code   RO         5265    i.Draw_Clr          TEST.lib(draw.o)
    0x081c1bb4   0x00000054   Code   RO         3895    i.ETH_DMARxDescList  TEST.lib(stm32f4xx_mac.o)
    0x081c1c08   0x00000050   Code   RO         3896    i.ETH_DMATxDescList  TEST.lib(stm32f4xx_mac.o)
    0x081c1c58   0x00000020   Code   RO         3897    i.ETH_DMA_Config    TEST.lib(stm32f4xx_mac.o)
    0x081c1c78   0x0000003c   Code   RO         3898    i.ETH_MACAddress_Config  TEST.lib(stm32f4xx_mac.o)
    0x081c1cb4   0x0000003c   Code   RO         3899    i.ETH_MAC_Config    TEST.lib(stm32f4xx_mac.o)
    0x081c1cf0   0x00000048   Code   RO         4775    i.ETH_PHY_CR        TEST.lib(lan8720a.o)
    0x081c1d38   0x0000014c   Code   RO         6341    i.Enable_EXTI       TEST.lib(stm32f4xx_exti.o)
    0x081c1e84   0x000000c4   Code   RO         4262    i.Enable_Internal_ECC  TEST.lib(nand.o)
    0x081c1f48   0x00000028   Code   RO         2866    i.FMC_NAND_AttributeSpace_Timing_Init  stm32f4xx_ll_fmc.o
    0x081c1f70   0x00000028   Code   RO         2867    i.FMC_NAND_CommonSpace_Timing_Init  stm32f4xx_ll_fmc.o
    0x081c1f98   0x00000038   Code   RO         2872    i.FMC_NAND_Init     stm32f4xx_ll_fmc.o
    0x081c1fd0   0x00000074   Code   RO         2881    i.FMC_SDRAM_Init    stm32f4xx_ll_fmc.o
    0x081c2044   0x0000009c   Code   RO         2885    i.FMC_SDRAM_Timing_Init  stm32f4xx_ll_fmc.o
    0x081c20e0   0x0000009c   Code   RO          578    i.GetCRC32          test_stm32f4xx.o
    0x081c217c   0x00000018   Code   RO         3637    i.Get_ADDR_UARTn    TEST.lib(stm32f4xx_uart.o)
    0x081c2194   0x00000018   Code   RO         3638    i.Get_ADDR_UARTnCtrl  TEST.lib(stm32f4xx_uart.o)
    0x081c21ac   0x00000018   Code   RO         3643    i.Get_ADDR_UARTnTx  TEST.lib(stm32f4xx_uart.o)
    0x081c21c4   0x00000018   Code   RO         3648    i.Get_LEN_UARTnTx   TEST.lib(stm32f4xx_uart.o)
    0x081c21dc   0x00000074   Code   RO         3650    i.Get_UARTBps       TEST.lib(stm32f4xx_uart.o)
    0x081c2250   0x0000010c   Code   RO         3651    i.Get_USARTDIV      TEST.lib(stm32f4xx_uart.o)
    0x081c235c   0x0000000c   Code   RO         5036    i.Get_ms            TEST.lib(ms.o)
    0x081c2368   0x0000000c   Code   RO         4825    i.Get_os            TEST.lib(os.o)
    0x081c2374   0x0000000c   Code   RO         1257    i.HAL_GetTick       stm32f4xx_hal.o
    0x081c2380   0x00000006   Code   RO         3134    i.HAL_InitTick      TEST.lib(stm32f4xx_rcc_config.o)
    0x081c2386   0x00000002   PAD
    0x081c2388   0x000004e8   Code   RO         2657    i.HAL_RCCEx_PeriphCLKConfig  stm32f4xx_hal_rcc_ex.o
    0x081c2870   0x000001d0   Code   RO         2552    i.HAL_RCC_ClockConfig  stm32f4xx_hal_rcc.o
    0x081c2a40   0x000000b4   Code   RO         2561    i.HAL_RCC_GetSysClockFreq  stm32f4xx_hal_rcc.o
    0x081c2af4   0x000003b8   Code   RO         2661    i.HAL_RCC_OscConfig  stm32f4xx_hal_rcc_ex.o
    0x081c2eac   0x000000d0   Code   RO         4263    i.ID_NAND           TEST.lib(nand.o)
    0x081c2f7c   0x00000036   Code   RO         4483    i.IOI2C_ReStart     TEST.lib(io_i2c.o)
    0x081c2fb2   0x00000048   Code   RO         4484    i.IOI2C_ReadAck     TEST.lib(io_i2c.o)
    0x081c2ffa   0x00000042   Code   RO         4485    i.IOI2C_ReadNoAck   TEST.lib(io_i2c.o)
    0x081c303c   0x00000070   Code   RO         4486    i.IOI2C_Start       TEST.lib(io_i2c.o)
    0x081c30ac   0x00000022   Code   RO         4487    i.IOI2C_Stop        TEST.lib(io_i2c.o)
    0x081c30ce   0x00000056   Code   RO         4488    i.IOI2C_Write       TEST.lib(io_i2c.o)
    0x081c3124   0x00000012   Code   RO         4776    i.Init_LAN8720A     TEST.lib(lan8720a.o)
    0x081c3136   0x00000002   PAD
    0x081c3138   0x00000060   Code   RO         3577    i.Init_SPI1         TEST.lib(stm32f4xx_spi.o)
    0x081c3198   0x00000088   Code   RO         3578    i.Init_SPI2         TEST.lib(stm32f4xx_spi.o)
    0x081c3220   0x000000b0   Code   RO         3900    i.Init_STM32F4xx_MAC  TEST.lib(stm32f4xx_mac.o)
    0x081c32d0   0x00000002   Code   RO          220    i.Init_Test         test_init.o
    0x081c32d2   0x00000002   Code   RO          221    i.Init_Test_SoftwareUpdate  test_init.o
    0x081c32d4   0x0000006c   Code   RO         3652    i.Init_UARTn        TEST.lib(stm32f4xx_uart.o)
    0x081c3340   0x00000010   Code   RO         4118    i.LCDDataOut        TEST.lib(extern_mrw.o)
    0x081c3350   0x0000002c   Code   RO         5099    i.LanguageString    TEST.lib(display.o)
    0x081c337c   0x0000014c   Code   RO          711    i.Life_BLOCK_Write_NAND  test_flash_life.o
    0x081c34c8   0x00000020   Code   RO         4119    i.MC                TEST.lib(extern_mrw.o)
    0x081c34e8   0x00000018   Code   RO         4120    i.ME                TEST.lib(extern_mrw.o)
    0x081c3500   0x00000020   Code   RO         4121    i.MR                TEST.lib(extern_mrw.o)
    0x081c3520   0x00000018   Code   RO         4122    i.MRR               TEST.lib(extern_mrw.o)
    0x081c3538   0x00000020   Code   RO         4123    i.MW                TEST.lib(extern_mrw.o)
    0x081c3558   0x00000028   Code   RO         4124    i.MWR               TEST.lib(extern_mrw.o)
    0x081c3580   0x00000032   Code   RO          620    i.MY_NAND_Init      test_mt29fxg_nand.o
    0x081c35b2   0x0000001a   Code   RO         6108    i.MY_SDRAM_Init     TEST.lib(test_sdram.o)
    0x081c35cc   0x00000034   Code   RO         5783    i.MenuDel           TEST.lib(menu.o)
    0x081c3600   0x0000007c   Code   RO         5784    i.MenuNegative      TEST.lib(menu.o)
    0x081c367c   0x00000148   Code   RO         5785    i.MenuSelect        TEST.lib(menu.o)
    0x081c37c4   0x0000020c   Code   RO         4266    i.NAND128kBuff_Write_NAND  TEST.lib(nand.o)
    0x081c39d0   0x00000054   Code   RO          621    i.NAND_BANK3_FMC_Init  test_mt29fxg_nand.o
    0x081c3a24   0x00000018   Code   RO         3579    i.NVIC_DisableIRQ   TEST.lib(stm32f4xx_spi.o)
    0x081c3a3c   0x00000018   Code   RO         4270    i.NVIC_DisableIRQ   TEST.lib(nand.o)
    0x081c3a54   0x00000016   Code   RO         3391    i.NVIC_EnableIRQ    TEST.lib(stm32f4xx_tim.o)
    0x081c3a6a   0x00000016   Code   RO         3653    i.NVIC_EnableIRQ    TEST.lib(stm32f4xx_uart.o)
    0x081c3a80   0x00000016   Code   RO         4271    i.NVIC_EnableIRQ    TEST.lib(nand.o)
    0x081c3a96   0x00000016   Code   RO         6221    i.NVIC_EnableIRQ    TEST.lib(stm32f4xx_dma.o)
    0x081c3aac   0x00000016   Code   RO         6342    i.NVIC_EnableIRQ    TEST.lib(stm32f4xx_exti.o)
    0x081c3ac2   0x00000002   PAD
    0x081c3ac4   0x00000028   Code   RO         3392    i.NVIC_SetPriority  TEST.lib(stm32f4xx_tim.o)
    0x081c3aec   0x00000028   Code   RO         3580    i.NVIC_SetPriority  TEST.lib(stm32f4xx_spi.o)
    0x081c3b14   0x00000028   Code   RO         3654    i.NVIC_SetPriority  TEST.lib(stm32f4xx_uart.o)
    0x081c3b3c   0x00000028   Code   RO         6222    i.NVIC_SetPriority  TEST.lib(stm32f4xx_dma.o)
    0x081c3b64   0x00000028   Code   RO         3393    i.Off38KHz          TEST.lib(stm32f4xx_tim.o)
    0x081c3b8c   0x0000000e   Code   RO         3232    i.OffEMU            TEST.lib(stm32f4xx_io.o)
    0x081c3b9a   0x00000002   PAD
    0x081c3b9c   0x0000006c   Code   RO         3394    i.On38KHz           TEST.lib(stm32f4xx_tim.o)
    0x081c3c08   0x00000024   Code   RO         3237    i.OnA5V0            TEST.lib(stm32f4xx_io.o)
    0x081c3c2c   0x00000024   Code   RO         3238    i.OnBACKLIGHT       TEST.lib(stm32f4xx_io.o)
    0x081c3c50   0x00000024   Code   RO         3239    i.OnE5V0            TEST.lib(stm32f4xx_io.o)
    0x081c3c74   0x00000010   Code   RO         3240    i.OnEMU             TEST.lib(stm32f4xx_io.o)
    0x081c3c84   0x00000024   Code   RO         3242    i.OnLED3V3          TEST.lib(stm32f4xx_io.o)
    0x081c3ca8   0x00000024   Code   RO         3243    i.OnR5V0            TEST.lib(stm32f4xx_io.o)
    0x081c3ccc   0x0000023c   Code   RO         3246    i.Pin_Configure     TEST.lib(stm32f4xx_io.o)
    0x081c3f08   0x00000014   Code   RO         3247    i.Pin_OutH          TEST.lib(stm32f4xx_io.o)
    0x081c3f1c   0x00000012   Code   RO         4489    i.Pin_OutH_Delay    TEST.lib(io_i2c.o)
    0x081c3f2e   0x00000002   PAD
    0x081c3f30   0x00000018   Code   RO         3248    i.Pin_OutL          TEST.lib(stm32f4xx_io.o)
    0x081c3f48   0x00000012   Code   RO         4490    i.Pin_OutL_Delay    TEST.lib(io_i2c.o)
    0x081c3f5a   0x00000002   PAD
    0x081c3f5c   0x00000018   Code   RO         3249    i.Pin_Read          TEST.lib(stm32f4xx_io.o)
    0x081c3f74   0x000000d0   Code   RO         3965    i.PowerDown_Data_Save  TEST.lib(data_save.o)
    0x081c4044   0x0000006c   Code   RO         3538    i.RAM_CRC32         TEST.lib(stm32f4xx_crc.o)
    0x081c40b0   0x00000088   Code   RO          530    i.RAM_Test          test_ram.o
    0x081c4138   0x00000030   Code   RO         3016    i.RCC_GetHCLKFreq   TEST.lib(stm32f4xx_rcc.o)
    0x081c4168   0x0000002c   Code   RO         3017    i.RCC_GetPCLK1Freq  TEST.lib(stm32f4xx_rcc.o)
    0x081c4194   0x0000002c   Code   RO         3018    i.RCC_GetPCLK2Freq  TEST.lib(stm32f4xx_rcc.o)
    0x081c41c0   0x00000084   Code   RO         3019    i.RCC_GetSysClockFreq  TEST.lib(stm32f4xx_rcc.o)
    0x081c4244   0x000000a8   Code   RO         3136    i.RCC_SystemClock_Config_168MHz  TEST.lib(stm32f4xx_rcc_config.o)
    0x081c42ec   0x000000d0   Code   RO         4565    i.RX8025T_Read      TEST.lib(rtc.o)
    0x081c43bc   0x000000ac   Code   RO         4566    i.RX8025T_Write     TEST.lib(rtc.o)
    0x081c4468   0x00000024   Code   RO         4273    i.RePlace_BLOCK_ADDR  TEST.lib(nand.o)
    0x081c448c   0x00000134   Code   RO         4274    i.RePlace_BLOCK_Write_NAND  TEST.lib(nand.o)
    0x081c45c0   0x00000048   Code   RO         4277    i.RePlace_Read_NAND  TEST.lib(nand.o)
    0x081c4608   0x00000090   Code   RO         4278    i.RePlace_Write_NAND  TEST.lib(nand.o)
    0x081c4698   0x000000cc   Code   RO         4827    i.ReSTART_OS        TEST.lib(os.o)
    0x081c4764   0x000000d0   Code   RO         4627    i.Read_24AA02E48    TEST.lib(24aa02e48.o)
    0x081c4834   0x00000050   Code   RO         4777    i.Read_ETH_PHYReg   TEST.lib(lan8720a.o)
    0x081c4884   0x0000004c   Code   RO         4279    i.Read_NAND         TEST.lib(nand.o)
    0x081c48d0   0x000000dc   Code   RO         4280    i.Read_NAND_16      TEST.lib(nand.o)
    0x081c49ac   0x000000bc   Code   RO         4281    i.Read_NAND_8       TEST.lib(nand.o)
    0x081c4a68   0x00000014   Code   RO         4491    i.SDAIn             TEST.lib(io_i2c.o)
    0x081c4a7c   0x00000014   Code   RO         4492    i.SDAOut            TEST.lib(io_i2c.o)
    0x081c4a90   0x00000050   Code   RO         6109    i.SDRAM_FMC_Init    TEST.lib(test_sdram.o)
    0x081c4ae0   0x0000003c   Code   RO         3395    i.START_STM32F4xx_TIM2  TEST.lib(stm32f4xx_tim.o)
    0x081c4b1c   0x00000084   Code   RO         3396    i.START_STM32F4xx_TIM3  TEST.lib(stm32f4xx_tim.o)
    0x081c4ba0   0x00000058   Code   RO         3397    i.START_STM32F4xx_TIM5_MEASURE_LSI  TEST.lib(stm32f4xx_tim.o)
    0x081c4bf8   0x00000058   Code   RO         3398    i.START_STM32F4xx_TIM5_MEASURE_REF_CLK  TEST.lib(stm32f4xx_tim.o)
    0x081c4c50   0x00000124   Code   RO         3845    i.STM32F4xx_Temperature  TEST.lib(stm32f4xx_adc.o)
    0x081c4d74   0x0000001c   Code   RO         3400    i.STOP_STM32F4xx_TIM2_US  TEST.lib(stm32f4xx_tim.o)
    0x081c4d90   0x00000014   Code   RO         3401    i.STOP_STM32F4xx_TIM3  TEST.lib(stm32f4xx_tim.o)
    0x081c4da4   0x0000001e   Code   RO         3194    i.SoftDelayMS       TEST.lib(stm32f4xx_softdelay.o)
    0x081c4dc2   0x00000002   PAD
    0x081c4dc4   0x00000020   Code   RO         3195    i.SoftDelayUS       TEST.lib(stm32f4xx_softdelay.o)
    0x081c4de4   0x00000124   Code   RO         3656    i.Start_UARTn_Tx    TEST.lib(stm32f4xx_uart.o)
    0x081c4f08   0x00000204   Code   RO         4727    i.TESAM_RXTX        TEST.lib(ic_tesam.o)
    0x081c510c   0x000000a8   Code   RO         1057    i.TEST_TESAM_CMD_TxRx  test_esam.o
    0x081c51b4   0x00000254   Code   RO          401    i.Test              test.o
    0x081c5408   0x0000008c   Code   RO         1090    i.Test_24AA02E48    test_24aa02e48.o
    0x081c5494   0x000002c0   Code   RO          741    i.Test_90E36        test_90e36.o
    0x081c5754   0x00000150   Code   RO          681    i.Test_BLOCK_Write_NAND  test_flash_block_err.o
    0x081c58a4   0x00000158   Code   RO         1058    i.Test_ESAM         test_esam.o
    0x081c59fc   0x00000178   Code   RO          879    i.Test_ETH          test_eth.o
    0x081c5b74   0x000001c8   Code   RO          682    i.Test_FLASH_Block_Err  test_flash_block_err.o
    0x081c5d3c   0x0000012c   Code   RO          712    i.Test_FLASH_Life   test_flash_life.o
    0x081c5e68   0x00000006   Code   RO          917    i.Test_GPRS_MODULE  test_gprs.o
    0x081c5e6e   0x00000006   Code   RO         1114    i.Test_INOUT        test_inout.o
    0x081c5e74   0x000002ec   Code   RO         1138    i.Test_KEY_LED_BUZZER  test_key_led_buzzer.o
    0x081c6160   0x0000017c   Code   RO          825    i.Test_LAN8720A     test_lan8720a.o
    0x081c62dc   0x0000032c   Code   RO          622    i.Test_MT29FxG_NAND  test_mt29fxg_nand.o
    0x081c6608   0x00000220   Code   RO           11    i.Test_Main         test_main.o
    0x081c6828   0x00000006   Code   RO          554    i.Test_POWER        test_power.o
    0x081c682e   0x00000002   PAD
    0x081c6830   0x0000021c   Code   RO          772    i.Test_RTC          test_rtc.o
    0x081c6a4c   0x000000dc   Code   RO          773    i.Test_RX8025T_Read  test_rtc.o
    0x081c6b28   0x0000001c   Code   RO          402    i.Test_ReStartOS    test.o
    0x081c6b44   0x00000022   Code   RO          774    i.Test_ReadRTC      test_rtc.o
    0x081c6b66   0x00000002   PAD
    0x081c6b68   0x0000026c   Code   RO         6110    i.Test_SDRAM        TEST.lib(test_sdram.o)
    0x081c6dd4   0x000002e8   Code   RO          579    i.Test_STM32F4xx    test_stm32f4xx.o
    0x081c70bc   0x00000398   Code   RO          855    i.Test_UART         test_uart.o
    0x081c7454   0x0000001a   Code   RO          775    i.Test_WriteRTC     test_rtc.o
    0x081c746e   0x00000002   PAD
    0x081c7470   0x00000078   Code   RO         3657    i.UART0_Init        TEST.lib(stm32f4xx_uart.o)
    0x081c74e8   0x00000084   Code   RO         3658    i.UART1_Init        TEST.lib(stm32f4xx_uart.o)
    0x081c756c   0x0000009c   Code   RO         3659    i.UART2_Init        TEST.lib(stm32f4xx_uart.o)
    0x081c7608   0x0000009c   Code   RO         3660    i.UART3_Init        TEST.lib(stm32f4xx_uart.o)
    0x081c76a4   0x00000084   Code   RO         3661    i.UART4_Init        TEST.lib(stm32f4xx_uart.o)
    0x081c7728   0x000000b0   Code   RO         3662    i.UART5_Init        TEST.lib(stm32f4xx_uart.o)
    0x081c77d8   0x00000058   Code   RO         3663    i.UART6_Init        TEST.lib(stm32f4xx_uart.o)
    0x081c7830   0x0000005c   Code   RO         3664    i.USART_Init        TEST.lib(stm32f4xx_uart.o)
    0x081c788c   0x00000044   Code   RO         3581    i.UnInit_SPI1       TEST.lib(stm32f4xx_spi.o)
    0x081c78d0   0x00000018   Code   RO         5797    i.UpArrow           TEST.lib(menu.o)
    0x081c78e8   0x00000002   Code   RO         3493    i.WWDT_Enable_Feed  TEST.lib(stm32f4xx_wdg.o)
    0x081c78ea   0x00000002   PAD
    0x081c78ec   0x00000044   Code   RO         6223    i.Wait_DMA_UARTn_TX  TEST.lib(stm32f4xx_dma.o)
    0x081c7930   0x00000084   Code   RO         4282    i.Wait_NAND         TEST.lib(nand.o)
    0x081c79b4   0x00000030   Code   RO         4728    i.Wait_SPI1_ByteTx  TEST.lib(ic_tesam.o)
    0x081c79e4   0x000000f8   Code   RO         3665    i.Wait_UARTn_Tx     TEST.lib(stm32f4xx_uart.o)
    0x081c7adc   0x00000054   Code   RO         4778    i.Write_ETH_PHYReg  TEST.lib(lan8720a.o)
    0x081c7b30   0x00000002   Code   RO           12    i._0                test_main.o
    0x081c7b32   0x00000002   PAD
    0x081c7b34   0x00000034   Code   RO         5346    i.hex_bcd           TEST.lib(calculate.o)
    0x081c7b68   0x00000150   Code   RO         6424    x$fpl$dadd          fz_wm.l(daddsub_clz.o)
    0x081c7cb8   0x000002b0   Code   RO         6431    x$fpl$ddiv          fz_wm.l(ddiv.o)
    0x081c7f68   0x0000005a   Code   RO         6434    x$fpl$dfixu         fz_wm.l(dfixu.o)
    0x081c7fc2   0x00000026   Code   RO         6438    x$fpl$dfltu         fz_wm.l(dflt_clz.o)
    0x081c7fe8   0x00000154   Code   RO         6444    x$fpl$dmul          fz_wm.l(dmul.o)
    0x081c813c   0x0000009c   Code   RO         6450    x$fpl$dnaninf       fz_wm.l(dnaninf.o)
    0x081c81d8   0x0000000c   Code   RO         6452    x$fpl$dretinf       fz_wm.l(dretinf.o)
    0x081c81e4   0x00000016   Code   RO         6425    x$fpl$drsb          fz_wm.l(daddsub_clz.o)
    0x081c81fa   0x00000002   PAD
    0x081c81fc   0x000001d4   Code   RO         6426    x$fpl$dsub          fz_wm.l(daddsub_clz.o)
    0x081c83d0   0x00000000   Code   RO         6454    x$fpl$usenofp       fz_wm.l(usenofp.o)
    0x081c83d0   0x0000006a   Data   RO           13    .constdata          test_main.o
    0x081c843a   0x00000002   PAD
    0x081c843c   0x00000088   Data   RO          250    .constdata          test_ver.o
    0x081c84c4   0x00000010   Data   RO         1139    .constdata          test_key_led_buzzer.o
    0x081c84d4   0x00000010   Data   RO         2565    .constdata          stm32f4xx_hal_rcc.o
    0x081c84e4   0x00000010   Data   RO         3020    .constdata          TEST.lib(stm32f4xx_rcc.o)
    0x081c84f4   0x00000330   Data   RO         3666    .constdata          TEST.lib(stm32f4xx_uart.o)
    0x081c8824   0x00000008   Data   RO         1238    Test_END            test_end.o


    Execution Region Test.INI (Base: 0x10008000, Size: 0x0000006c, Max: 0x00008000, ABSOLUTE)

    Base Addr    Size         Type   Attr      Idx    E Section Name        Object

    0x10008000   0x00000004   Data   RW          403    .data               test.o
    0x10008004   0x00000004   Data   RW         1265    .data               stm32f4xx_hal.o
    0x10008008   0x00000048   Zero   RW          623    .bss                test_mt29fxg_nand.o
    0x10008050   0x0000001c   Zero   RW         6111    .bss                TEST.lib(test_sdram.o)

