Component: ARM Compiler 5.06 update 4 (build 422) Tool: armlink [4d35d2]

==============================================================================

Section Cross References

    terminal_entry.o(RESET) refers to terminal_main.o(i.Terminal_Main) for Terminal_Main
    terminal_entry.o(RESET) refers to terminal_entry.o(.text) for NMI_Handler
    terminal_entry.o(RESET) refers to terminal_isr.o(i.RTC_Alarm_IRQHandler) for RTC_Alarm_IRQHandler
    terminal_entry.o(RESET) refers to terminal_isr.o(i.TIM7_IRQHandler) for TIM7_IRQHandler
    terminal_entry.o(RESET) refers to terminal_end.o(Terminal_END) for ADDR_Terminal_END
    terminal_entry.o(RESET) refers to terminal_init.o(i.Init_Terminal) for Init_Terminal
    terminal_entry.o(RESET) refers to terminal_init.o(i.Init_Terminal_SoftwareUpdate) for Init_Terminal_SoftwareUpdate
    terminal_entry.o(RESET) refers to terminal_ver.o(.constdata) for ADDR_Terminal_VER
    terminal_entry.o(RESET) refers to terminal_main.o(i._0) for _0
    terminal_entry.o(RESET) refers to i2_setinitlib_project2xx_user11xx.o(.emb_text) for ADDR_Terminal_Part_SetInitLib_Start
    terminal_entry.o(RESET) refers to os_event.o(i.netDHCP_Notify) for netDHCP_Notify
    terminal_entry.o(RESET) refers to os_event.o(i.netFTPc_Process) for netFTPc_Process
    terminal_entry.o(RESET) refers to os_event.o(i.netFTPc_Notify) for netFTPc_Notify
    display.o(i.DispalyStringContinue) refers to display.o(i.LanguageString) for LanguageString
    display.o(i.DispalyStringOnlyOneRow) refers to display.o(i.LanguageString) for LanguageString
    display.o(i.DisplayData_OffZero) refers to display.o(i.DisplayData) for DisplayData
    display.o(i.DisplayMenuString) refers to display.o(i.LanguageString) for LanguageString
    display.o(i.DisplayRATE) refers to calculate.o(i.hex_bcd) for hex_bcd
    display.o(i.DisplayRATE) refers to display.o(i.DisplayData_OffZero) for DisplayData_OffZero
    display.o(i.DisplayRATE) refers to extern_mrw.o(i.LCDDataOut) for LCDDataOut
    display.o(i.DisplayRam) refers to display.o(i.DisplayData) for DisplayData
    display.o(i.DisplayScrollUp) refers to display.o(i.DisplayClrRow) for DisplayClrRow
    display.o(i.DisplayString) refers to display.o(i.LanguageString) for LanguageString
    display.o(i.DisplayStringAutoUp) refers to display.o(i.LanguageString) for LanguageString
    display.o(i.DisplayStringAutoUp) refers to display.o(i.DisplayUpRow) for DisplayUpRow
    display.o(i.DisplayStringAutoUp) refers to display.o(i.DisplayClrRow) for DisplayClrRow
    display.o(i.DisplayStringAutoUp) refers to extern_mrw.o(i.LCDDataOut) for LCDDataOut
    display.o(i.DisplayUpRow) refers to display.o(i.DisplayClrRow) for DisplayClrRow
    displayloop_ico.o(i.DisplayLoop_BottomICO) refers to stm32f4xx_uart.o(i.Get_ADDR_UARTnCtrl) for Get_ADDR_UARTnCtrl
    displayloop_ico.o(i.DisplayLoop_BottomICO) refers to display.o(i.DisplayString) for DisplayString
    displayloop_ico.o(i.DisplayLoop_BottomICO) refers to calculate.o(i.bcd_hex) for bcd_hex
    displayloop_ico.o(i.DisplayLoop_BottomICO) refers to calculate.o(i.hex_bcd) for hex_bcd
    displayloop_ico.o(i.DisplayLoop_TopICO) refers to stm32f4xx_uart.o(i.Get_ADDR_UARTnCtrl) for Get_ADDR_UARTnCtrl
    displayloop_ico.o(i.DisplayLoop_TopICO) refers to display.o(i.DisplayString) for DisplayString
    displayerror.o(i.DisplayError) refers to display.o(i.DisplayClr) for DisplayClr
    displayerror.o(i.DisplayError) refers to display.o(i.DisplayString) for DisplayString
    displayerror.o(i.DisplayError) refers to displayerror.o(.constdata) for pTEXT_ERRORIC
    displayftp.o(i.DisplayFTP) refers to display.o(i.DisplayClr) for DisplayClr
    displayftp.o(i.DisplayFTP) refers to display.o(i.DisplayString) for DisplayString
    displayftp.o(i.DisplayFTP) refers to extern_mrw.o(i.MR) for MR
    displayftp.o(i.DisplayFTP) refers to displayftp.o(i.DisplayFTPStatus) for DisplayFTPStatus
    displayftp.o(i.DisplayFTP) refers to extern_mrw.o(i.MRR) for MRR
    displayftp.o(i.DisplayFTPStatus) refers to display.o(i.DisplayString) for DisplayString
    displayloop.o(i.DisplayLoop) refers to displayloop.o(i.TerminalDisplayLoopCount) for TerminalDisplayLoopCount
    displayloop.o(i.DisplayLoop) refers to display.o(i.DisplayClr) for DisplayClr
    displayloop.o(i.DisplayLoop) refers to displayloop_ico.o(i.DisplayLoop_TopICO) for DisplayLoop_TopICO
    displayloop.o(i.DisplayLoop) refers to displayloop_ico.o(i.DisplayLoop_BottomICO) for DisplayLoop_BottomICO
    displayloop.o(i.DisplayLoop) refers to displayloop_warning.o(i.DisplayLoop_Warning) for DisplayLoop_Warning
    displayloop.o(i.DisplayLoop) refers to displayloop_acsample.o(i.DisplayLoop_ACSample) for DisplayLoop_ACSample
    displayloop.o(i.DisplayLoop) refers to displayloop_contrl.o(i.DisplayLoop_Contrl) for DisplayLoop_Contrl
    displayloop.o(i.DisplayLoop) refers to displayloop_self.o(i.DisplayLoop_Info) for DisplayLoop_Info
[...]
    Wait_DMA_UARTn_TX                        0x0813ff09   Thumb Code    60  stm32f4xx_dma.o(i.Wait_DMA_UARTn_TX)
    Wait_NAND                                0x0813ff4d   Thumb Code   128  nand.o(i.Wait_NAND)
    Wait_ReadMeter_RealTime                  0x0813ffd1   Thumb Code   372  terminal_readmeter_afn0c_realtime.o(i.Wait_ReadMeter_RealTime)
    Wait_SPI1_ByteTx                         0x08140159   Thumb Code    40  ic_tesam.o(i.Wait_SPI1_ByteTx)
    Wait_UARTn_Tx                            0x08140189   Thumb Code   222  stm32f4xx_uart.o(i.Wait_UARTn_Tx)
    WarningCancel                            0x08140279   Thumb Code    28  warning.o(i.WarningCancel)
    WarningOccur                             0x08140299   Thumb Code   154  warning.o(i.WarningOccur)
    WinDataComp                              0x0814033d   Thumb Code    76  calculate.o(i.WinDataComp)
    WriteAutoReportWord                      0x08140389   Thumb Code   380  terminal_afn0e_event.o(i.WriteAutoReportWord)
    WriteFileSegmentFlag                     0x0814050d   Thumb Code    58  terminal_uart_afn0f_file.o(i.WriteFileSegmentFlag)
    WriteRTC                                 0x0814054d   Thumb Code    38  rtc.o(i.WriteRTC)
    Write_ETH_PHYReg                         0x08140575   Thumb Code    78  lan8720a.o(i.Write_ETH_PHYReg)
    Write_STM32F4xx_RTC                      0x081405c9   Thumb Code   200  stm32f4xx_rtc.o(i.Write_STM32F4xx_RTC)
    YMDCalculateW                            0x0814069d   Thumb Code   180  calculate.o(i.YMDCalculateW)
    YMDHMS_AddS                              0x08140751   Thumb Code    78  calculate.o(i.YMDHMS_AddS)
    YMDHMS_Sec                               0x081407a1   Thumb Code   140  calculate.o(i.YMDHMS_Sec)
    YMDHMS_SubS                              0x08140835   Thumb Code    94  calculate.o(i.YMDHMS_SubS)
    YMDHM_AddM                               0x08140893   Thumb Code   124  calculate.o(i.YMDHM_AddM)
    YMDHM_Int15                              0x0814090f   Thumb Code    52  calculate.o(i.YMDHM_Int15)
    YMDHM_SubM                               0x08140943   Thumb Code   170  calculate.o(i.YMDHM_SubM)
    YMDH_AddH                                0x081409ed   Thumb Code    50  calculate.o(i.YMDH_AddH)
    YMDH_SubH                                0x08140a1f   Thumb Code    50  calculate.o(i.YMDH_SubH)
    YMD_Add1D                                0x08140a51   Thumb Code   130  calculate.o(i.YMD_Add1D)
    YMD_Sub1D                                0x08140ad9   Thumb Code   110  calculate.o(i.YMD_Sub1D)
    YM_Add1M                                 0x08140b4d   Thumb Code    62  calculate.o(i.YM_Add1M)
    YM_D                                     0x08140b8d   Thumb Code    50  calculate.o(i.YM_D)
    YM_Sub1M                                 0x08140bc5   Thumb Code    60  calculate.o(i.YM_Sub1M)
    _0                                       0x08140c01   Thumb Code     2  terminal_main.o(i._0)
    bcd16_hex                                0x08140c03   Thumb Code    94  calculate.o(i.bcd16_hex)
    bcd_hex                                  0x08140c61   Thumb Code    42  calculate.o(i.bcd_hex)
    hex_bcd                                  0x08140c8d   Thumb Code    46  calculate.o(i.hex_bcd)
    hex_bcd16                                0x08140cc1   Thumb Code   110  calculate.o(i.hex_bcd16)
    kW_Data02                                0x08140d39   Thumb Code    82  dataconversion.o(i.kW_Data02)
    kWh_Data03                               0x08140d8d   Thumb Code   132  dataconversion.o(i.kWh_Data03)
    netDHCP_Notify                           0x08140e15   Thumb Code    96  os_event.o(i.netDHCP_Notify)
    netFTPc_Notify                           0x08140e81   Thumb Code    36  os_event.o(i.netFTPc_Notify)
    netFTPc_Process                          0x08140ea5   Thumb Code    42  os_event.o(i.netFTPc_Process)
    tcp_cb_client                            0x08140ecf   Thumb Code   206  ethernet.o(i.tcp_cb_client)
    udp_callback                             0x08140f9d   Thumb Code   154  ethernet.o(i.udp_callback)
    __aeabi_dadd                             0x08141039   Thumb Code     0  daddsub_clz.o(x$fpl$dadd)
    _dadd                                    0x08141039   Thumb Code   332  daddsub_clz.o(x$fpl$dadd)
    __aeabi_ddiv                             0x08141189   Thumb Code     0  ddiv.o(x$fpl$ddiv)
    _ddiv                                    0x08141189   Thumb Code   552  ddiv.o(x$fpl$ddiv)
    __aeabi_d2uiz                            0x08141439   Thumb Code     0  dfixu.o(x$fpl$dfixu)
    _dfixu                                   0x08141439   Thumb Code    90  dfixu.o(x$fpl$dfixu)
    __aeabi_ui2d                             0x08141493   Thumb Code     0  dflt_clz.o(x$fpl$dfltu)
    _dfltu                                   0x08141493   Thumb Code    38  dflt_clz.o(x$fpl$dfltu)
    __aeabi_dmul                             0x081414b9   Thumb Code     0  dmul.o(x$fpl$dmul)
    _dmul                                    0x081414b9   Thumb Code   332  dmul.o(x$fpl$dmul)
    __fpl_dnaninf                            0x0814160d   Thumb Code   156  dnaninf.o(x$fpl$dnaninf)
    __fpl_dretinf                            0x081416a9   Thumb Code    12  dretinf.o(x$fpl$dretinf)
    __aeabi_drsub                            0x081416b5   Thumb Code     0  daddsub_clz.o(x$fpl$drsb)
    _drsb                                    0x081416b5   Thumb Code    22  daddsub_clz.o(x$fpl$drsb)
    __aeabi_dsub                             0x081416cd   Thumb Code     0  daddsub_clz.o(x$fpl$dsub)
    _dsub                                    0x081416cd   Thumb Code   464  daddsub_clz.o(x$fpl$dsub)
    TEXT_ERRORIC0                            0x081418a0   Data          17  displayerror.o(.constdata)
    __I$use$fp                               0x081418a0   Number         0  usenofp.o(x$fpl$usenofp)
    TEXT_ERRORIC1                            0x081418b1   Data          14  displayerror.o(.constdata)
    TEXT_ERRORIC2                            0x081418bf   Data          11  displayerror.o(.constdata)
    TEXT_ERRORIC3                            0x081418ca   Data          12  displayerror.o(.constdata)
    TEXT_ERRORIC4                            0x081418d6   Data          11  displayerror.o(.constdata)
    TEXT_ERRORIC5                            0x081418e1   Data           9  displayerror.o(.constdata)
    TEXT_ERRORIC6                            0x081418ea   Data          11  displayerror.o(.constdata)
    TEXT_ERRORIC7                            0x081418f5   Data          11  displayerror.o(.constdata)
    TEXT_ERRORIC8                            0x08141900   Data           9  displayerror.o(.constdata)
    TEXT_ERRORIC9                            0x08141909   Data           9  displayerror.o(.constdata)
    TEXT_ERRORIC10                           0x08141912   Data          11  displayerror.o(.constdata)
    TEXT_ERRORIC11                           0x0814191d   Data           8  displayerror.o(.constdata)
    TEXT_ERRORIC12                           0x08141925   Data           8  displayerror.o(.constdata)
    TEXT_ERRORIC13                           0x0814192d   Data          14  displayerror.o(.constdata)
    TEXT_ERRORIC14                           0x0814193b   Data           3  displayerror.o(.constdata)
    TEXT_ERRORIC15                           0x0814193e   Data          11  displayerror.o(.constdata)
    TEXT_ERRORIC16                           0x08141949   Data          11  displayerror.o(.constdata)
    TEXT_ERRORIC17                           0x08141954   Data          14  displayerror.o(.constdata)
    TEXT_ERRORIC18                           0x08141962   Data          15  displayerror.o(.constdata)
    TEXT_ERRORIC19                           0x08141971   Data          13  displayerror.o(.constdata)
    TEXT_ERRORIC20                           0x0814197e   Data           6  displayerror.o(.constdata)
    TEXT_ERRORIC21                           0x08141984   Data           6  displayerror.o(.constdata)
    TEXT_ERRORIC22                           0x0814198a   Data           6  displayerror.o(.constdata)
    TEXT_ERRORIC23                           0x08141990   Data           6  displayerror.o(.constdata)
    TEXT_ERRORIC24                           0x08141996   Data           6  displayerror.o(.constdata)
    TEXT_ERRORIC25                           0x0814199c   Data           6  displayerror.o(.constdata)
    TEXT_ERRORIC26                           0x081419a2   Data           6  displayerror.o(.constdata)
    TEXT_ERRORIC27                           0x081419a8   Data          15  displayerror.o(.constdata)
    TEXT_ERRORIC28                           0x081419b7   Data          15  displayerror.o(.constdata)
    TEXT_ERRORIC29                           0x081419c6   Data          10  displayerror.o(.constdata)
    TEXT_ERRORIC30                           0x081419d0   Data           7  displayerror.o(.constdata)
    TEXT_ERRORIC31                           0x081419d7   Data           8  displayerror.o(.constdata)
    pTEXT_ERRORIC                            0x081419e0   Data         128  displayerror.o(.constdata)
    MothVSDate                               0x08141a60   Data          13  calculate.o(.constdata)
    ADDR_Terminal_VER                        0x08141a70   Data         136  terminal_ver.o(.constdata)
    AutoEvent_Example                        0x08141af8   Data          22  terminal_uart_autoevent.o(.constdata)
    AutoEventMeter_Example                   0x08141b0e   Data          27  terminal_uart_autoevent.o(.constdata)
    ClassData_Example                        0x08141b29   Data          14  terminal_uart_timertask.o(.constdata)
    Heartberat_Example                       0x08141b37   Data          20  terminal_uart_afn02_heartbeat.o(.constdata)
    CurveSetFnList                           0x08141b4b   Data          38  terminal_afn04_paramter_check.o(.constdata)
    TerminalParamterLib                      0x08141b71   Data        2450  terminal_afn04_paramter_lib.o(.constdata)
    TerminalCommandUartLib                   0x08142503   Data        1500  terminal_afn05_command_lib.o(.constdata)
    ADDR_AFN09F1                             0x08142adf   Data          41  terminal_uart_afn09f1.o(.constdata)
    AFN09F2_Addr                             0x08142b08   Data          89  terminal_uart_afn09_configure.o(.constdata)
    AFN09F3_Addr                             0x08142b61   Data          35  terminal_uart_afn09_configure.o(.constdata)
    AFN09F8_Addr                             0x08142b84   Data           8  terminal_uart_afn09_configure.o(.constdata)
    Terminal_Class1DataLib                   0x08142b8c   Data        3132  terminal_afn0c_realtimedata_lib.o(.constdata)
    Terminal_HourCongealLib                  0x081437c8   Data         512  terminal_afn0c_realtimedata_lib.o(.constdata)
    Terminal_Class2DataLib                   0x081439c8   Data        4482  terminal_afn0d_congealdata_lib.o(.constdata)
    Terminal_Class2SourceDataLib             0x08144b4a   Data         392  terminal_afn0d_sourcedata_lib.o(.constdata)
    PIN_SwitchIn_List                        0x08144cd2   Data           8  terminal_switchin.o(.constdata)
    DL645_2007_RMLib                         0x08144cdc   Data         348  terminal_readmeter_dl645_2007_lib.o(.constdata)
    DL645_1997_RMLib                         0x08144e38   Data         260  terminal_readmeter_dl645_1997_lib.o(.constdata)
    TC_Example1                              0x08144f3c   Data          31  autosearchmeter_3762.o(.constdata)
    ES_Example1                              0x08144f5b   Data          35  autosearchmeter_3762.o(.constdata)
    UART_PORT_List                           0x08144f80   Data         748  stm32f4xx_uart.o(.constdata)
    UART_PORT_LEN_TxMax_List                 0x0814526c   Data          68  stm32f4xx_uart.o(.constdata)
    RCC_APBAHBPrescTable                     0x081452b0   Data          16  stm32f4xx_rcc.o(.constdata)
    ADDR_Terminal_END                        0x08145370   Data           0  terminal_end.o(Terminal_END)



==============================================================================

Memory Map of the image

  Image Entry point : 0x0810424d

  Load Region LOAD_Terminal (Base: 0x08100000, Size: 0x00045370, Max: 0x000c0000, ABSOLUTE)

    Execution Region Terminal376.HEX (Base: 0x08100000, Size: 0x00045370, Max: 0x000c0000, ABSOLUTE)

    Base Addr    Size         Type   Attr      Idx    E Section Name        Object

    0x08100000   0x00000230   Data   RO            1    RESET               terminal_entry.o
    0x08100230   0x00000034   Code   RO         1259    .emb_text           terminal_main.o
    0x08100264   0x00002604   Code   RO         2154    .emb_text           i2_setinitlib_project2xx_user11xx.o
    0x08102868   0x000005a0   Code   RO         2383    .emb_text           gprs_3763.o
    0x08102e08   0x00001094   Code   RO         6169    .emb_text           terminal_readmeter_dl645_2007_lib.o
    0x08103e9c   0x0000039c   Code   RO         6298    .emb_text           terminal_readmeter_dl645_1997_lib.o
    0x08104238   0x00000018   Code   RO            2  * .text               terminal_entry.o
    0x08104250   0x000000ee   Code   RO         9596    .text               c_w.l(lludivv7m.o)
    0x0810433e   0x00000026   Code   RO         9598    .text               c_w.l(llshl.o)
    0x08104364   0x0000001e   Code   RO         3140    i.ACSampleVoltageCurvePn  terminal_afn04_paramter_check.o
    0x08104382   0x00000002   PAD
    0x08104384   0x00000118   Code   RO         8971    i.ADCx              STM32F4xxLIB_376.lib(stm32f4xx_adc.o)
    0x0810449c   0x00000074   Code   RO         3141    i.AFN04F150_Computer  terminal_afn04_paramter_check.o
    0x08104510   0x00000080   Code   RO         3263    i.AFN04_Configure   terminal_afn04_paramter_lib.o
    0x08104590   0x00000080   Code   RO         3348    i.AFN05_Configure   terminal_afn05_command_lib.o
    0x08104610   0x00000094   Code   RO         3885    i.AFN0C_Configure   terminal_afn0c_realtimedata_lib.o
    0x081046a4   0x0000040c   Code   RO         4537    i.AFN0C_Full_CurveCongeal_Buff  terminal_afn0d_congealdata.o
    0x08104ab0   0x000004e0   Code   RO         4538    i.AFN0C_Full_DateCongeal_Buff  terminal_afn0d_congealdata.o
    0x08104f90   0x000004c0   Code   RO         4539    i.AFN0C_Full_MonthCongeal_Buff  terminal_afn0d_congealdata.o
    0x08105450   0x00000174   Code   RO         4540    i.AFN0C_Full_RMDateCongeal_Buff  terminal_afn0d_congealdata.o
    0x081055c4   0x00000002   Code   RO         5129    i.AFN0DF121F122F123_Computer  terminal_statistic.o
    0x081055c6   0x00000002   Code   RO         5131    i.AFN0DF124F125F126_Computer  terminal_statistic.o
    0x081055c8   0x00000002   Code   RO         5132    i.AFN0DF129F130_Computer  terminal_statistic.o
    0x081055ca   0x00000002   PAD
    0x081055cc   0x00000124   Code   RO         5133    i.AFN0DF211_Computer  terminal_statistic.o
    0x081056f0   0x00000134   Code   RO         5134    i.AFN0DF212_Computer  terminal_statistic.o
    0x08105824   0x000001b0   Code   RO         5135    i.AFN0DF25F33_Computer  terminal_statistic.o
    0x081059d4   0x0000022c   Code   RO         5273    i.AFN0DF26F34_Computer  terminal_statistic_e.o
    0x08105c00   0x0000137c   Code   RO         5274    i.AFN0DF27F35_Computer  terminal_statistic_e.o
    0x08106f7c   0x000006d8   Code   RO         5136    i.AFN0DF28F36_Computer  terminal_statistic.o
    0x08107654   0x00000a10   Code   RO         5137    i.AFN0DF29F37_Computer  terminal_statistic.o
    0x08108064   0x000005b0   Code   RO         5138    i.AFN0DF30F38_Computer  terminal_statistic.o
    0x08108614   0x000001fc   Code   RO         5139    i.AFN0DF31F39_Computer  terminal_statistic.o
    0x08108810   0x00000194   Code   RO         5140    i.AFN0DF43F44_Computer  terminal_statistic.o
    0x081089a4   0x000002dc   Code   RO         5141    i.AFN0DF57F60_Computer  terminal_statistic.o
    0x08108c80   0x00000250   Code   RO         5142    i.AFN0DF65F66_Computer  terminal_statistic.o
    0x08108ed0   0x000000a4   Code   RO         4170    i.AFN0D_Configure   terminal_afn0d_congealdata_lib.o
    0x08108f74   0x00000048   Code   RO          658    i.ASCII_BCD         calculate.o
    0x08108fbc   0x00000044   Code   RO          659    i.ASCII_HEX         calculate.o
    0x08109000   0x000000ac   Code   RO         2338    i.ATRxSearch        atstring.o
    0x081090ac   0x000000d4   Code   RO         4203    i.AddCurveCongeal   terminal_afn0d_congealdata_fn.o
    0x08109180   0x00000050   Code   RO         4204    i.AddDateCongeal    terminal_afn0d_congealdata_fn.o
    0x081091d0   0x00000050   Code   RO         4205    i.AddMonthCongeal   terminal_afn0d_congealdata_fn.o
    0x08109220   0x00000040   Code   RO         7029    i.AutoSearchMeter_3762  autosearchmeter_3762.o
    0x08109260   0x00000388   Code   RO         7030    i.AutoSearchMeter_3762_01  autosearchmeter_3762.o
    0x081095e8   0x0000047c   Code   RO         7031    i.AutoSearchMeter_3762_ES  autosearchmeter_3762.o
    0x08109a64   0x000004b0   Code   RO         7032    i.AutoSearchMeter_3762_TC  autosearchmeter_3762.o
    0x08109f14   0x00000630   Code   RO         7005    i.AutoSearchMeter_RS485_DL645  autosearchmeter_rs485.o
    0x0810a544   0x00000500   Code   RO         6963    i.AutoSetAFN04F10   autosearchmeter.o
    0x0810aa44   0x00000068   Code   RO         6964    i.AutoUpdataAFN04F10ERC3  autosearchmeter.o
    0x0810aaac   0x000001bc   Code   RO         5390    i.Average_Voltage   average_voltage.o
    0x0810ac68   0x0000003e   Code   RO          661    i.BCD_ASCII         calculate.o
    0x0810aca6   0x00000002   PAD
    0x0810aca8   0x0000003c   Code   RO         9233    i.BLOCK_Write_NAND  STM32F4xxLIB_376.lib(nand.o)
    0x0810ace4   0x00000158   Code   RO         9234    i.BLOCK_Write_NAND_16  STM32F4xxLIB_376.lib(nand.o)
    0x0810ae3c   0x0000017c   Code   RO         9235    i.BLOCK_Write_NAND_8  STM32F4xxLIB_376.lib(nand.o)
    0x0810afb8   0x00000050   Code   RO         5561    i.BUZZCTRL          terminal_contrl_out.o
    0x0810b008   0x00000058   Code   RO         9312    i.BUZZ_Generate     STM32F4xxLIB_376.lib(ic_buzz.o)
    0x0810b060   0x00001048   Code   RO         7113    i.BatchTask_3762_SETRTC  batchtask_3762.o
    0x0810c0a8   0x00000c0c   Code   RO         7074    i.BatchTask_RS485_SETRTC  batchtask_rs485.o
    0x0810ccb4   0x00000060   Code   RO         9387    i.Battery_Data_Save  STM32F4xxLIB_376.lib(data_save.o)
    0x0810cd14   0x0000001c   Code   RO          662    i.BitLoca           calculate.o
    0x0810cd30   0x0000001a   Code   RO          663    i.BitNum            calculate.o
    0x0810cd4a   0x00000076   Code   RO         9236    i.BlockErase_NAND   STM32F4xxLIB_376.lib(nand.o)
    0x0810cdc0   0x00000002   Code   RO         3020    i.Cascading         terminal_uart_cascading.o
    0x0810cdc2   0x00000024   Code   RO         6212    i.Change0xFFTo0xEE  terminal_readmeter_dl645_2007_fndata.o
    0x0810cde6   0x00000002   PAD
    0x0810cde8   0x000000ec   Code   RO         4206    i.CheckCurveCongeal  terminal_afn0d_congealdata_fn.o
    0x0810ced4   0x00000078   Code   RO         3638    i.CheckFileSegmentFlag  terminal_uart_afn0f_file.o
    0x0810cf4c   0x0000005c   Code   RO         4208    i.CheckMonthCongeal  terminal_afn0d_congealdata_fn.o
    0x0810cfa8   0x00000050   Code   RO         3142    i.Check_ACSamplePn  terminal_afn04_paramter_check.o
    0x0810cff8   0x00000098   Code   RO         3143    i.Check_AFN04F10_Addr  terminal_afn04_paramter_check.o
    0x0810d090   0x0000001c   Code   RO         3144    i.Check_AFN04F10_Pn  terminal_afn04_paramter_check.o
    0x0810d0ac   0x00000038   Code   RO         3145    i.Check_AFN04F11_Pn  terminal_afn04_paramter_check.o
    0x0810d0e4   0x00000038   Code   RO         3146    i.Check_AFN04F13_Pn  terminal_afn04_paramter_check.o
    0x0810d11c   0x000000d0   Code   RO         4783    i.Check_AutoReportWord  terminal_afn0e_event.o
    0x0810d1ec   0x0000001e   Code   RO          664    i.Check_BCD         calculate.o
    0x0810d20a   0x00000036   Code   RO          665    i.Check_HMS         calculate.o
    0x0810d240   0x00000038   Code   RO         4784    i.Check_Meter_Event_Save  terminal_afn0e_event.o
    0x0810d278   0x0000006c   Code   RO          667    i.Check_YMD         calculate.o
    0x0810d2e4   0x00000026   Code   RO          668    i.Check_YMDHMS      calculate.o
    0x0810d30a   0x00000002   PAD
    0x0810d30c   0x00000140   Code   RO         3930    i.Class1Data_Fn     terminal_afn0c_realtimedata_fn.o
    0x0810d44c   0x00000058   Code   RO         3931    i.Class1Data_FnOnly  terminal_afn0c_realtimedata_fn.o
    0x0810d4a4   0x0000012a   Code   RO         3932    i.Class1_F33_F34_F37_F38  terminal_afn0c_realtimedata_fn.o
    0x0810d5ce   0x00000148   Code   RO         3933    i.Class1_F35_F36_F39_F40  terminal_afn0c_realtimedata_fn.o
    0x0810d716   0x00000002   PAD
    0x0810d718   0x00000348   Code   RO         4541    i.Class2Congeal_AutoRW  terminal_afn0d_congealdata.o
    0x0810da60   0x00000124   Code   RO         4209    i.Class2Data_Fn     terminal_afn0d_congealdata_fn.o
    0x0810db84   0x00000058   Code   RO         4210    i.Class2Data_FnOnly  terminal_afn0d_congealdata_fn.o
    0x0810dbdc   0x000001d0   Code   RO         4211    i.Class2Group_F1_F2_F9_F10_F17_F18  terminal_afn0d_congealdata_fn.o
    0x0810ddac   0x000001cc   Code   RO         4212    i.Class2Group_F3_F4_F11_F12_F19_F20  terminal_afn0d_congealdata_fn.o
    0x0810df78   0x00000102   Code   RO         4213    i.Class2_Group      terminal_afn0d_congealdata_fn.o
    0x0810e07a   0x00000002   PAD
    0x0810e07c   0x00000024   Code   RO         4785    i.ClrERC29SOUR      terminal_afn0e_event.o
    0x0810e0a0   0x0000002e   Code   RO         6403    i.ClrRMEvene        terminal_readmeter_event.o
    0x0810e0ce   0x00000002   PAD
    0x0810e0d0   0x0000006c   Code   RO         6643    i.ClrRMTaskComplete_3762  terminal_uart_3762_manage.o
    0x0810e13c   0x000000b0   Code   RO         5967    i.ClrRMTaskCompletes_RS485  terminal_readmeter_rs485.o
    0x0810e1ec   0x00000048   Code   RO         2852    i.CopyDI            terminal_uart_3761_com.o
    0x0810e234   0x00000014   Code   RO          672    i.CopyString        calculate.o
    0x0810e248   0x00000084   Code   RO         4215    i.CreateDateCongealNo  terminal_afn0d_congealdata_fn.o
    0x0810e2cc   0x00000084   Code   RO         4216    i.CreateMonthCongealNo  terminal_afn0d_congealdata_fn.o
    0x0810e350   0x00000044   Code   RO         4217    i.CurveCongeal_YMDHM  terminal_afn0d_congealdata_fn.o
    0x0810e394   0x00000024   Code   RO         5747    i.Curve_Fn_YesNo    terminal_readmeter_fn_project2xx_user11xx.o
    0x0810e3b8   0x000000be   Code   RO         2853    i.DItoFnPn          terminal_uart_3761_com.o
    0x0810e476   0x000000a4   Code   RO         6085    i.DL645_1997_RxData  terminal_readmeter_dl645.o
    0x0810e51a   0x00000002   PAD
    0x0810e51c   0x0000003c   Code   RO         6170    i.DL645_2007_DI_To_RMCount  terminal_readmeter_dl645_2007_lib.o
    0x0810e558   0x00000096   Code   RO         6086    i.DL645_2007_RxData  terminal_readmeter_dl645.o
    0x0810e5ee   0x0000004a   Code   RO         6087    i.DL645_68H_Add33H_CS_16H  terminal_readmeter_dl645.o
    0x0810e638   0x0000011a   Code   RO         6088    i.DL645_Rx          terminal_readmeter_dl645.o
    0x0810e752   0x00000002   PAD
    0x0810e754   0x000000e0   Code   RO         9003    i.DMA_UARTn_RX      STM32F4xxLIB_376.lib(stm32f4xx_dma.o)
    0x0810e834   0x00000084   Code   RO         9004    i.DMA_UARTn_RX_Pointer  STM32F4xxLIB_376.lib(stm32f4xx_dma.o)
    0x0810e8b8   0x00000114   Code   RO         9005    i.DMA_UARTn_TX      STM32F4xxLIB_376.lib(stm32f4xx_dma.o)
    0x0810e9cc   0x0000004c   Code   RO         9006    i.DMAx_STREAMx_CHx_RX  STM32F4xxLIB_376.lib(stm32f4xx_dma.o)
    0x0810ea18   0x00000044   Code   RO         9007    i.DMAx_STREAMx_CHx_TX  STM32F4xxLIB_376.lib(stm32f4xx_dma.o)
    0x0810ea5c   0x00000020   Code   RO         9208    i.DMW               STM32F4xxLIB_376.lib(extern_mrw.o)
    0x0810ea7c   0x00000028   Code   RO         9209    i.DMWR              STM32F4xxLIB_376.lib(extern_mrw.o)
    0x0810eaa4   0x00000046   Code   RO         1175    i.Data02_kW         dataconversion.o
    0x0810eaea   0x00000046   Code   RO         1176    i.Data03_kWh        dataconversion.o
    0x0810eb30   0x00000078   Code   RO          673    i.DataComp          calculate.o
    0x0810eba8   0x0000002e   Code   RO         1177    i.Data_0xFFto0xEE   dataconversion.o
    0x0810ebd6   0x0000002a   Code   RO          674    i.Data_Inverse      calculate.o
    0x0810ec00   0x0000006c   Code   RO         8990    i.Data_Save_CRC     STM32F4xxLIB_376.lib(stm32f4xx_crc.o)
    0x0810ec6c   0x000000d8   Code   RO         5748    i.DateCongeal_Fn_YesNo  terminal_readmeter_fn_project2xx_user11xx.o
    0x0810ed44   0x00000002   Code   RO         6882    i.DateRMFlags       terminal_readmeter_note.o
    0x0810ed46   0x00000002   PAD
    0x0810ed48   0x00000128   Code   RO         9114    i.DeepPowerDown     STM32F4xxLIB_376.lib(stm32f4xx_pwr.o)
    0x0810ee70   0x00000174   Code   RO         6404    i.DelRMEvene        terminal_readmeter_event.o
    0x0810efe4   0x00000002   Code   RO         9238    i.Disable_Internal_ECC  STM32F4xxLIB_376.lib(nand.o)
    0x0810efe6   0x00000002   PAD
    0x0810efe8   0x0000002c   Code   RO         9333    i.Disable_os        STM32F4xxLIB_376.lib(os.o)
    0x0810f014   0x00000230   Code   RO           11    i.DispalyAlign      display.o
    0x0810f244   0x00000098   Code   RO           12    i.DispalyStringContinue  display.o
    0x0810f2dc   0x000000e4   Code   RO           13    i.DispalyStringOnlyOneRow  display.o
    0x0810f3c0   0x00000028   Code   RO           14    i.DisplayClr        display.o
    0x0810f3e8   0x00000030   Code   RO           15    i.DisplayClrRow     display.o
    0x0810f418   0x00000088   Code   RO           16    i.DisplayData       display.o
    0x0810f4a0   0x00000074   Code   RO           18    i.DisplayData_OffZero  display.o
    0x0810f514   0x0000005c   Code   RO          293    i.DisplayError      displayerror.o
    0x0810f570   0x00000250   Code   RO          350    i.DisplayFTP        displayftp.o
    0x0810f7c0   0x000000a8   Code   RO          351    i.DisplayFTPStatus  displayftp.o
    0x0810f868   0x00000154   Code   RO          383    i.DisplayLoop       displayloop.o
    0x0810f9bc   0x000005d8   Code   RO          434    i.DisplayLoop_ACSample  displayloop_acsample.o
    0x0810ff94   0x0000018c   Code   RO          251    i.DisplayLoop_BottomICO  displayloop_ico.o
    0x08110120   0x00000002   Code   RO          488    i.DisplayLoop_Contrl  displayloop_contrl.o
    0x08110122   0x00000002   PAD
    0x08110124   0x00000574   Code   RO          536    i.DisplayLoop_Info  displayloop_self.o
    0x08110698   0x00000204   Code   RO          252    i.DisplayLoop_TopICO  displayloop_ico.o
    0x0811089c   0x00000060   Code   RO          561    i.DisplayLoop_Warning  displayloop_warning.o
    0x081108fc   0x000001b8   Code   RO           19    i.DisplayMenuString  display.o
    0x08110ab4   0x0000022c   Code   RO         6766    i.DisplayRouterVer  terminal_readmeter_3762.o
    0x08110ce0   0x00000188   Code   RO           23    i.DisplayString     display.o
    0x08110e68   0x000001b0   Code   RO           24    i.DisplayStringAutoUp  display.o
    0x08111018   0x00000074   Code   RO           25    i.DisplayUpRow      display.o
    0x0811108c   0x0000018c   Code   RO          562    i.DisplayWarningString  displayloop_warning.o
    0x08111218   0x00000044   Code   RO          435    i.Display_C         displayloop_acsample.o
    0x0811125c   0x00000030   Code   RO          436    i.Display_E         displayloop_acsample.o
    0x0811128c   0x00000044   Code   RO          437    i.Display_I         displayloop_acsample.o
    0x081112d0   0x00000044   Code   RO          438    i.Display_P         displayloop_acsample.o
    0x08111314   0x000000b4   Code   RO          439    i.Display_YMDHM     displayloop_acsample.o
    0x081113c8   0x00000408   Code   RO         4786    i.ERC10_Event       terminal_afn0e_event.o
    0x081117d0   0x0000008c   Code   RO         4787    i.ERC10_Event_Write  terminal_afn0e_event.o
    0x0811185c   0x000000dc   Code   RO         4788    i.ERC11_Event       terminal_afn0e_event.o
    0x08111938   0x00000158   Code   RO         4789    i.ERC12_Event       terminal_afn0e_event.o
    0x08111a90   0x00000158   Code   RO         4790    i.ERC13_Event       terminal_afn0e_event.o
    0x08111be8   0x000004f0   Code   RO         1824    i.ERC14_Event       terminal_powerdown.o
    0x081120d8   0x00000088   Code   RO         4791    i.ERC14_Event_End   terminal_afn0e_event.o
    0x08112160   0x00000064   Code   RO         4792    i.ERC14_Event_Start  terminal_afn0e_event.o
    0x081121c4   0x00000074   Code   RO         4793    i.ERC17_Event       terminal_afn0e_event.o
    0x08112238   0x00000060   Code   RO         4794    i.ERC1_Event        terminal_afn0e_event.o
    0x08112298   0x00000054   Code   RO         4795    i.ERC20_Event       terminal_afn0e_event.o
    0x081122ec   0x000000b4   Code   RO         4796    i.ERC21_Event       terminal_afn0e_event.o
    0x081123a0   0x00000378   Code   RO         4797    i.ERC22_Event       terminal_afn0e_event.o
    0x08112718   0x000000cc   Code   RO         4022    i.ERC22_TotalEnergy_Computer  terminal_afn0c_realtimedata.o
    0x081127e4   0x0000005c   Code   RO         4798    i.ERC24_Event       terminal_afn0e_event.o
    0x08112840   0x0000005c   Code   RO         4799    i.ERC25_Event       terminal_afn0e_event.o
    0x0811289c   0x00000060   Code   RO         4800    i.ERC26_Event       terminal_afn0e_event.o
    0x081128fc   0x00000088   Code   RO         4801    i.ERC27_Event       terminal_afn0e_event.o
    0x08112984   0x00000420   Code   RO         4802    i.ERC29_Event       terminal_afn0e_event.o
    0x08112da4   0x000001b0   Code   RO         4804    i.ERC30_Event       terminal_afn0e_event.o
    0x08112f54   0x000000bc   Code   RO         4805    i.ERC31_Event       terminal_afn0e_event.o
    0x08113010   0x00000044   Code   RO         4806    i.ERC32_Event       terminal_afn0e_event.o
    0x08113054   0x0000003c   Code   RO         4807    i.ERC33_Event       terminal_afn0e_event.o
    0x08113090   0x0000005c   Code   RO         4808    i.ERC35_Event       terminal_afn0e_event.o
    0x081130ec   0x0000003c   Code   RO         4809    i.ERC37_Event       terminal_afn0e_event.o
    0x08113128   0x0000003c   Code   RO         4810    i.ERC38_Event       terminal_afn0e_event.o
    0x08113164   0x00000198   Code   RO         4811    i.ERC39_Event       terminal_afn0e_event.o
    0x081132fc   0x000000fc   Code   RO         4812    i.ERC39_Event_Cancel  terminal_afn0e_event.o
    0x081133f8   0x0000007c   Code   RO         4813    i.ERC3_Event        terminal_afn0e_event.o
    0x08113474   0x00000050   Code   RO         4814    i.ERC40_Meter_Event  terminal_afn0e_event.o
    0x081134c4   0x00000016   Code   RO         4815    i.ERC41_Event       terminal_afn0e_event.o
    0x081134da   0x00000002   PAD
    0x081134dc   0x00000070   Code   RO         4816    i.ERC41_Meter_Event  terminal_afn0e_event.o
    0x0811354c   0x00000028   Code   RO         4817    i.ERC45_Event       terminal_afn0e_event.o
    0x08113574   0x00000030   Code   RO         4818    i.ERC4_Event        terminal_afn0e_event.o
    0x081135a4   0x00000194   Code   RO         4819    i.ERC8_Event        terminal_afn0e_event.o
    0x08113738   0x000001d4   Code   RO         4820    i.ERC9_3_Event      terminal_afn0e_event.o
    0x0811390c   0x0000008c   Code   RO         4821    i.ERC9_Event_Write  terminal_afn0e_event.o
    0x08113998   0x0000010c   Code   RO         4822    i.ERC_Event_Save    terminal_afn0e_event.o
    0x08113aa4   0x00000268   Code   RO         4823    i.ERC_Event_Save_Re  terminal_afn0e_event.o
    0x08113d0c   0x00000058   Code   RO         4824    i.ERC_Event_Set     terminal_afn0e_event.o
    0x08113d64   0x0000003c   Code   RO         9097    i.ETH_MACAddress_Config  STM32F4xxLIB_376.lib(stm32f4xx_mac.o)
    0x08113da0   0x00000048   Code   RO         9526    i.ETH_PHY_CR        STM32F4xxLIB_376.lib(lan8720a.o)
    0x08113de8   0x000000c4   Code   RO         9239    i.Enable_Internal_ECC  STM32F4xxLIB_376.lib(nand.o)
    0x08113eac   0x0000002c   Code   RO         9334    i.Enable_os         STM32F4xxLIB_376.lib(os.o)
    0x08113ed8   0x000009b4   Code   RO         9349    i.Ethernet_RxTx     STM32F4xxLIB_376.lib(ethernet.o)
    0x0811488c   0x0000012c   Code   RO         1825    i.EventTimerComp    terminal_powerdown.o
    0x081149b8   0x00000024   Code   RO         3147    i.F246MapPn         terminal_afn04_paramter_check.o
    0x081149dc   0x00000314   Code   RO         3148    i.F246PnList        terminal_afn04_paramter_check.o
    0x08114cf0   0x00000074   Code   RO         8836    i.FMC_SDRAM_Init    stm32f4xx_ll_fmc.o
    0x08114d64   0x0000009c   Code   RO         8840    i.FMC_SDRAM_Timing_Init  stm32f4xx_ll_fmc.o
    0x08114e00   0x00000046   Code   RO         2854    i.FnPntoDI          terminal_uart_3761_com.o
    0x08114e46   0x00000002   PAD
    0x08114e48   0x00002106   Code   RO         3728    i.Forwarding        terminal_uart_afn10_forwarding.o
    0x08116f4e   0x00000002   PAD
    0x08116f50   0x00001160   Code   RO         2384    i.GPRS_3763_AT_Rx   gprs_3763.o
    0x081180b0   0x000000b0   Code   RO         2385    i.GPRS_3763_AT_RxTx  gprs_3763.o
    0x08118160   0x000009e4   Code   RO         2386    i.GPRS_3763_AT_Tx   gprs_3763.o
    0x08118b44   0x00000068   Code   RO         2387    i.GPRS_3763_NextATCount  gprs_3763.o
    0x08118bac   0x000003b0   Code   RO         2388    i.GPRS_3763_RxTx    gprs_3763.o
    0x08118f5c   0x00000abc   Code   RO         2642    i.GPRS_FTP_Rx       gprs_ftp_rxtx.o
    0x08119a18   0x00000800   Code   RO         2643    i.GPRS_FTP_Tx       gprs_ftp_rxtx.o
    0x0811a218   0x000000b8   Code   RO         2339    i.GPRS_Signal       atstring.o
    0x0811a2d0   0x00000020   Code   RO         8973    i.GPRS_Voltage      STM32F4xxLIB_376.lib(stm32f4xx_adc.o)
    0x0811a2f0   0x000018a0   Code   RO         6820    i.GeneralReadMeter_3762_Std  terminal_readmeter_3762_std.o
    0x0811bb90   0x000000c8   Code   RO         5933    i.GetACSample       terminal_readmeter_acsample.o
    0x0811bc58   0x000000a4   Code   RO         4218    i.GetACSampleCurveCongealAddr  terminal_afn0d_congealdata_fn.o
    0x0811bcfc   0x0000003c   Code   RO         2340    i.GetATRxByte       atstring.o
    0x0811bd38   0x000000f8   Code   RO         2341    i.GetATRxString     atstring.o
    0x0811be30   0x000003e4   Code   RO         3934    i.GetClass1DataAddr  terminal_afn0c_realtimedata_fn.o
    0x0811c214   0x00000014   Code   RO         3935    i.GetClass1Data_PnMax  terminal_afn0c_realtimedata_fn.o
    0x0811c228   0x00000014   Code   RO         4219    i.GetClass2DataCongealType  terminal_afn0d_congealdata_fn.o
    0x0811c23c   0x000000a4   Code   RO         4220    i.GetClass2DataF246OfficeAddr  terminal_afn0d_congealdata_fn.o
    0x0811c2e0   0x000002b4   Code   RO         4221    i.GetClass2DataLen  terminal_afn0d_congealdata_fn.o
    0x0811c594   0x00000090   Code   RO         4222    i.GetClass2DataOfficeAddr  terminal_afn0d_congealdata_fn.o
    0x0811c624   0x00000070   Code   RO         4223    i.GetClass2DataOfficeAddr_MapPn  terminal_afn0d_congealdata_fn.o
    0x0811c694   0x0000005c   Code   RO         4646    i.GetClass2SourceDataAddr  terminal_afn0d_sourcedata_lib.o
    0x0811c6f0   0x00000050   Code   RO         4225    i.GetCurveCongealNo  terminal_afn0d_congealdata_fn.o
    0x0811c740   0x00000050   Code   RO         4226    i.GetDateCongealAddr  terminal_afn0d_congealdata_fn.o
    0x0811c790   0x0000004c   Code   RO         4227    i.GetDateCongealNo  terminal_afn0d_congealdata_fn.o
    0x0811c7dc   0x000000bc   Code   RO         4228    i.GetLastRMDateCongealAddr  terminal_afn0d_congealdata_fn.o
    0x0811c898   0x0000004c   Code   RO         4230    i.GetMonthCongealNo  terminal_afn0d_congealdata_fn.o
    0x0811c8e4   0x0000004c   Code   RO         4232    i.GetRMDateCongealNo  terminal_afn0d_congealdata_fn.o
    0x0811c930   0x00000018   Code   RO         9133    i.Get_ADDR_UARTn    STM32F4xxLIB_376.lib(stm32f4xx_uart.o)
    0x0811c948   0x00000018   Code   RO         9134    i.Get_ADDR_UARTnCtrl  STM32F4xxLIB_376.lib(stm32f4xx_uart.o)
    0x0811c960   0x00000018   Code   RO         9135    i.Get_ADDR_UARTnFnDataBuff  STM32F4xxLIB_376.lib(stm32f4xx_uart.o)
    0x0811c978   0x00000034   Code   RO         4825    i.Get_ADDR_UARTnRMEvent  terminal_afn0e_event.o
    0x0811c9ac   0x00000018   Code   RO         9136    i.Get_ADDR_UARTnRx  STM32F4xxLIB_376.lib(stm32f4xx_uart.o)
    0x0811c9c4   0x00000018   Code   RO         9137    i.Get_ADDR_UARTnTimer  STM32F4xxLIB_376.lib(stm32f4xx_uart.o)
    0x0811c9dc   0x00000018   Code   RO         9138    i.Get_ADDR_UARTnTx  STM32F4xxLIB_376.lib(stm32f4xx_uart.o)
    0x0811c9f4   0x00000004   Code   RO         3264    i.Get_AFN04ParamterLib_MaxFn  terminal_afn04_paramter_lib.o
    0x0811c9f8   0x00000004   Code   RO         3349    i.Get_AFN05CommandLib_MaxFn  terminal_afn05_command_lib.o
    0x0811c9fc   0x00000004   Code   RO         3886    i.Get_Class1Data_MaxFn  terminal_afn0c_realtimedata_lib.o
    0x0811ca00   0x00000004   Code   RO         4171    i.Get_Class2Data_MaxFn  terminal_afn0d_congealdata_lib.o
    0x0811ca04   0x00000004   Code   RO         4647    i.Get_Class2SourceData_MaxLib  terminal_afn0d_sourcedata_lib.o
    0x0811ca08   0x00000024   Code   RO         3149    i.Get_CurveSetFnListNo  terminal_afn04_paramter_check.o
    0x0811ca2c   0x00000004   Code   RO         3887    i.Get_HourCongeal_MaxFn  terminal_afn0c_realtimedata_lib.o
    0x0811ca30   0x00000006   Code   RO         3888    i.Get_InitClass1Data_MaxFn  terminal_afn0c_realtimedata_lib.o
    0x0811ca36   0x00000002   PAD
    0x0811ca38   0x00000018   Code   RO         9139    i.Get_LEN_UARTnCtrl  STM32F4xxLIB_376.lib(stm32f4xx_uart.o)
    0x0811ca50   0x00000018   Code   RO         9140    i.Get_LEN_UARTnFnDataBuff  STM32F4xxLIB_376.lib(stm32f4xx_uart.o)
    0x0811ca68   0x00000018   Code   RO         9141    i.Get_LEN_UARTnIntRx  STM32F4xxLIB_376.lib(stm32f4xx_uart.o)
    0x0811ca80   0x00000018   Code   RO         9142    i.Get_LEN_UARTnRx   STM32F4xxLIB_376.lib(stm32f4xx_uart.o)
    0x0811ca98   0x00000018   Code   RO         9143    i.Get_LEN_UARTnTx   STM32F4xxLIB_376.lib(stm32f4xx_uart.o)
    0x0811cab0   0x00000030   Code   RO         6299    i.Get_RM_DL645_1997_FnCount  terminal_readmeter_dl645_1997_lib.o
    0x0811cae0   0x00000004   Code   RO         6300    i.Get_RM_DL645_1997_MaxFn  terminal_readmeter_dl645_1997_lib.o
    0x0811cae4   0x00000030   Code   RO         6171    i.Get_RM_DL645_2007_FnCount  terminal_readmeter_dl645_2007_lib.o
    0x0811cb14   0x00000004   Code   RO         6172    i.Get_RM_DL645_2007_MaxFn  terminal_readmeter_dl645_2007_lib.o
    0x0811cb18   0x0000000a   Code   RO         5315    i.Get_SwitchIn_Route  terminal_switchin.o
    0x0811cb22   0x00000002   PAD
    0x0811cb24   0x0000010c   Code   RO         9146    i.Get_USARTDIV      STM32F4xxLIB_376.lib(stm32f4xx_uart.o)
    0x0811cc30   0x00000026   Code   RO         6700    i.Get_Uart_3762_RxData_AFN_Fn  terminal_uart_3762_rxtx.o
    0x0811cc56   0x00000002   PAD
    0x0811cc58   0x0000000c   Code   RO         9379    i.Get_ms            STM32F4xxLIB_376.lib(ms.o)
    0x0811cc64   0x0000000c   Code   RO         9335    i.Get_os            STM32F4xxLIB_376.lib(os.o)
    0x0811cc70   0x00000030   Code   RO         3151    i.GroupTotalSet     terminal_afn04_paramter_check.o
    0x0811cca0   0x0000001c   Code   RO          675    i.HEX_ASCII         calculate.o
    0x0811ccbc   0x00000030   Code   RO         5143    i.HOURFLASH         terminal_statistic.o
    0x0811ccec   0x000001d4   Code   RO         3107    i.Heartberat        terminal_uart_afn02_heartbeat.o
    0x0811cec0   0x000000b0   Code   RO         4023    i.HourCongeal_AutoRW  terminal_afn0c_realtimedata.o
    0x0811cf70   0x00000002   Code   RO         1747    i.I2_ImpIn_ISR      terminal_isr.o
    0x0811cf72   0x00000002   PAD
    0x0811cf74   0x000000d0   Code   RO         9240    i.ID_NAND           STM32F4xxLIB_376.lib(nand.o)
    0x0811d044   0x00000036   Code   RO         9490    i.IOI2C_ReStart     STM32F4xxLIB_376.lib(io_i2c.o)
    0x0811d07a   0x00000048   Code   RO         9491    i.IOI2C_ReadAck     STM32F4xxLIB_376.lib(io_i2c.o)
    0x0811d0c2   0x00000042   Code   RO         9492    i.IOI2C_ReadNoAck   STM32F4xxLIB_376.lib(io_i2c.o)
    0x0811d104   0x00000070   Code   RO         9493    i.IOI2C_Start       STM32F4xxLIB_376.lib(io_i2c.o)
    0x0811d174   0x00000022   Code   RO         9494    i.IOI2C_Stop        STM32F4xxLIB_376.lib(io_i2c.o)
    0x0811d196   0x00000056   Code   RO         9495    i.IOI2C_Write       STM32F4xxLIB_376.lib(io_i2c.o)
    0x0811d1ec   0x00000104   Code   RO         9350    i.IP4_ASCII         STM32F4xxLIB_376.lib(ethernet.o)
    0x0811d2f0   0x00000076   Code   RO          676    i.IP4_HEX_ASCII     calculate.o
    0x0811d366   0x00000002   PAD
    0x0811d368   0x0000005c   Code   RO         4024    i.Init_AFN0CF1      terminal_afn0c_realtimedata.o
    0x0811d3c4   0x000000a4   Code   RO         3997    i.Init_Class1Data   terminal_afn0c_realtimedata_init.o
    0x0811d468   0x000000c8   Code   RO         4025    i.Init_Class1Data_Command  terminal_afn0c_realtimedata.o
    0x0811d530   0x000000f4   Code   RO         4026    i.Init_Class1Data_UpPower  terminal_afn0c_realtimedata.o
    0x0811d624   0x00000018   Code   RO         4441    i.Init_Class2Data   terminal_afn0d_congealdata_init.o
    0x0811d63c   0x00000050   Code   RO         4542    i.Init_Class2Data_Command  terminal_afn0d_congealdata.o
    0x0811d68c   0x00000014   Code   RO         4543    i.Init_Class2Data_UpPower  terminal_afn0d_congealdata.o
    0x0811d6a0   0x00000050   Code   RO         4698    i.Init_Class2SourceData  terminal_afn0d_sourcedata_init.o
    0x0811d6f0   0x0000001c   Code   RO         4723    i.Init_Class2SourceData_Command  terminal_afn0d_sourcedata.o
    0x0811d70c   0x0000003c   Code   RO         4826    i.Init_Class3Data   terminal_afn0e_event.o
    0x0811d748   0x000000ac   Code   RO         4827    i.Init_Class3Data_Command  terminal_afn0e_event.o
    0x0811d7f4   0x0000010c   Code   RO         4828    i.Init_Class3Data_UpPower  terminal_afn0e_event.o
    0x0811d900   0x00000034   Code   RO         5417    i.Init_Contrl_Command  terminal_contrl_manage.o
    0x0811d934   0x00000002   Code   RO         5562    i.Init_Contrl_Pin   terminal_contrl_out.o
    0x0811d936   0x00000002   PAD
    0x0811d938   0x0000008c   Code   RO         1491    i.Init_EnergyInc_Souser  terminal_init.o
    0x0811d9c4   0x00000074   Code   RO         1575    i.Init_EnergyInc_Souser_Pn  terminal_init_com.o
    0x0811da38   0x0000009c   Code   RO         1576    i.Init_Energy_Pn    terminal_init_com.o
    0x0811dad4   0x00000048   Code   RO         1492    i.Init_IncRemainder  terminal_init.o
    0x0811db1c   0x00000012   Code   RO         9527    i.Init_LAN8720A     STM32F4xxLIB_376.lib(lan8720a.o)
    0x0811db2e   0x00000002   PAD
    0x0811db30   0x0000008c   Code   RO         1493    i.Init_ReadMeter    terminal_init.o
    0x0811dbbc   0x00000060   Code   RO         9448    i.Init_SPI1         STM32F4xxLIB_376.lib(stm32f4xx_spi.o)
    0x0811dc1c   0x000000b0   Code   RO         9099    i.Init_STM32F4xx_MAC  STM32F4xxLIB_376.lib(stm32f4xx_mac.o)
    0x0811dccc   0x00000024   Code   RO         5144    i.Init_StatisticData_Command  terminal_statistic.o
    0x0811dcf0   0x000000c4   Code   RO         5316    i.Init_SwitchIn     terminal_switchin.o
    0x0811ddb4   0x00000188   Code   RO         1494    i.Init_Terminal     terminal_init.o
    0x0811df3c   0x00000070   Code   RO         1495    i.Init_Terminal_SoftwareUpdate  terminal_init.o
    0x0811dfac   0x0000006c   Code   RO         9147    i.Init_UARTn        STM32F4xxLIB_376.lib(stm32f4xx_uart.o)
    0x0811e018   0x00000020   Code   RO         5354    i.Init_impInData_Command  terminal_impin.o
    0x0811e038   0x00000024   Code   RO         6599    i.KeyUserMapPn      keyuser.o
    0x0811e05c   0x00000214   Code   RO         6600    i.KeyUserPnList     keyuser.o
    0x0811e270   0x00000024   Code   RO         6601    i.KeyUserPnSet      keyuser.o
    0x0811e294   0x00000010   Code   RO         9210    i.LCDDataOut        STM32F4xxLIB_376.lib(extern_mrw.o)
    0x0811e2a4   0x0000002c   Code   RO           26    i.LanguageString    display.o
    0x0811e2d0   0x000000bc   Code   RO         4233    i.LastRMDateCongealYMD  terminal_afn0d_congealdata_fn.o
    0x0811e38c   0x0000003c   Code   RO         2389    i.LineATIntRx       gprs_3763.o
    0x0811e3c8   0x0000025c   Code   RO         2746    i.Link_Contrl       terminal_uart_manage.o
    0x0811e624   0x00000118   Code   RO         9351    i.Local_ASCII_IP4   STM32F4xxLIB_376.lib(ethernet.o)
    0x0811e73c   0x00000020   Code   RO         9211    i.MC                STM32F4xxLIB_376.lib(extern_mrw.o)
    0x0811e75c   0x00000020   Code   RO         9213    i.MR                STM32F4xxLIB_376.lib(extern_mrw.o)
    0x0811e77c   0x00000018   Code   RO         9214    i.MRR               STM32F4xxLIB_376.lib(extern_mrw.o)
    0x0811e794   0x00000020   Code   RO         9215    i.MW                STM32F4xxLIB_376.lib(extern_mrw.o)
    0x0811e7b4   0x00000028   Code   RO         9216    i.MWR               STM32F4xxLIB_376.lib(extern_mrw.o)
    0x0811e7dc   0x0000001a   Code   RO         9027    i.MY_SDRAM_Init     STM32F4xxLIB_376.lib(stm32f4xx_fmc.o)
    0x0811e7f6   0x00000002   PAD
    0x0811e7f8   0x00000078   Code   RO         4829    i.Meter_Event_Save  terminal_afn0e_event.o
    0x0811e870   0x00000258   Code   RO         4830    i.Meter_Event_WriteBuff  terminal_afn0e_event.o
    0x0811eac8   0x00000214   Code   RO         9243    i.NAND128kBuff_Write_NAND  STM32F4xxLIB_376.lib(nand.o)
    0x0811ecdc   0x00000018   Code   RO         9247    i.NVIC_DisableIRQ   STM32F4xxLIB_376.lib(nand.o)
    0x0811ecf4   0x00000018   Code   RO         9450    i.NVIC_DisableIRQ   STM32F4xxLIB_376.lib(stm32f4xx_spi.o)
    0x0811ed0c   0x00000016   Code   RO         9008    i.NVIC_EnableIRQ    STM32F4xxLIB_376.lib(stm32f4xx_dma.o)
    0x0811ed22   0x00000016   Code   RO         9148    i.NVIC_EnableIRQ    STM32F4xxLIB_376.lib(stm32f4xx_uart.o)
    0x0811ed38   0x00000016   Code   RO         9248    i.NVIC_EnableIRQ    STM32F4xxLIB_376.lib(nand.o)
    0x0811ed4e   0x00000002   PAD
    0x0811ed50   0x00000028   Code   RO         9009    i.NVIC_SetPriority  STM32F4xxLIB_376.lib(stm32f4xx_dma.o)
    0x0811ed78   0x00000028   Code   RO         9149    i.NVIC_SetPriority  STM32F4xxLIB_376.lib(stm32f4xx_uart.o)
    0x0811eda0   0x00000028   Code   RO         9451    i.NVIC_SetPriority  STM32F4xxLIB_376.lib(stm32f4xx_spi.o)
    0x0811edc8   0x000002d0   Code   RO         6405    i.NewRMEvene        terminal_readmeter_event.o
    0x0811f098   0x0000057c   Code   RO         6644    i.NewTask_3762      terminal_uart_3762_manage.o
    0x0811f614   0x000000e8   Code   RO         5968    i.NewTask_RS485     terminal_readmeter_rs485.o
    0x0811f6fc   0x00000054   Code   RO         6645    i.NoRMCompletes_3762  terminal_uart_3762_manage.o
    0x0811f750   0x000000a0   Code   RO         5969    i.NoRMCompletes_RS485  terminal_readmeter_rs485.o
    0x0811f7f0   0x00000030   Code   RO         9468    i.Off38KHz          STM32F4xxLIB_376.lib(stm32f4xx_tim.o)
    0x0811f820   0x00000024   Code   RO         9045    i.OffE5V0           STM32F4xxLIB_376.lib(stm32f4xx_io.o)
    0x0811f844   0x00000024   Code   RO         9049    i.OffR5V0           STM32F4xxLIB_376.lib(stm32f4xx_io.o)
    0x0811f868   0x0000006c   Code   RO         9469    i.On38KHz           STM32F4xxLIB_376.lib(stm32f4xx_tim.o)
    0x0811f8d4   0x00000024   Code   RO         9053    i.OnE5V0            STM32F4xxLIB_376.lib(stm32f4xx_io.o)
    0x0811f8f8   0x00000024   Code   RO         9057    i.OnR5V0            STM32F4xxLIB_376.lib(stm32f4xx_io.o)
    0x0811f91c   0x000000d4   Code   RO         6213    i.PORTn_ReadMeter_DL645_2007_TxCurveData  terminal_readmeter_dl645_2007_fndata.o
    0x0811f9f0   0x000000c0   Code   RO         4831    i.PerERC_Event_Save  terminal_afn0e_event.o
    0x0811fab0   0x0000023c   Code   RO         9060    i.Pin_Configure     STM32F4xxLIB_376.lib(stm32f4xx_io.o)
    0x0811fcec   0x00000014   Code   RO         9061    i.Pin_OutH          STM32F4xxLIB_376.lib(stm32f4xx_io.o)
    0x0811fd00   0x00000012   Code   RO         9496    i.Pin_OutH_Delay    STM32F4xxLIB_376.lib(io_i2c.o)
    0x0811fd12   0x00000002   PAD
    0x0811fd14   0x00000018   Code   RO         9062    i.Pin_OutL          STM32F4xxLIB_376.lib(stm32f4xx_io.o)
    0x0811fd2c   0x00000012   Code   RO         9497    i.Pin_OutL_Delay    STM32F4xxLIB_376.lib(io_i2c.o)
    0x0811fd3e   0x00000002   PAD
    0x0811fd40   0x00000018   Code   RO         9063    i.Pin_Read          STM32F4xxLIB_376.lib(stm32f4xx_io.o)
    0x0811fd58   0x00000090   Code   RO         4442    i.PnCongealCount    terminal_afn0d_congealdata_init.o
    0x0811fde8   0x00000032   Code   RO         4443    i.PnCongealNo       terminal_afn0d_congealdata_init.o
    0x0811fe1a   0x00000002   PAD
    0x0811fe1c   0x000000a0   Code   RO         4444    i.PnCurveCongealCount  terminal_afn0d_congealdata_init.o
    0x0811febc   0x0000006c   Code   RO         4445    i.PnCurveCongealNo  terminal_afn0d_congealdata_init.o
    0x0811ff28   0x0000001c   Code   RO         4446    i.PnDateCongealCount  terminal_afn0d_congealdata_init.o
    0x0811ff44   0x0000006c   Code   RO         4447    i.PnDateCongealNo   terminal_afn0d_congealdata_init.o
    0x0811ffb0   0x00000034   Code   RO         4448    i.PnHourCongeal     terminal_afn0d_congealdata_init.o
    0x0811ffe4   0x00000070   Code   RO         4449    i.PnHourCongealCount  terminal_afn0d_congealdata_init.o
    0x08120054   0x0000001c   Code   RO         4450    i.PnMonthCongealCount  terminal_afn0d_congealdata_init.o
    0x08120070   0x0000006c   Code   RO         4451    i.PnMonthCongealNo  terminal_afn0d_congealdata_init.o
    0x081200dc   0x0000001c   Code   RO         4452    i.PnRMDateCongealCount  terminal_afn0d_congealdata_init.o
    0x081200f8   0x0000006c   Code   RO         4453    i.PnRMDateCongealNo  terminal_afn0d_congealdata_init.o
    0x08120164   0x00000030   Code   RO         3152    i.PnSet             terminal_afn04_paramter_check.o
    0x08120194   0x0000005c   Code   RO         3153    i.PnVSAFN04F10SetNoList  terminal_afn04_paramter_check.o
    0x081201f0   0x0000008c   Code   RO         3154    i.PnVSPORTProtocolList  terminal_afn04_paramter_check.o
    0x0812027c   0x000000cc   Code   RO         4027    i.PointkWhInc_Computer  terminal_afn0c_realtimedata.o
    0x08120348   0x00000098   Code   RO         4028    i.PointkvarhInc_Computer  terminal_afn0c_realtimedata.o
    0x081203e0   0x000000d4   Code   RO         9388    i.PowerDown_Data_Save  STM32F4xxLIB_376.lib(data_save.o)
    0x081204b4   0x0000006c   Code   RO         8992    i.RAM_CRC32         STM32F4xxLIB_376.lib(stm32f4xx_crc.o)
    0x08120520   0x00000088   Code   RO         1893    i.RAM_Test          test_ram.o
    0x081205a8   0x00000030   Code   RO         9415    i.RCC_GetHCLKFreq   STM32F4xxLIB_376.lib(stm32f4xx_rcc.o)
    0x081205d8   0x0000002c   Code   RO         9416    i.RCC_GetPCLK1Freq  STM32F4xxLIB_376.lib(stm32f4xx_rcc.o)
    0x08120604   0x0000002c   Code   RO         9417    i.RCC_GetPCLK2Freq  STM32F4xxLIB_376.lib(stm32f4xx_rcc.o)
    0x08120630   0x00000084   Code   RO         9418    i.RCC_GetSysClockFreq  STM32F4xxLIB_376.lib(stm32f4xx_rcc.o)
    0x081206b4   0x00000088   Code   RO         4546    i.RMDateCongealFlags  terminal_afn0d_congealdata.o
    0x0812073c   0x000001a8   Code   RO         6406    i.RMEveneTimer      terminal_readmeter_event.o
    0x081208e4   0x00000130   Code   RO         4832    i.RMEvene_YesNo     terminal_afn0e_event.o
    0x08120a14   0x00000108   Code   RO         6058    i.RM_CountAndFlags  terminal_readmeter_countandflag.o
    0x08120b1c   0x00000064   Code   RO         1748    i.RTC_Alarm_IRQHandler  terminal_isr.o
    0x08120b80   0x000000ac   Code   RO         9295    i.RX8025T_Write     STM32F4xxLIB_376.lib(rtc.o)
    0x08120c2c   0x000000a2   Code   RO         5275    i.ReNewValue        terminal_statistic_e.o
    0x08120cce   0x00000002   PAD
    0x08120cd0   0x00000024   Code   RO         9250    i.RePlace_BLOCK_ADDR  STM32F4xxLIB_376.lib(nand.o)
    0x08120cf4   0x00000134   Code   RO         9251    i.RePlace_BLOCK_Write_NAND  STM32F4xxLIB_376.lib(nand.o)
    0x08120e28   0x00000048   Code   RO         9254    i.RePlace_Read_NAND  STM32F4xxLIB_376.lib(nand.o)
    0x08120e70   0x00000090   Code   RO         9255    i.RePlace_Write_NAND  STM32F4xxLIB_376.lib(nand.o)
    0x08120f00   0x00000088   Code   RO         6883    i.ReadMeterNote_Fail  terminal_readmeter_note.o
    0x08120f88   0x000000b8   Code   RO         6884    i.ReadMeterNote_OK  terminal_readmeter_note.o
    0x08121040   0x0000001a   Code   RO         6335    i.ReadMeter_DL645_1997_FnData  terminal_readmeter_dl645_1997_fndata.o
    0x0812105a   0x00000002   PAD
    0x0812105c   0x00001028   Code   RO         6336    i.ReadMeter_DL645_1997_MulFnData  terminal_readmeter_dl645_1997_fndata.o
    0x08122084   0x0000001a   Code   RO         6214    i.ReadMeter_DL645_2007_FnData  terminal_readmeter_dl645_2007_fndata.o
    0x0812209e   0x00000002   PAD
    0x081220a0   0x00003b1c   Code   RO         6215    i.ReadMeter_DL645_2007_MulFnData  terminal_readmeter_dl645_2007_fndata.o
    0x08125bbc   0x0000009c   Code   RO         6089    i.ReadMeter_DL645_2007_TxCurveData  terminal_readmeter_dl645.o
    0x08125c58   0x00000048   Code   RO         5749    i.ReadMeter_Fn_Com  terminal_readmeter_fn_project2xx_user11xx.o
    0x08125ca0   0x00000538   Code   RO         5750    i.ReadMeter_Fn_YesNo  terminal_readmeter_fn_project2xx_user11xx.o
    0x081261d8   0x00000064   Code   RO         5970    i.ReadMeter_Protocol  terminal_readmeter_rs485.o
    0x0812623c   0x0000090c   Code   RO         5971    i.ReadMeter_RS485   terminal_readmeter_rs485.o
    0x08126b48   0x000001a4   Code   RO         3821    i.ReadMeter_RealTime  terminal_readmeter_afn0c_realtime.o
    0x08126cec   0x00000434   Code   RO         6030    i.ReadMeter_SaveFnData  terminal_readmeter_savefndata.o
    0x08127120   0x000000d0   Code   RO         9516    i.Read_24AA02E48    STM32F4xxLIB_376.lib(24aa02e48.o)
    0x081271f0   0x00000070   Code   RO         6090    i.Read_DL645_1997_TxData  terminal_readmeter_dl645.o
    0x08127260   0x0000006e   Code   RO         6091    i.Read_DL645_1997_TxData_SubsequentFrames  terminal_readmeter_dl645.o
    0x081272ce   0x00000070   Code   RO         6092    i.Read_DL645_2007_TxData  terminal_readmeter_dl645.o
    0x0812733e   0x00000078   Code   RO         6093    i.Read_DL645_2007_TxData_SubsequentFrames  terminal_readmeter_dl645.o
    0x081273b6   0x00000002   PAD
    0x081273b8   0x00000050   Code   RO         9528    i.Read_ETH_PHYReg   STM32F4xxLIB_376.lib(lan8720a.o)
    0x08127408   0x0000004c   Code   RO         9256    i.Read_NAND         STM32F4xxLIB_376.lib(nand.o)
    0x08127454   0x000000dc   Code   RO         9257    i.Read_NAND_16      STM32F4xxLIB_376.lib(nand.o)
    0x08127530   0x000000bc   Code   RO         9258    i.Read_NAND_8       STM32F4xxLIB_376.lib(nand.o)
    0x081275ec   0x000006ec   Code   RO         6821    i.RealTimeReadMeter_3762_Fn_Std  terminal_readmeter_3762_std.o
    0x08127cd8   0x00000002   Code   RO         3639    i.Request_File      terminal_uart_afn0f_file.o
    0x08127cda   0x00000002   PAD
    0x08127cdc   0x000003ac   Code   RO         6767    i.RouterBroadcastTime  terminal_readmeter_3762.o
    0x08128088   0x00000064   Code   RO         1260    i.RunLED            terminal_main.o
    0x081280ec   0x00000014   Code   RO         9498    i.SDAIn             STM32F4xxLIB_376.lib(io_i2c.o)
    0x08128100   0x00000014   Code   RO         9499    i.SDAOut            STM32F4xxLIB_376.lib(io_i2c.o)
    0x08128114   0x00000100   Code   RO         9029    i.SDRAM_FMC_Init    STM32F4xxLIB_376.lib(stm32f4xx_fmc.o)
    0x08128214   0x00000060   Code   RO         3936    i.SaveClass1Data    terminal_afn0c_realtimedata_fn.o
    0x08128274   0x00000706   Code   RO         4234    i.SaveClass2Data    terminal_afn0d_congealdata_fn.o
    0x0812897a   0x00000002   PAD
    0x0812897c   0x000000ac   Code   RO         6965    i.Scand_AFN04F10    autosearchmeter.o
    0x08128a28   0x000000b4   Code   RO         6966    i.Scand_AFN0CF13    autosearchmeter.o
    0x08128adc   0x00000188   Code   RO         4833    i.Search_AFN04F106_Evene_DI  terminal_afn0e_event.o
    0x08128c64   0x00000180   Code   RO         4834    i.Search_AFN04F106_NoEvene_DI  terminal_afn0e_event.o
    0x08128de4   0x000000dc   Code   RO         1605    i.SetInit           setinit.o
    0x08128ec0   0x0000001e   Code   RO         9122    i.SoftDelayMS       STM32F4xxLIB_376.lib(stm32f4xx_softdelay.o)
    0x08128ede   0x00000002   PAD
    0x08128ee0   0x00000020   Code   RO         9123    i.SoftDelayUS       STM32F4xxLIB_376.lib(stm32f4xx_softdelay.o)
    0x08128f00   0x000002bc   Code   RO         4725    i.Source_Full_CongealBuff  terminal_afn0d_sourcedata.o
    0x081291bc   0x000000f8   Code   RO         9151    i.Start_UARTn_Tx    STM32F4xxLIB_376.lib(stm32f4xx_uart.o)
    0x081292b4   0x0000010c   Code   RO         6407    i.StoreRMEvene      terminal_readmeter_event.o
    0x081293c0   0x000000e4   Code   RO         9321    i.TESAM_CMD_TxRx    STM32F4xxLIB_376.lib(ic_tesam.o)
    0x081294a4   0x00000204   Code   RO         9322    i.TESAM_RXTX        STM32F4xxLIB_376.lib(ic_tesam.o)
    0x081296a8   0x000000bc   Code   RO         1749    i.TIM7_IRQHandler   terminal_isr.o
    0x08129764   0x0000008c   Code   RO          384    i.TerminalDisplayLoopCount  displayloop.o
    0x081297f0   0x000001d8   Code   RO         6646    i.Terminal_AFN0CF11_3762  terminal_uart_3762_manage.o
    0x081299c8   0x000001c4   Code   RO         5972    i.Terminal_AFN0CF11_RS485  terminal_readmeter_rs485.o
    0x08129b8c   0x00000002   Code   RO         4029    i.Terminal_AFN0CF12_Computer  terminal_afn0c_realtimedata.o
    0x08129b8e   0x00000002   PAD
    0x08129b90   0x000001f4   Code   RO         4030    i.Terminal_AFN0CF17_F18_Computer  terminal_afn0c_realtimedata.o
    0x08129d84   0x0000002c   Code   RO         4031    i.Terminal_AFN0CF2_Computer  terminal_afn0c_realtimedata.o
    0x08129db0   0x00000038   Code   RO         3156    i.Terminal_AFN0CF3_Computer  terminal_afn04_paramter_check.o
    0x08129de8   0x0000004c   Code   RO         4032    i.Terminal_AFN0CF4_Computer  terminal_afn0c_realtimedata.o
    0x08129e34   0x00000050   Code   RO         4033    i.Terminal_AFN0CF5_Computer  terminal_afn0c_realtimedata.o
    0x08129e84   0x00000002   Code   RO         4034    i.Terminal_AFN0CF6_Computer  terminal_afn0c_realtimedata.o
    0x08129e86   0x00000002   Code   RO         4035    i.Terminal_AFN0CF73_Computer  terminal_afn0c_realtimedata.o
    0x08129e88   0x0000040c   Code   RO         2938    i.Terminal_AutoEvent  terminal_uart_autoevent.o
    0x0812a294   0x000004b8   Code   RO         2939    i.Terminal_AutoEvent_Meter  terminal_uart_autoevent.o
    0x0812a74c   0x000001a4   Code   RO         6094    i.Terminal_BroadcastTime_DL645  terminal_readmeter_dl645.o
    0x0812a8f0   0x0000017c   Code   RO         4036    i.Terminal_Class1Data_Computer  terminal_afn0c_realtimedata.o
    0x0812aa6c   0x000000bc   Code   RO         4037    i.Terminal_Class1Data_Computer_Ext  terminal_afn0c_realtimedata.o
    0x0812ab28   0x00000140   Code   RO         4547    i.Terminal_Class2Data_Computer  terminal_afn0d_congealdata.o
    0x0812ac68   0x00000002   Code   RO         5489    i.Terminal_Contrl1  terminal_contrl_power.o
    0x0812ac6a   0x00000002   Code   RO         5490    i.Terminal_Contrl2  terminal_contrl_power.o
    0x0812ac6c   0x00000002   Code   RO         5491    i.Terminal_Contrl3  terminal_contrl_power.o
    0x0812ac6e   0x00000002   Code   RO         5492    i.Terminal_Contrl4  terminal_contrl_power.o
    0x0812ac70   0x00000002   Code   RO         5531    i.Terminal_Contrl_BuyEnergy  terminal_contrl_energy.o
    0x0812ac72   0x00000002   PAD
    0x0812ac74   0x00000070   Code   RO         5418    i.Terminal_Contrl_Manage  terminal_contrl_manage.o
    0x0812ace4   0x00000002   Code   RO         5532    i.Terminal_Contrl_MonthEnergy  terminal_contrl_energy.o
    0x0812ace6   0x00000002   PAD
    0x0812ace8   0x00000020   Code   RO         5563    i.Terminal_Contrl_Out  terminal_contrl_out.o
    0x0812ad08   0x00000094   Code   RO         5419    i.Terminal_Contrl_Protect  terminal_contrl_manage.o
    0x0812ad9c   0x000002c4   Code   RO         4548    i.Terminal_CurveCongeal  terminal_afn0d_congealdata.o
    0x0812b060   0x00000394   Code   RO         4549    i.Terminal_DateCongeal  terminal_afn0d_congealdata.o
    0x0812b3f4   0x000001ec   Code   RO         1261    i.Terminal_DisplayTask  terminal_main.o
    0x0812b5e0   0x000002f0   Code   RO         4038    i.Terminal_EnergyInc_Computer  terminal_afn0c_realtimedata.o
    0x0812b8d0   0x00000138   Code   RO         1788    i.Terminal_FMTimer  terminal_timer.o
    0x0812ba08   0x000002c8   Code   RO         4039    i.Terminal_HourCongeal  terminal_afn0c_realtimedata.o
    0x0812bcd0   0x00000140   Code   RO         1496    i.Terminal_Init     terminal_init.o
    0x0812be10   0x00000198   Code   RO         1497    i.Terminal_Init_Command  terminal_init.o
    0x0812bfa8   0x0000005c   Code   RO         1262    i.Terminal_Main     terminal_main.o
    0x0812c004   0x00000040   Code   RO         1263    i.Terminal_Main_Battery  terminal_main.o
    0x0812c044   0x00000010   Code   RO         1264    i.Terminal_Main_PowerUp  terminal_main.o
    0x0812c054   0x00000348   Code   RO         4550    i.Terminal_MonthCongeal  terminal_afn0d_congealdata.o
    0x0812c39c   0x00000374   Code   RO         1826    i.Terminal_PowerDown  terminal_powerdown.o
    0x0812c710   0x00000210   Code   RO         4551    i.Terminal_RMDateCongeal  terminal_afn0d_congealdata.o
    0x0812c920   0x00000e38   Code   RO         6768    i.Terminal_ReadMeter_3762  terminal_readmeter_3762.o
    0x0812d758   0x000028b0   Code   RO         6857    i.Terminal_ReadMeter_3762_NoRouter  terminal_readmeter_3762_norouter.o
    0x08130008   0x0000022c   Code   RO         5934    i.Terminal_ReadMeter_ACSample  terminal_readmeter_acsample.o
    0x08130234   0x000006f0   Code   RO         6372    i.Terminal_ReadMeter_DL645_1997  terminal_readmeter_dl645_1997.o
    0x08130924   0x00000310   Code   RO         6373    i.Terminal_ReadMeter_DL645_1997_Fn  terminal_readmeter_dl645_1997.o
    0x08130c34   0x000000a8   Code   RO         6337    i.Terminal_ReadMeter_DL645_1997_TxData  terminal_readmeter_dl645_1997_fndata.o
    0x08130cdc   0x000010b8   Code   RO         6261    i.Terminal_ReadMeter_DL645_2007  terminal_readmeter_dl645_2007.o
    0x08131d94   0x00000370   Code   RO         6262    i.Terminal_ReadMeter_DL645_2007_Fn  terminal_readmeter_dl645_2007.o
    0x08132104   0x000000bc   Code   RO         6216    i.Terminal_ReadMeter_DL645_2007_TxData  terminal_readmeter_dl645_2007_fndata.o
    0x081321c0   0x00000002   Code   RO         5465    i.Terminal_Remote_Control  terminal_contrl_remote.o
    0x081321c2   0x00000002   PAD
    0x081321c4   0x0000003c   Code   RO         5145    i.Terminal_Reset_Count  terminal_statistic.o
    0x08132200   0x00000024   Code   RO         4040    i.Terminal_ResidualEnergy_Computer  terminal_afn0c_realtimedata.o
    0x08132224   0x000005a0   Code   RO         6769    i.Terminal_RouterCtrl  terminal_readmeter_3762.o
    0x081327c4   0x0000164c   Code   RO         6770    i.Terminal_RouterSyn  terminal_readmeter_3762.o
    0x08133e10   0x000000a4   Code   RO         5146    i.Terminal_Statistic  terminal_statistic.o
    0x08133eb4   0x00000174   Code   RO         5317    i.Terminal_SwitchIn  terminal_switchin.o
    0x08134028   0x00000174   Code   RO         1265    i.Terminal_Task     terminal_main.o
    0x0813419c   0x000000d0   Code   RO         5420    i.Terminal_Time_Period  terminal_contrl_manage.o
    0x0813426c   0x000002c4   Code   RO         1789    i.Terminal_Timer    terminal_timer.o
    0x08134530   0x00000884   Code   RO         2977    i.Terminal_TimerTask  terminal_uart_timertask.o
    0x08134db4   0x000003d8   Code   RO         4041    i.Terminal_TotalEnergy_Computer  terminal_afn0c_realtimedata.o
    0x0813518c   0x000000a0   Code   RO         2747    i.Terminal_UartInit_Manage  terminal_uart_manage.o
    0x0813522c   0x0000001c   Code   RO         2940    i.Terminal_Uart_AutoEvent  terminal_uart_autoevent.o
    0x08135248   0x00000010   Code   RO         2978    i.Terminal_Uart_AutoTask  terminal_uart_timertask.o
    0x08135258   0x00000208   Code   RO         2748    i.Terminal_Uart_Manage  terminal_uart_manage.o
    0x08135460   0x00000002   Code   RO         5355    i.Terminal_impIn_Demand  terminal_impin.o
    0x08135462   0x00000002   Code   RO         5356    i.Terminal_impIn_Energy  terminal_impin.o
    0x08135464   0x0000088a   Code   RO         6647    i.Terminal_uart_3762_Manage  terminal_uart_3762_manage.o
    0x08135cee   0x00000084   Code   RO          680    i.TimeDifference    calculate.o
    0x08135d72   0x00000002   PAD
    0x08135d74   0x00000080   Code   RO         4042    i.TotalAddEnergyInc_Computer  terminal_afn0c_realtimedata.o
    0x08135df4   0x00000078   Code   RO         9152    i.UART0_Init        STM32F4xxLIB_376.lib(stm32f4xx_uart.o)
    0x08135e6c   0x00000084   Code   RO         9153    i.UART1_Init        STM32F4xxLIB_376.lib(stm32f4xx_uart.o)
    0x08135ef0   0x0000009c   Code   RO         9154    i.UART2_Init        STM32F4xxLIB_376.lib(stm32f4xx_uart.o)
    0x08135f8c   0x0000009c   Code   RO         9155    i.UART3_Init        STM32F4xxLIB_376.lib(stm32f4xx_uart.o)
    0x08136028   0x00000084   Code   RO         9156    i.UART4_Init        STM32F4xxLIB_376.lib(stm32f4xx_uart.o)
    0x081360ac   0x00000002   Code   RO         9157    i.UART5_Init        STM32F4xxLIB_376.lib(stm32f4xx_uart.o)
    0x081360ae   0x00000002   PAD
    0x081360b0   0x000000a4   Code   RO         9158    i.UART6_Init        STM32F4xxLIB_376.lib(stm32f4xx_uart.o)
    0x08136154   0x00000158   Code   RO         4237    i.UART_AFN0DF97F98F99F100_Computer  terminal_afn0d_congealdata_fn.o
    0x081362ac   0x0000005c   Code   RO         9159    i.USART_Init        STM32F4xxLIB_376.lib(stm32f4xx_uart.o)
    0x08136308   0x000001f8   Code   RO         7194    i.USER11xx_RxAddr   terminal_user11xx.o
    0x08136500   0x0000007c   Code   RO         7195    i.USER11xx_TxAddr   terminal_user11xx.o
    0x0813657c   0x00000140   Code   RO         3797    i.UartAuto_645      uartauto_645.o
    0x081366bc   0x00000430   Code   RO         2809    i.Uart_3761_Data    terminal_uart_3761.o
    0x08136aec   0x000001ac   Code   RO         2855    i.Uart_3761_Rx      terminal_uart_3761_com.o
    0x08136c98   0x00000224   Code   RO         2810    i.Uart_3761_RxTx    terminal_uart_3761.o
    0x08136ebc   0x000000bc   Code   RO         6701    i.Uart_3762_AFN13F1_Rx  terminal_uart_3762_rxtx.o
    0x08136f78   0x000000b8   Code   RO         6702    i.Uart_3762_AFN13F1_Tx  terminal_uart_3762_rxtx.o
    0x08137030   0x00000098   Code   RO         6822    i.Uart_3762_AFN14F1_Tx  terminal_readmeter_3762_std.o
    0x081370c8   0x0000003e   Code   RO         6703    i.Uart_3762_CS      terminal_uart_3762_rxtx.o
    0x08137106   0x00000002   PAD
    0x08137108   0x0000035c   Code   RO         6704    i.Uart_3762_RxData  terminal_uart_3762_rxtx.o
    0x08137464   0x000000a8   Code   RO         6705    i.Uart_3762_RxData_AFN00_F1  terminal_uart_3762_rxtx.o
    0x0813750c   0x00000160   Code   RO         6706    i.Uart_3762_RxTx    terminal_uart_3762_rxtx.o
    0x0813766c   0x00000254   Code   RO         6707    i.Uart_3762_TxData  terminal_uart_3762_rxtx.o
    0x081378c0   0x00000034   Code   RO         2856    i.Uart_376_ACK      terminal_uart_3761_com.o
    0x081378f4   0x000000f0   Code   RO         2857    i.Uart_376_AUX      terminal_uart_3761_com.o
    0x081379e4   0x00000056   Code   RO         2858    i.Uart_376_AUXTp    terminal_uart_3761_com.o
    0x08137a3a   0x00000002   PAD
    0x08137a3c   0x000000c0   Code   RO         2979    i.Uart_376_CON      terminal_uart_timertask.o
    0x08137afc   0x00000040   Code   RO         2859    i.Uart_376_CS       terminal_uart_3761_com.o
    0x08137b3c   0x00000030   Code   RO         2860    i.Uart_376_NoAUX    terminal_uart_3761_com.o
    0x08137b6c   0x00000418   Code   RO         3415    i.Uart_376_PW       terminal_uart_afn06_pw.o
    0x08137f84   0x00000078   Code   RO         2861    i.Uart_376_Tp       terminal_uart_3761_com.o
    0x08137ffc   0x000000cc   Code   RO         3053    i.Uart_AFN00        terminal_uart_afn00_ack.o
    0x081380c8   0x00000134   Code   RO         3080    i.Uart_AFN01        terminal_uart_afn01_reset.o
    0x081381fc   0x00000074   Code   RO         3108    i.Uart_AFN02        terminal_uart_afn02_heartbeat.o
    0x08138270   0x000016bc   Code   RO         3299    i.Uart_AFN04        terminal_uart_afn04_paramter.o
    0x0813992c   0x00000072   Code   RO         3300    i.Uart_AFN04F10_ERR_READDR  terminal_uart_afn04_paramter.o
    0x0813999e   0x00000002   PAD
    0x081399a0   0x00000864   Code   RO         3384    i.Uart_AFN05        terminal_uart_afn05_command.o
    0x0813a204   0x00000810   Code   RO         3416    i.Uart_AFN06        terminal_uart_afn06_pw.o
    0x0813aa14   0x000000b0   Code   RO         3445    i.Uart_AFN08        terminal_uart_afn08_cascading.o
    0x0813aac4   0x00000448   Code   RO         3490    i.Uart_AFN09        terminal_uart_afn09_configure.o
    0x0813af0c   0x00001004   Code   RO         3301    i.Uart_AFN0A        terminal_uart_afn04_paramter.o
    0x0813bf10   0x00000470   Code   RO         3518    i.Uart_AFN0B        terminal_uart_afn0b_taskdata.o
    0x0813c380   0x00000e5c   Code   RO         3543    i.Uart_AFN0C        terminal_uart_afn0c_realtimedata.o
    0x0813d1dc   0x00001640   Code   RO         3580    i.Uart_AFN0D        terminal_uart_afn0d_congealdata.o
    0x0813e81c   0x00000434   Code   RO         3614    i.Uart_AFN0E        terminal_uart_afn0e_eventdata.o
    0x0813ec50   0x00000770   Code   RO         3640    i.Uart_AFN0F        terminal_uart_afn0f_file.o
    0x0813f3c0   0x00000598   Code   RO         3701    i.Uart_AFN10        terminal_uart_afn10_command.o
    0x0813f958   0x000002ec   Code   RO         3752    i.Uart_AFN255       terminal_uart_afnff_test.o
    0x0813fc44   0x000000c0   Code   RO         6095    i.Uart_DL645_RxTx   terminal_readmeter_dl645.o
    0x0813fd04   0x00000032   Code   RO         2390    i.UnInit_GPRS_3763  gprs_3763.o
    0x0813fd36   0x00000044   Code   RO         9452    i.UnInit_SPI1       STM32F4xxLIB_376.lib(stm32f4xx_spi.o)
    0x0813fd7a   0x00000060   Code   RO         9100    i.UnInit_STM32F4xx_MAC  STM32F4xxLIB_376.lib(stm32f4xx_mac.o)
    0x0813fdda   0x00000040   Code   RO         4726    i.ValidRMDate       terminal_afn0d_sourcedata.o
    0x0813fe1a   0x00000002   PAD
    0x0813fe1c   0x0000003c   Code   RO         1827    i.VoltageComp       terminal_powerdown.o
    0x0813fe58   0x0000003c   Code   RO         9197    i.WWDT_Enable_Feed  STM32F4xxLIB_376.lib(stm32f4xx_wdg.o)
    0x0813fe94   0x00000074   Code   RO         9198    i.WWDT_RESET        STM32F4xxLIB_376.lib(stm32f4xx_wdg.o)
    0x0813ff08   0x00000044   Code   RO         9010    i.Wait_DMA_UARTn_TX  STM32F4xxLIB_376.lib(stm32f4xx_dma.o)
    0x0813ff4c   0x00000084   Code   RO         9259    i.Wait_NAND         STM32F4xxLIB_376.lib(nand.o)
    0x0813ffd0   0x00000188   Code   RO         3822    i.Wait_ReadMeter_RealTime  terminal_readmeter_afn0c_realtime.o
    0x08140158   0x00000030   Code   RO         9323    i.Wait_SPI1_ByteTx  STM32F4xxLIB_376.lib(ic_tesam.o)
    0x08140188   0x000000f0   Code   RO         9160    i.Wait_UARTn_Tx     STM32F4xxLIB_376.lib(stm32f4xx_uart.o)
    0x08140278   0x00000020   Code   RO          619    i.WarningCancel     warning.o
    0x08140298   0x000000a4   Code   RO          621    i.WarningOccur      warning.o
    0x0814033c   0x0000004c   Code   RO          681    i.WinDataComp       calculate.o
    0x08140388   0x00000184   Code   RO         4835    i.WriteAutoReportWord  terminal_afn0e_event.o
    0x0814050c   0x00000040   Code   RO         3641    i.WriteFileSegmentFlag  terminal_uart_afn0f_file.o
    0x0814054c   0x00000026   Code   RO         9298    i.WriteRTC          STM32F4xxLIB_376.lib(rtc.o)
    0x08140572   0x00000002   PAD
    0x08140574   0x00000054   Code   RO         9529    i.Write_ETH_PHYReg  STM32F4xxLIB_376.lib(lan8720a.o)
    0x081405c8   0x000000d4   Code   RO         9435    i.Write_STM32F4xx_RTC  STM32F4xxLIB_376.lib(stm32f4xx_rtc.o)
    0x0814069c   0x000000b4   Code   RO          682    i.YMDCalculateW     calculate.o
    0x08140750   0x0000004e   Code   RO          683    i.YMDHMS_AddS       calculate.o
    0x0814079e   0x00000002   PAD
    0x081407a0   0x00000094   Code   RO          684    i.YMDHMS_Sec        calculate.o
    0x08140834   0x0000005e   Code   RO          686    i.YMDHMS_SubS       calculate.o
    0x08140892   0x0000007c   Code   RO          687    i.YMDHM_AddM        calculate.o
    0x0814090e   0x00000034   Code   RO          688    i.YMDHM_Int15       calculate.o
    0x08140942   0x000000aa   Code   RO          689    i.YMDHM_SubM        calculate.o
    0x081409ec   0x00000032   Code   RO          690    i.YMDH_AddH         calculate.o
    0x08140a1e   0x00000032   Code   RO          691    i.YMDH_SubH         calculate.o
    0x08140a50   0x00000088   Code   RO          692    i.YMD_Add1D         calculate.o
    0x08140ad8   0x00000074   Code   RO          693    i.YMD_Sub1D         calculate.o
    0x08140b4c   0x0000003e   Code   RO          694    i.YM_Add1M          calculate.o
    0x08140b8a   0x00000002   PAD
    0x08140b8c   0x00000038   Code   RO          695    i.YM_D              calculate.o
    0x08140bc4   0x0000003c   Code   RO          696    i.YM_Sub1M          calculate.o
    0x08140c00   0x00000002   Code   RO         1266    i._0                terminal_main.o
    0x08140c02   0x0000005e   Code   RO          711    i.bcd16_hex         calculate.o
    0x08140c60   0x0000002a   Code   RO          714    i.bcd_hex           calculate.o
    0x08140c8a   0x00000002   PAD
    0x08140c8c   0x00000034   Code   RO          715    i.hex_bcd           calculate.o
    0x08140cc0   0x00000078   Code   RO          716    i.hex_bcd16         calculate.o
    0x08140d38   0x00000052   Code   RO         1178    i.kW_Data02         dataconversion.o
    0x08140d8a   0x00000002   PAD
    0x08140d8c   0x00000088   Code   RO         1179    i.kWh_Data03        dataconversion.o
    0x08140e14   0x0000006c   Code   RO         9367    i.netDHCP_Notify    STM32F4xxLIB_376.lib(os_event.o)
    0x08140e80   0x00000024   Code   RO         9368    i.netFTPc_Notify    STM32F4xxLIB_376.lib(os_event.o)
    0x08140ea4   0x0000002a   Code   RO         9369    i.netFTPc_Process   STM32F4xxLIB_376.lib(os_event.o)
    0x08140ece   0x000000ce   Code   RO         9352    i.tcp_cb_client     STM32F4xxLIB_376.lib(ethernet.o)
    0x08140f9c   0x0000009a   Code   RO         9354    i.udp_callback      STM32F4xxLIB_376.lib(ethernet.o)
    0x08141036   0x00000002   PAD
    0x08141038   0x00000150   Code   RO         9600    x$fpl$dadd          fz_ws.l(daddsub_clz.o)
    0x08141188   0x000002b0   Code   RO         9607    x$fpl$ddiv          fz_ws.l(ddiv.o)
    0x08141438   0x0000005a   Code   RO         9610    x$fpl$dfixu         fz_ws.l(dfixu.o)
    0x08141492   0x00000026   Code   RO         9614    x$fpl$dfltu         fz_ws.l(dflt_clz.o)
    0x081414b8   0x00000154   Code   RO         9620    x$fpl$dmul          fz_ws.l(dmul.o)
    0x0814160c   0x0000009c   Code   RO         9638    x$fpl$dnaninf       fz_ws.l(dnaninf.o)
    0x081416a8   0x0000000c   Code   RO         9640    x$fpl$dretinf       fz_ws.l(dretinf.o)
    0x081416b4   0x00000016   Code   RO         9601    x$fpl$drsb          fz_ws.l(daddsub_clz.o)
    0x081416ca   0x00000002   PAD
    0x081416cc   0x000001d4   Code   RO         9602    x$fpl$dsub          fz_ws.l(daddsub_clz.o)
    0x081418a0   0x00000000   Code   RO         9648    x$fpl$usenofp       fz_ws.l(usenofp.o)
    0x081418a0   0x000001c0   Data   RO          294    .constdata          displayerror.o
    0x08141a60   0x0000000d   Data   RO          721    .constdata          calculate.o
    0x08141a6d   0x00000003   PAD
    0x08141a70   0x00000088   Data   RO         1725    .constdata          terminal_ver.o
    0x08141af8   0x00000031   Data   RO         2941    .constdata          terminal_uart_autoevent.o
    0x08141b29   0x0000000e   Data   RO         2980    .constdata          terminal_uart_timertask.o
    0x08141b37   0x00000014   Data   RO         3109    .constdata          terminal_uart_afn02_heartbeat.o
    0x08141b4b   0x00000026   Data   RO         3157    .constdata          terminal_afn04_paramter_check.o
    0x08141b71   0x00000992   Data   RO         3265    .constdata          terminal_afn04_paramter_lib.o
    0x08142503   0x000005dc   Data   RO         3350    .constdata          terminal_afn05_command_lib.o
    0x08142adf   0x00000029   Data   RO         3469    .constdata          terminal_uart_afn09f1.o
    0x08142b08   0x00000084   Data   RO         3491    .constdata          terminal_uart_afn09_configure.o
    0x08142b8c   0x00000e3c   Data   RO         3889    .constdata          terminal_afn0c_realtimedata_lib.o
    0x081439c8   0x00001182   Data   RO         4172    .constdata          terminal_afn0d_congealdata_lib.o
    0x08144b4a   0x00000188   Data   RO         4648    .constdata          terminal_afn0d_sourcedata_lib.o
    0x08144cd2   0x00000008   Data   RO         5318    .constdata          terminal_switchin.o
    0x08144cda   0x00000002   PAD
    0x08144cdc   0x0000015c   Data   RO         6173    .constdata          terminal_readmeter_dl645_2007_lib.o
    0x08144e38   0x00000104   Data   RO         6301    .constdata          terminal_readmeter_dl645_1997_lib.o
    0x08144f3c   0x00000042   Data   RO         7033    .constdata          autosearchmeter_3762.o
    0x08144f7e   0x00000002   PAD
    0x08144f80   0x00000330   Data   RO         9161    .constdata          STM32F4xxLIB_376.lib(stm32f4xx_uart.o)
    0x081452b0   0x00000010   Data   RO         9419    .constdata          STM32F4xxLIB_376.lib(stm32f4xx_rcc.o)
    0x081452c0   0x000000a8   Data   RO          537    .conststring        displayloop_self.o
    0x08145368   0x00000008   Data   RO         7605    Terminal_END        terminal_end.o


==============================================================================

Image component sizes


      Code (inc. data)   RO Data    RW Data    ZI Data      Debug   Object Name

       664         28          0          0          0       3433   atstring.o
      1736         66          0          0          0       4677   autosearchmeter.o
      3316        240         66          0          0       5139   autosearchmeter_3762.o
      1584         80          0          0          0       2342   autosearchmeter_rs485.o
       444         26          0          0          0       1198   average_voltage.o
      4168        222          0          0          0       3616   batchtask_3762.o
      3084        170          0          0          0       3345   batchtask_rs485.o
      2706         48         13          0          0      22711   calculate.o
       404          4          0          0          0       3300   dataconversion.o
      2704         64          0          0          0     281168   display.o
        92         18        448          0          0       2925   displayerror.o
       760        180          0          0          0       1804   displayftp.o
       480         18          0          0          0       1185   displayloop.o
      1928        698          0          0          0       4503   displayloop_acsample.o
         2          0          0          0          0        469   displayloop_contrl.o
       912         74          0          0          0       2389   displayloop_ico.o
      1396        168        168          0          0       1771   displayloop_self.o
       492         24          0          0          0       2073   displayloop_warning.o
      9754       2394          0          0          0      12906   gprs_3763.o
      4796       1006          0          0          0      28001   gprs_ftp_rxtx.o
      9732       9732          0          0          0        340   i2_setinitlib_project2xx_user11xx.o
       604         36          0          0          0       2490   keyuser.o
       220         10          0          0          0       2594   setinit.o
         0          0          0          0          0      17372   stm32f4xx_hal.o
       272          4          0          0          0       2033   stm32f4xx_ll_fmc.o
      1762        128         38          0          0      10955   terminal_afn04_paramter_check.o
       132          8       2450          0          0       2045   terminal_afn04_paramter_lib.o
       132          8       1500          0          0       2063   terminal_afn05_command_lib.o
      5158        374          0          0          0      16061   terminal_afn0c_realtimedata.o
      2146        106          0          0          0       6646   terminal_afn0c_realtimedata_fn.o
       164         14          0          0          0        682   terminal_afn0c_realtimedata_init.o
       162         10       3644          0          0       2597   terminal_afn0c_realtimedata_lib.o
      8260        388          0          0          0      11652   terminal_afn0d_congealdata.o
      6796        438          0          0          0      23981   terminal_afn0d_congealdata_fn.o
      1058         88          0          0          0       8570   terminal_afn0d_congealdata_init.o
       168          8       4482          0          0       1614   terminal_afn0d_congealdata_lib.o
       792         18          0          0          0       2994   terminal_afn0d_sourcedata.o
        80         12          0          0          0        512   terminal_afn0d_sourcedata_init.o
        96          8        392          0          0       1719   terminal_afn0d_sourcedata_lib.o
     12414        722          0          0          0      39924   terminal_afn0e_event.o
         4          0          0          0          0        826   terminal_contrl_energy.o
       520         66          0          0          0       2820   terminal_contrl_manage.o
       114         18          0          0          0       1787   terminal_contrl_out.o
         8          0          0          0          0       1564   terminal_contrl_power.o
         2          0          0          0          0        406   terminal_contrl_remote.o
         0          0          8          0          0          0   terminal_end.o
        24          2        560          0          0        716   terminal_entry.o
        36          8          0          0          0       1197   terminal_impin.o
      1584        172          0          0          0       5200   terminal_init.o
       272         36          0          0          0       1004   terminal_init_com.o
       290         10          0          0          0       1872   terminal_isr.o
      1190        134          0          0          0      31253   terminal_main.o
      2508        166          0          0          0       5054   terminal_powerdown.o
     12284        628          0          0          0      11294   terminal_readmeter_3762.o
     10416        346          0          0          0       9719   terminal_readmeter_3762_norouter.o
      8228        304          0          0          0       9475   terminal_readmeter_3762_std.o
       756         26          0          0          0       2563   terminal_readmeter_acsample.o
       812         36          0          0          0       3461   terminal_readmeter_afn0c_realtime.o
       264          6          0          0          0       1255   terminal_readmeter_countandflag.o
      1892         48          0          0          0       9227   terminal_readmeter_dl645.o
      2560        180          0          0          0       4830   terminal_readmeter_dl645_1997.o
      4330        168          0          0          0       5377   terminal_readmeter_dl645_1997_fndata.o
       976        930        260          0          0       4405   terminal_readmeter_dl645_1997_lib.o
      5160        260          0          0          0       6782   terminal_readmeter_dl645_2007.o
     15594        428          0          0          0      13081   terminal_readmeter_dl645_2007_fndata.o
      4356       4254        348          0          0       7180   terminal_readmeter_dl645_2007_lib.o
      1830         26          0          0          0       4785   terminal_readmeter_event.o
      1660         54          0          0          0       5352   terminal_readmeter_fn_project2xx_user11xx.o
       322         18          0          0          0       2314   terminal_readmeter_note.o
      3436        186          0          0          0       7698   terminal_readmeter_rs485.o
      1076         40          0          0          0       2384   terminal_readmeter_savefndata.o
      9366        350          0          0          0      15958   terminal_statistic.o
      5706         82          0          0          0       4999   terminal_statistic_e.o
       578         32          8          0          0       2605   terminal_switchin.o
      1020         30          0          0          0       2448   terminal_timer.o
      1620         82          0          0          0       3198   terminal_uart_3761.o
      1370         12          0          0          0       7618   terminal_uart_3761_com.o
      4254        134          0          0          0       7302   terminal_uart_3762_manage.o
      2448         56          0          0          0       8586   terminal_uart_3762_rxtx.o
       204         16          0          0          0        977   terminal_uart_afn00_ack.o
       308         12          0          0          0       1453   terminal_uart_afn01_reset.o
       584         62         20          0          0       2407   terminal_uart_afn02_heartbeat.o
     10034        196          0          0          0       9979   terminal_uart_afn04_paramter.o
      2148         64          0          0          0       3038   terminal_uart_afn05_command.o
      3112        156          0          0          0       4359   terminal_uart_afn06_pw.o
       176         10          0          0          0       1245   terminal_uart_afn08_cascading.o
      1096         50        132          0          0       2649   terminal_uart_afn09_configure.o
         0          0         41          0          0        459   terminal_uart_afn09f1.o
      1136         12          0          0          0       2442   terminal_uart_afn0b_taskdata.o
      3676        154          0          0          0       5386   terminal_uart_afn0c_realtimedata.o
      5696        138          0          0          0       6234   terminal_uart_afn0d_congealdata.o
      1076         18          0          0          0       2477   terminal_uart_afn0e_eventdata.o
      2090        454          0          0          0      10714   terminal_uart_afn0f_file.o
      1432         14          0          0          0       2665   terminal_uart_afn10_command.o
      8454        192          0          0          0       8481   terminal_uart_afn10_forwarding.o
       748         46          0          0          0       1634   terminal_uart_afnff_test.o
      2272         88         49          0          0       4953   terminal_uart_autoevent.o
         2          0          0          0          0        420   terminal_uart_cascading.o
      1284        170          0          0          0       3248   terminal_uart_manage.o
      2388         74         14          0          0       4890   terminal_uart_timertask.o
       628         30          0          0          0      28596   terminal_user11xx.o
         0          0        136          0          0        436   terminal_ver.o
       136          0          0          0          0       2475   test_ram.o
       320          0          0          0          0       1331   uartauto_645.o
       196         26          0          0          0       1503   warning.o

    ----------------------------------------------------------------------
    249714      28950      14784          0          0     877845   Object Totals
         0          0          0          0          0          0   (incl. Generated)
        82          0          7          0          0          0   (incl. Padding)

    ----------------------------------------------------------------------

      Code (inc. data)   RO Data    RW Data    ZI Data      Debug   Library Member Name

       208          4          0          0          0        104   24aa02e48.o
       308         58          0          0          0        152   data_save.o
      3384        244          0          0          0        448   ethernet.o
       248         36          0          0          0        660   extern_mrw.o
        88          6          0          0          0         76   ic_buzz.o
       792         30          0          0          0        252   ic_tesam.o
       500          0          0          0          0        800   io_i2c.o
       254         28          0          0          0        324   lan8720a.o
        12          4          0          0          0         68   ms.o
      3062        110          0          0          0       1508   nand.o
       100          8          0          0          0        204   os.o
       186         28          0          0          0        228   os_event.o
       210          4          0          0          0        168   rtc.o
       312         32          0          0          0        168   stm32f4xx_adc.o
       216         44          0          0          0        160   stm32f4xx_crc.o
       906        110          0          0          0        628   stm32f4xx_dma.o
       282         14          0          0          0        160   stm32f4xx_fmc.o
       784         52          0          0          0        592   stm32f4xx_io.o
       332         16          0          0          0        232   stm32f4xx_mac.o
       296         48          0          0          0         76   stm32f4xx_pwr.o
       268         36         16          0          0        308   stm32f4xx_rcc.o
       212         12          0          0          0         84   stm32f4xx_rtc.o
        62          4          0          0          0        152   stm32f4xx_softdelay.o
       228         22          0          0          0        296   stm32f4xx_spi.o
       156         22          0          0          0        152   stm32f4xx_tim.o
      2144        262        816          0          0       1840   stm32f4xx_uart.o
       176         26          0          0          0        140   stm32f4xx_wdg.o
        38          0          0          0          0         68   llshl.o
       238          0          0          0          0        100   lludivv7m.o
       826         16          0          0          0        348   daddsub_clz.o
       688        140          0          0          0        208   ddiv.o
        90          4          0          0          0         92   dfixu.o
        38          0          0          0          0         68   dflt_clz.o
       340         12          0          0          0        104   dmul.o
       156          4          0          0          0         92   dnaninf.o
        12          0          0          0          0         68   dretinf.o
         0          0          0          0          0          0   usenofp.o

    ----------------------------------------------------------------------
     18174       1436        832          0          0      11128   Library Totals
        22          0          0          0          0          0   (incl. Padding)

    ----------------------------------------------------------------------

      Code (inc. data)   RO Data    RW Data    ZI Data      Debug   Library Name

     15726       1260        832          0          0       9980   STM32F4xxLIB_376.lib
       276          0          0          0          0        168   c_w.l
      2150        176          0          0          0        980   fz_ws.l

    ----------------------------------------------------------------------
     18174       1436        832          0          0      11128   Library Totals

    ----------------------------------------------------------------------

==============================================================================


      Code (inc. data)   RO Data    RW Data    ZI Data      Debug   

    267888      30386      15616          0          0     858137   Grand Totals
    267888      30386      15616          0          0     858137   ELF Image Totals
    267888      30386      15616          0          0          0   ROM Totals

==============================================================================

    Total RO  Size (Code + RO Data)               283504 ( 276.86kB)
    Total RW  Size (RW Data + ZI Data)                 0 (   0.00kB)
    Total ROM Size (Code + RO Data + RW Data)     283504 ( 276.86kB)

==============================================================================

