Component: ARM Compiler 5.06 update 1 (build 61) Tool: armlink [4d35a8]

==============================================================================

Section Cross References

    test_entry.o(RESET) refers to test_main.o(i.Test_Main) for Test_Main
    test_entry.o(RESET) refers to test_entry.o(.text) for NMI_Handler
    test_entry.o(RESET) refers to test_end.o(Test_END) for ADDR_Test_END
    test_entry.o(RESET) refers to test_init.o(i.Init_Test) for Init_Test
    test_entry.o(RESET) refers to test_init.o(i.Init_Test_SoftwareUpdate) for Init_Test_SoftwareUpdate
    test_entry.o(RESET) refers to test_ver.o(.constdata) for ADDR_Test_VER
    test_entry.o(RESET) refers to test.o(i.Test_ReStartOS) for Test_ReStartOS
    test_entry.o(RESET) refers to test.o(i.Test) for Test
    test_entry.o(RESET) refers to test_main.o(i._0) for _0
    test_main.o(i.Test_Main) refers to os.o(i.Get_os) for Get_os
    test_main.o(i.Test_Main) refers to ms.o(i.Get_ms) for Get_ms
    test_main.o(i.Test_Main) refers to menu.o(i.MenuDel) for MenuDel
    test_main.o(i.Test_Main) refers to draw.o(i.Draw_Clr) for Draw_Clr
    test_main.o(i.Test_Main) refers to stm32f4xx_adc.o(i.STM32F4xx_Temperature) for STM32F4xx_Temperature
    test_main.o(i.Test_Main) refers to menu.o(i.DisplayMenu) for DisplayMenu
    test_main.o(i.Test_Main) refers to menu.o(i.Arrowhead) for Arrowhead
    test_main.o(i.Test_Main) refers to menu.o(i.MenuNegative) for MenuNegative
    test_main.o(i.Test_Main) refers to menu.o(i.MenuSelect) for MenuSelect
    test_main.o(i.Test_Main) refers to test.o(i.Test_ReStartOS) for Test_ReStartOS
    test_main.o(i.Test_Main) refers to test_flash_block_err.o(i.Test_FLASH_Block_Err) for Test_FLASH_Block_Err
    test_main.o(i.Test_Main) refers to test_flash_life.o(i.Test_FLASH_Life) for Test_FLASH_Life
    test_main.o(i.Test_Main) refers to test_main.o(.constdata) for pE2_Main3
    testreport.o(i.Report_txt) refers to ascii.o(i.StrCopy) for StrCopy
    testreport.o(i.Report_txt) refers to calculate.o(i.BCD_ASCII) for BCD_ASCII
    testreport.o(i.Report_txt) refers to testreport.o(i.TestReport_POWER) for TestReport_POWER
    testreport.o(i.Report_txt) refers to testreport.o(i.TestReport_POWER_DOWN) for TestReport_POWER_DOWN
    testreport.o(i.Report_txt) refers to testreport.o(i.TestReport_STM32F4xx) for TestReport_STM32F4xx
    testreport.o(i.Report_txt) refers to testreport.o(i.TestReport_SDRAM) for TestReport_SDRAM
    testreport.o(i.Report_txt) refers to testreport.o(i.TestReport_MT29FxG_NAND) for TestReport_MT29FxG_NAND
    testreport.o(i.Report_txt) refers to testreport.o(i.TestReport_90E36) for TestReport_90E36
    testreport.o(i.Report_txt) refers to testreport.o(i.TestReport_RTC) for TestReport_RTC
    testreport.o(i.Report_txt) refers to testreport.o(i.TestReport_LAN8720A) for TestReport_LAN8720A
    testreport.o(i.Report_txt) refers to testreport.o(i.TestReport_UART) for TestReport_UART
    testreport.o(i.Report_txt) refers to testreport.o(i.TestReport_ESAM) for TestReport_ESAM
    testreport.o(i.Report_txt) refers to testreport.o(i.TestReport_24AA02E48) for TestReport_24AA02E48
    testreport.o(i.Report_txt) refers to testreport.o(i.TestReport_KEY) for TestReport_KEY
    testreport.o(i.Report_txt) refers to testreport.o(i.TestReport_IN) for TestReport_IN
    testreport.o(i.TestReport) refers to testreport.o(i.Report_txt) for Report_txt
    testreport.o(i.TestReport) refers to os.o(i.Get_os) for Get_os
    testreport.o(i.TestReport_24AA02E48) refers to ascii.o(i.StrCopy) for StrCopy
    testreport.o(i.TestReport_24AA02E48) refers to testreport.o(i.Data_ASCII) for Data_ASCII
    testreport.o(i.TestReport_90E36) refers to ascii.o(i.StrCopy) for StrCopy
    testreport.o(i.TestReport_90E36) refers to calculate.o(i.HEX_ASCII) for HEX_ASCII
    testreport.o(i.TestReport_ESAM) refers to ascii.o(i.StrCopy) for StrCopy
    testreport.o(i.TestReport_ESAM) refers to calculate.o(i.HEX_ASCII) for HEX_ASCII
    testreport.o(i.TestReport_ESAM) refers to testreport.o(i.Data_ASCII) for Data_ASCII
    testreport.o(i.TestReport_IN) refers to ascii.o(i.StrCopy) for StrCopy
    testreport.o(i.TestReport_KEY) refers to ascii.o(i.StrCopy) for StrCopy
    testreport.o(i.TestReport_LAN8720A) refers to ascii.o(i.StrCopy) for StrCopy
    testreport.o(i.TestReport_LAN8720A) refers to calculate.o(i.HEX_ASCII) for HEX_ASCII
    testreport.o(i.TestReport_MT29FxG_NAND) refers to ascii.o(i.StrCopy) for StrCopy
    testreport.o(i.TestReport_MT29FxG_NAND) refers to calculate.o(i.HEX_ASCII) for HEX_ASCII
    testreport.o(i.TestReport_POWER) refers to ascii.o(i.StrCopy) for StrCopy
    testreport.o(i.TestReport_POWER) refers to calculate.o(i.BCD_ASCII) for BCD_ASCII
    testreport.o(i.TestReport_POWER) refers to ascii.o(i.Byte_ascii) for Byte_ascii
    testreport.o(i.TestReport_POWER_DOWN) refers to ascii.o(i.StrCopy) for StrCopy
    testreport.o(i.TestReport_POWER_DOWN) refers to calculate.o(i.HEX_ASCII) for HEX_ASCII
[...]
    D:\\Keil_v5\\ARM\\PACK\\Keil\\STM32F4xx_DFP\\2.11.0\\Drivers\\STM32F4xx_HAL_Driver\\Src\\stm32f4xx_hal_rcc.c 0x00000000   Number         0  stm32f4xx_hal_rcc.o ABSOLUTE
    D:\\Keil_v5\\ARM\\PACK\\Keil\\STM32F4xx_DFP\\2.11.0\\Drivers\\STM32F4xx_HAL_Driver\\Src\\stm32f4xx_hal_rcc_ex.c 0x00000000   Number         0  stm32f4xx_hal_rcc_ex.o ABSOLUTE
    D:\\Keil_v5\\ARM\\PACK\\Keil\\STM32F4xx_DFP\\2.11.0\\Drivers\\STM32F4xx_HAL_Driver\\Src\\stm32f4xx_hal_sdram.c 0x00000000   Number         0  stm32f4xx_hal_sdram.o ABSOLUTE
    D:\\Keil_v5\\ARM\\PACK\\Keil\\STM32F4xx_DFP\\2.11.0\\Drivers\\STM32F4xx_HAL_Driver\\Src\\stm32f4xx_ll_fmc.c 0x00000000   Number         0  stm32f4xx_ll_fmc.o ABSOLUTE
    LOG.c                                    0x00000000   Number         0  log.o ABSOLUTE
    LOG.c                                    0x00000000   Number         0  log.o ABSOLUTE
    Test.c                                   0x00000000   Number         0  test.o ABSOLUTE
    Test.c                                   0x00000000   Number         0  test.o ABSOLUTE
    TestReport.c                             0x00000000   Number         0  testreport.o ABSOLUTE
    TestReport.c                             0x00000000   Number         0  testreport.o ABSOLUTE
    Test_24AA02E48.c                         0x00000000   Number         0  test_24aa02e48.o ABSOLUTE
    Test_24AA02E48.c                         0x00000000   Number         0  test_24aa02e48.o ABSOLUTE
    Test_90E36.c                             0x00000000   Number         0  test_90e36.o ABSOLUTE
    Test_90E36.c                             0x00000000   Number         0  test_90e36.o ABSOLUTE
    Test_CONTRL_MODULE.c                     0x00000000   Number         0  test_contrl_module.o ABSOLUTE
    Test_CONTRL_MODULE.c                     0x00000000   Number         0  test_contrl_module.o ABSOLUTE
    Test_ESAM.c                              0x00000000   Number         0  test_esam.o ABSOLUTE
    Test_ESAM.c                              0x00000000   Number         0  test_esam.o ABSOLUTE
    Test_ETH.c                               0x00000000   Number         0  test_eth.o ABSOLUTE
    Test_ETH.c                               0x00000000   Number         0  test_eth.o ABSOLUTE
    Test_End.s                               0x00000000   Number         0  test_end.o ABSOLUTE
    Test_Entry.s                             0x00000000   Number         0  test_entry.o ABSOLUTE
    Test_FLASH_Block_Err.c                   0x00000000   Number         0  test_flash_block_err.o ABSOLUTE
    Test_FLASH_Block_Err.c                   0x00000000   Number         0  test_flash_block_err.o ABSOLUTE
    Test_FLASH_Life.c                        0x00000000   Number         0  test_flash_life.o ABSOLUTE
    Test_FLASH_Life.c                        0x00000000   Number         0  test_flash_life.o ABSOLUTE
    Test_GPRS.c                              0x00000000   Number         0  test_gprs.o ABSOLUTE
    Test_GPRS.c                              0x00000000   Number         0  test_gprs.o ABSOLUTE
    Test_INOUT.c                             0x00000000   Number         0  test_inout.o ABSOLUTE
    Test_INOUT.c                             0x00000000   Number         0  test_inout.o ABSOLUTE
    Test_Init.c                              0x00000000   Number         0  test_init.o ABSOLUTE
    Test_Init.c                              0x00000000   Number         0  test_init.o ABSOLUTE
    Test_KEY_LED_BUZZER.c                    0x00000000   Number         0  test_key_led_buzzer.o ABSOLUTE
    Test_KEY_LED_BUZZER.c                    0x00000000   Number         0  test_key_led_buzzer.o ABSOLUTE
    Test_LAN8720A.c                          0x00000000   Number         0  test_lan8720a.o ABSOLUTE
    Test_LAN8720A.c                          0x00000000   Number         0  test_lan8720a.o ABSOLUTE
    Test_LOCAL_MODULE.c                      0x00000000   Number         0  test_local_module.o ABSOLUTE
    Test_LOCAL_MODULE.c                      0x00000000   Number         0  test_local_module.o ABSOLUTE
    Test_MT29FxG_NAND.c                      0x00000000   Number         0  test_mt29fxg_nand.o ABSOLUTE
    Test_MT29FxG_NAND.c                      0x00000000   Number         0  test_mt29fxg_nand.o ABSOLUTE
    Test_Main.c                              0x00000000   Number         0  test_main.o ABSOLUTE
    Test_Main.c                              0x00000000   Number         0  test_main.o ABSOLUTE
    Test_POWER.c                             0x00000000   Number         0  test_power.o ABSOLUTE
    Test_POWER.c                             0x00000000   Number         0  test_power.o ABSOLUTE
    Test_RAM.c                               0x00000000   Number         0  test_ram.o ABSOLUTE
    Test_RAM.c                               0x00000000   Number         0  test_ram.o ABSOLUTE
    Test_RTC.c                               0x00000000   Number         0  test_rtc.o ABSOLUTE
    Test_RTC.c                               0x00000000   Number         0  test_rtc.o ABSOLUTE
    Test_S34MLxG_NAND.c                      0x00000000   Number         0  test_s34mlxg_nand.o ABSOLUTE
    Test_S34MLxG_NAND.c                      0x00000000   Number         0  test_s34mlxg_nand.o ABSOLUTE
    Test_SDRAM.c                             0x00000000   Number         0  test_sdram.o ABSOLUTE
    Test_SDRAM.c                             0x00000000   Number         0  test_sdram.o ABSOLUTE
    Test_STM32F4xx.c                         0x00000000   Number         0  test_stm32f4xx.o ABSOLUTE
    Test_STM32F4xx.c                         0x00000000   Number         0  test_stm32f4xx.o ABSOLUTE
    Test_UART.c                              0x00000000   Number         0  test_uart.o ABSOLUTE
    Test_UART.c                              0x00000000   Number         0  test_uart.o ABSOLUTE
    Test_VER.c                               0x00000000   Number         0  test_ver.o ABSOLUTE
    Test_VER.c                               0x00000000   Number         0  test_ver.o ABSOLUTE
    dc.s                                     0x00000000   Number         0  dc.o ABSOLUTE
    RESET                                    0x081c0000   Section      520  test_entry.o(RESET)
    .text                                    0x081c0208   Section       24  test_entry.o(.text)
    $v0                                      0x081c0208   Number         0  test_entry.o(.text)
    .text                                    0x081c0220   Section      238  lludivv7m.o(.text)
    i.ADCx                                   0x081c0310   Section        0  stm32f4xx_adc.o(i.ADCx)
    i.Arrowhead                              0x081c0428   Section        0  menu.o(i.Arrowhead)
    i.BLOCK_Write_NAND                       0x081c0488   Section        0  nand.o(i.BLOCK_Write_NAND)
    i.BLOCK_Write_NAND_16                    0x081c04c4   Section        0  nand.o(i.BLOCK_Write_NAND_16)
    i.BLOCK_Write_NAND_8                     0x081c061c   Section        0  nand.o(i.BLOCK_Write_NAND_8)
    i.BUZZ_Generate                          0x081c0798   Section        0  ic_buzz.o(i.BUZZ_Generate)
    i.BitLoca                                0x081c07f0   Section        0  calculate.o(i.BitLoca)
    i.BitNum                                 0x081c080c   Section        0  calculate.o(i.BitNum)
    i.BlockErase_NAND                        0x081c0826   Section        0  nand.o(i.BlockErase_NAND)
    i.Button                                 0x081c089c   Section        0  button.o(i.Button)
    i.Charge_Battery_Voltage                 0x081c0bc8   Section        0  stm32f4xx_adc.o(i.Charge_Battery_Voltage)
    i.Check_128kNandBuff                     0x081c0be8   Section        0  nand.o(i.Check_128kNandBuff)
    i.DMA_UARTn_RX                           0x081c0cf0   Section        0  stm32f4xx_dma.o(i.DMA_UARTn_RX)
    i.DMA_UARTn_TX                           0x081c0dd0   Section        0  stm32f4xx_dma.o(i.DMA_UARTn_TX)
    i.DMAx_STREAMx_CHx_RX                    0x081c0ee4   Section        0  stm32f4xx_dma.o(i.DMAx_STREAMx_CHx_RX)
    i.DMAx_STREAMx_CHx_TX                    0x081c0f28   Section        0  stm32f4xx_dma.o(i.DMAx_STREAMx_CHx_TX)
    i.Data_Save_CRC                          0x081c0f6c   Section        0  stm32f4xx_crc.o(i.Data_Save_CRC)
    i.Disable_EXTI                           0x081c0fdc   Section        0  stm32f4xx_exti.o(i.Disable_EXTI)
    i.Disable_Internal_ECC                   0x081c0ff4   Section        0  nand.o(i.Disable_Internal_ECC)
    i.Disable_os                             0x081c0ff8   Section        0  os.o(i.Disable_os)
    i.DispalyAlign                           0x081c1024   Section        0  display.o(i.DispalyAlign)
    i.DispalyStringOnlyOneRow                0x081c1254   Section        0  display.o(i.DispalyStringOnlyOneRow)
    i.DisplayClr                             0x081c1338   Section        0  display.o(i.DisplayClr)
    i.DisplayClrRow                          0x081c1360   Section        0  display.o(i.DisplayClrRow)
    i.DisplayData                            0x081c1390   Section        0  display.o(i.DisplayData)
    i.DisplayData_OffZero                    0x081c1418   Section        0  display.o(i.DisplayData_OffZero)
    i.DisplayMenu                            0x081c148c   Section        0  menu.o(i.DisplayMenu)
    i.DisplayMenuString                      0x081c152c   Section        0  display.o(i.DisplayMenuString)
    i.DisplayRATE                            0x081c16e4   Section        0  display.o(i.DisplayRATE)
    i.DisplayString                          0x081c17d4   Section        0  display.o(i.DisplayString)
    i.DisplayStringAutoUp                    0x081c195c   Section        0  display.o(i.DisplayStringAutoUp)
    i.DisplayUpRow                           0x081c1b0c   Section        0  display.o(i.DisplayUpRow)
    i.DownArrow                              0x081c1b80   Section        0  menu.o(i.DownArrow)
    i.Draw_Clr                               0x081c1b98   Section        0  draw.o(i.Draw_Clr)
    i.ETH_DMARxDescList                      0x081c1bb4   Section        0  stm32f4xx_mac.o(i.ETH_DMARxDescList)
    i.ETH_DMATxDescList                      0x081c1c08   Section        0  stm32f4xx_mac.o(i.ETH_DMATxDescList)
    i.ETH_DMA_Config                         0x081c1c58   Section        0  stm32f4xx_mac.o(i.ETH_DMA_Config)
    i.ETH_MACAddress_Config                  0x081c1c78   Section        0  stm32f4xx_mac.o(i.ETH_MACAddress_Config)
    i.ETH_MAC_Config                         0x081c1cb4   Section        0  stm32f4xx_mac.o(i.ETH_MAC_Config)
    i.ETH_PHY_CR                             0x081c1cf0   Section        0  lan8720a.o(i.ETH_PHY_CR)
    i.Enable_EXTI                            0x081c1d38   Section        0  stm32f4xx_exti.o(i.Enable_EXTI)
    i.Enable_Internal_ECC                    0x081c1e84   Section        0  nand.o(i.Enable_Internal_ECC)
    i.FMC_NAND_AttributeSpace_Timing_Init    0x081c1f48   Section        0  stm32f4xx_ll_fmc.o(i.FMC_NAND_AttributeSpace_Timing_Init)
    i.FMC_NAND_CommonSpace_Timing_Init       0x081c1f70   Section        0  stm32f4xx_ll_fmc.o(i.FMC_NAND_CommonSpace_Timing_Init)
    i.FMC_NAND_Init                          0x081c1f98   Section        0  stm32f4xx_ll_fmc.o(i.FMC_NAND_Init)
    i.FMC_SDRAM_Init                         0x081c1fd0   Section        0  stm32f4xx_ll_fmc.o(i.FMC_SDRAM_Init)
    i.FMC_SDRAM_Timing_Init                  0x081c2044   Section        0  stm32f4xx_ll_fmc.o(i.FMC_SDRAM_Timing_Init)
    i.GetCRC32                               0x081c20e0   Section        0  test_stm32f4xx.o(i.GetCRC32)
    i.Get_ADDR_UARTn                         0x081c217c   Section        0  stm32f4xx_uart.o(i.Get_ADDR_UARTn)
    i.Get_ADDR_UARTnCtrl                     0x081c2194   Section        0  stm32f4xx_uart.o(i.Get_ADDR_UARTnCtrl)
    i.Get_ADDR_UARTnTx                       0x081c21ac   Section        0  stm32f4xx_uart.o(i.Get_ADDR_UARTnTx)
    i.Get_LEN_UARTnTx                        0x081c21c4   Section        0  stm32f4xx_uart.o(i.Get_LEN_UARTnTx)
    i.Get_UARTBps                            0x081c21dc   Section        0  stm32f4xx_uart.o(i.Get_UARTBps)
    i.Get_USARTDIV                           0x081c2250   Section        0  stm32f4xx_uart.o(i.Get_USARTDIV)
    i.Get_ms                                 0x081c235c   Section        0  ms.o(i.Get_ms)
    i.Get_os                                 0x081c2368   Section        0  os.o(i.Get_os)
    i.HAL_GetTick                            0x081c2374   Section        0  stm32f4xx_hal.o(i.HAL_GetTick)
    i.HAL_InitTick                           0x081c2380   Section        0  stm32f4xx_rcc_config.o(i.HAL_InitTick)
    i.HAL_RCCEx_PeriphCLKConfig              0x081c2388   Section        0  stm32f4xx_hal_rcc_ex.o(i.HAL_RCCEx_PeriphCLKConfig)
    i.HAL_RCC_ClockConfig                    0x081c2870   Section        0  stm32f4xx_hal_rcc.o(i.HAL_RCC_ClockConfig)
    i.HAL_RCC_GetSysClockFreq                0x081c2a40   Section        0  stm32f4xx_hal_rcc.o(i.HAL_RCC_GetSysClockFreq)
    i.HAL_RCC_OscConfig                      0x081c2af4   Section        0  stm32f4xx_hal_rcc_ex.o(i.HAL_RCC_OscConfig)
    i.ID_NAND                                0x081c2f58   Section        0  nand.o(i.ID_NAND)
    i.IOI2C_ReStart                          0x081c3028   Section        0  io_i2c.o(i.IOI2C_ReStart)
    i.IOI2C_ReadAck                          0x081c305e   Section        0  io_i2c.o(i.IOI2C_ReadAck)
    i.IOI2C_ReadNoAck                        0x081c30a6   Section        0  io_i2c.o(i.IOI2C_ReadNoAck)
    i.IOI2C_Start                            0x081c30e8   Section        0  io_i2c.o(i.IOI2C_Start)
    i.IOI2C_Stop                             0x081c3158   Section        0  io_i2c.o(i.IOI2C_Stop)
    i.IOI2C_Write                            0x081c317a   Section        0  io_i2c.o(i.IOI2C_Write)
    i.Init_LAN8720A                          0x081c31d0   Section        0  lan8720a.o(i.Init_LAN8720A)
    i.Init_SPI1                              0x081c31e4   Section        0  stm32f4xx_spi.o(i.Init_SPI1)
    i.Init_SPI2                              0x081c3244   Section        0  stm32f4xx_spi.o(i.Init_SPI2)
    i.Init_STM32F4xx_MAC                     0x081c32cc   Section        0  stm32f4xx_mac.o(i.Init_STM32F4xx_MAC)
    i.Init_Test                              0x081c337c   Section        0  test_init.o(i.Init_Test)
    i.Init_Test_SoftwareUpdate               0x081c337e   Section        0  test_init.o(i.Init_Test_SoftwareUpdate)
    i.Init_UARTn                             0x081c3380   Section        0  stm32f4xx_uart.o(i.Init_UARTn)
    i.LCDDataOut                             0x081c33ec   Section        0  extern_mrw.o(i.LCDDataOut)
    i.LanguageString                         0x081c33fc   Section        0  display.o(i.LanguageString)
    i.Life_BLOCK_Write_NAND                  0x081c3428   Section        0  test_flash_life.o(i.Life_BLOCK_Write_NAND)
    i.MC                                     0x081c3574   Section        0  extern_mrw.o(i.MC)
    i.ME                                     0x081c3594   Section        0  extern_mrw.o(i.ME)
    i.MR                                     0x081c35ac   Section        0  extern_mrw.o(i.MR)
    i.MRR                                    0x081c35cc   Section        0  extern_mrw.o(i.MRR)
    i.MW                                     0x081c35e4   Section        0  extern_mrw.o(i.MW)
    i.MWR                                    0x081c3604   Section        0  extern_mrw.o(i.MWR)
    i.MY_NAND_Init                           0x081c362c   Section        0  test_mt29fxg_nand.o(i.MY_NAND_Init)
    i.MY_SDRAM_Init                          0x081c365e   Section        0  test_sdram.o(i.MY_SDRAM_Init)
    i.MenuDel                                0x081c3678   Section        0  menu.o(i.MenuDel)
    i.MenuNegative                           0x081c36ac   Section        0  menu.o(i.MenuNegative)
    i.MenuSelect                             0x081c3728   Section        0  menu.o(i.MenuSelect)
    i.NAND128kBuff_Write_NAND                0x081c3870   Section        0  nand.o(i.NAND128kBuff_Write_NAND)
    i.NAND_BANK3_FMC_Init                    0x081c3a7c   Section        0  test_mt29fxg_nand.o(i.NAND_BANK3_FMC_Init)
    i.NVIC_DisableIRQ                        0x081c3ad4   Section        0  stm32f4xx_spi.o(i.NVIC_DisableIRQ)
    NVIC_DisableIRQ                          0x081c3ad5   Thumb Code    18  stm32f4xx_spi.o(i.NVIC_DisableIRQ)
    i.NVIC_DisableIRQ                        0x081c3aec   Section        0  nand.o(i.NVIC_DisableIRQ)
    NVIC_DisableIRQ                          0x081c3aed   Thumb Code    18  nand.o(i.NVIC_DisableIRQ)
    i.NVIC_EnableIRQ                         0x081c3b04   Section        0  stm32f4xx_tim.o(i.NVIC_EnableIRQ)
    NVIC_EnableIRQ                           0x081c3b05   Thumb Code    22  stm32f4xx_tim.o(i.NVIC_EnableIRQ)
    i.NVIC_EnableIRQ                         0x081c3b1a   Section        0  stm32f4xx_uart.o(i.NVIC_EnableIRQ)
    NVIC_EnableIRQ                           0x081c3b1b   Thumb Code    22  stm32f4xx_uart.o(i.NVIC_EnableIRQ)
    i.NVIC_EnableIRQ                         0x081c3b30   Section        0  nand.o(i.NVIC_EnableIRQ)
    NVIC_EnableIRQ                           0x081c3b31   Thumb Code    22  nand.o(i.NVIC_EnableIRQ)
    i.NVIC_EnableIRQ                         0x081c3b46   Section        0  stm32f4xx_dma.o(i.NVIC_EnableIRQ)
    NVIC_EnableIRQ                           0x081c3b47   Thumb Code    22  stm32f4xx_dma.o(i.NVIC_EnableIRQ)
    i.NVIC_EnableIRQ                         0x081c3b5c   Section        0  stm32f4xx_exti.o(i.NVIC_EnableIRQ)
    NVIC_EnableIRQ                           0x081c3b5d   Thumb Code    22  stm32f4xx_exti.o(i.NVIC_EnableIRQ)
    i.NVIC_SetPriority                       0x081c3b74   Section        0  stm32f4xx_tim.o(i.NVIC_SetPriority)
    NVIC_SetPriority                         0x081c3b75   Thumb Code    32  stm32f4xx_tim.o(i.NVIC_SetPriority)
    i.NVIC_SetPriority                       0x081c3b9c   Section        0  stm32f4xx_spi.o(i.NVIC_SetPriority)
    NVIC_SetPriority                         0x081c3b9d   Thumb Code    32  stm32f4xx_spi.o(i.NVIC_SetPriority)
    i.NVIC_SetPriority                       0x081c3bc4   Section        0  stm32f4xx_uart.o(i.NVIC_SetPriority)
    NVIC_SetPriority                         0x081c3bc5   Thumb Code    32  stm32f4xx_uart.o(i.NVIC_SetPriority)
    i.NVIC_SetPriority                       0x081c3bec   Section        0  stm32f4xx_dma.o(i.NVIC_SetPriority)
    NVIC_SetPriority                         0x081c3bed   Thumb Code    32  stm32f4xx_dma.o(i.NVIC_SetPriority)
    i.Off38KHz                               0x081c3c14   Section        0  stm32f4xx_tim.o(i.Off38KHz)
    i.OffEMU                                 0x081c3c3c   Section        0  stm32f4xx_io.o(i.OffEMU)
    i.On38KHz                                0x081c3c4c   Section        0  stm32f4xx_tim.o(i.On38KHz)
    i.OnA5V0                                 0x081c3cb8   Section        0  stm32f4xx_io.o(i.OnA5V0)
    i.OnBACKLIGHT                            0x081c3cdc   Section        0  stm32f4xx_io.o(i.OnBACKLIGHT)
    i.OnE5V0                                 0x081c3d00   Section        0  stm32f4xx_io.o(i.OnE5V0)
    i.OnEMU                                  0x081c3d24   Section        0  stm32f4xx_io.o(i.OnEMU)
    i.OnLED3V3                               0x081c3d34   Section        0  stm32f4xx_io.o(i.OnLED3V3)
    i.OnR5V0                                 0x081c3d58   Section        0  stm32f4xx_io.o(i.OnR5V0)
    i.Pin_Configure                          0x081c3d7c   Section        0  stm32f4xx_io.o(i.Pin_Configure)
    i.Pin_OutH                               0x081c3fb8   Section        0  stm32f4xx_io.o(i.Pin_OutH)
    i.Pin_OutH_Delay                         0x081c3fcc   Section        0  io_i2c.o(i.Pin_OutH_Delay)
    i.Pin_OutL                               0x081c3fe0   Section        0  stm32f4xx_io.o(i.Pin_OutL)
    i.Pin_OutL_Delay                         0x081c3ff8   Section        0  io_i2c.o(i.Pin_OutL_Delay)
    i.Pin_Read                               0x081c400c   Section        0  stm32f4xx_io.o(i.Pin_Read)
    i.PowerDown_Data_Save                    0x081c4024   Section        0  data_save.o(i.PowerDown_Data_Save)
    i.RAM_CRC32                              0x081c40f4   Section        0  stm32f4xx_crc.o(i.RAM_CRC32)
    i.RAM_Test                               0x081c4160   Section        0  test_ram.o(i.RAM_Test)
    i.RCC_GetHCLKFreq                        0x081c41e8   Section        0  stm32f4xx_rcc.o(i.RCC_GetHCLKFreq)
    i.RCC_GetPCLK1Freq                       0x081c4218   Section        0  stm32f4xx_rcc.o(i.RCC_GetPCLK1Freq)
    i.RCC_GetPCLK2Freq                       0x081c4244   Section        0  stm32f4xx_rcc.o(i.RCC_GetPCLK2Freq)
    i.RCC_GetSysClockFreq                    0x081c4270   Section        0  stm32f4xx_rcc.o(i.RCC_GetSysClockFreq)
    i.RCC_SystemClock_Config_168MHz          0x081c42f4   Section        0  stm32f4xx_rcc_config.o(i.RCC_SystemClock_Config_168MHz)
    i.RX8025T_Read                           0x081c439c   Section        0  rtc.o(i.RX8025T_Read)
    i.RX8025T_Write                          0x081c446c   Section        0  rtc.o(i.RX8025T_Write)
    i.RePlace_BLOCK_ADDR                     0x081c4518   Section        0  nand.o(i.RePlace_BLOCK_ADDR)
    i.RePlace_BLOCK_Write_NAND               0x081c453c   Section        0  nand.o(i.RePlace_BLOCK_Write_NAND)
    i.RePlace_Read_NAND                      0x081c4670   Section        0  nand.o(i.RePlace_Read_NAND)
    i.RePlace_Write_NAND                     0x081c46b8   Section        0  nand.o(i.RePlace_Write_NAND)
    i.ReSTART_OS                             0x081c4748   Section        0  os.o(i.ReSTART_OS)
    i.Read_24AA02E48                         0x081c4814   Section        0  24aa02e48.o(i.Read_24AA02E48)
    i.Read_ETH_PHYReg                        0x081c48e4   Section        0  lan8720a.o(i.Read_ETH_PHYReg)
    i.Read_NAND                              0x081c4934   Section        0  nand.o(i.Read_NAND)
    i.Read_NAND_16                           0x081c4980   Section        0  nand.o(i.Read_NAND_16)
    i.Read_NAND_8                            0x081c4a5c   Section        0  nand.o(i.Read_NAND_8)
    i.SDAIn                                  0x081c4b18   Section        0  io_i2c.o(i.SDAIn)
    i.SDAOut                                 0x081c4b2c   Section        0  io_i2c.o(i.SDAOut)
    i.SDRAM_FMC_Init                         0x081c4b40   Section        0  test_sdram.o(i.SDRAM_FMC_Init)
    i.START_STM32F4xx_TIM2                   0x081c4b90   Section        0  stm32f4xx_tim.o(i.START_STM32F4xx_TIM2)
    i.START_STM32F4xx_TIM3                   0x081c4bcc   Section        0  stm32f4xx_tim.o(i.START_STM32F4xx_TIM3)
    i.START_STM32F4xx_TIM5_MEASURE_LSI       0x081c4c50   Section        0  stm32f4xx_tim.o(i.START_STM32F4xx_TIM5_MEASURE_LSI)
    i.START_STM32F4xx_TIM5_MEASURE_REF_CLK   0x081c4ca8   Section        0  stm32f4xx_tim.o(i.START_STM32F4xx_TIM5_MEASURE_REF_CLK)
    i.STM32F4xx_Temperature                  0x081c4d00   Section        0  stm32f4xx_adc.o(i.STM32F4xx_Temperature)
    i.STOP_STM32F4xx_TIM2_US                 0x081c4e24   Section        0  stm32f4xx_tim.o(i.STOP_STM32F4xx_TIM2_US)
    i.STOP_STM32F4xx_TIM3                    0x081c4e40   Section        0  stm32f4xx_tim.o(i.STOP_STM32F4xx_TIM3)
    i.SoftDelayMS                            0x081c4e54   Section        0  stm32f4xx_softdelay.o(i.SoftDelayMS)
    i.SoftDelayUS                            0x081c4e74   Section        0  stm32f4xx_softdelay.o(i.SoftDelayUS)
    i.Start_UARTn_Tx                         0x081c4e94   Section        0  stm32f4xx_uart.o(i.Start_UARTn_Tx)
    i.TESAM_RXTX                             0x081c4fb8   Section        0  ic_tesam.o(i.TESAM_RXTX)
    i.TEST_TESAM_CMD_TxRx                    0x081c51bc   Section        0  test_esam.o(i.TEST_TESAM_CMD_TxRx)
    i.Test                                   0x081c5264   Section        0  test.o(i.Test)
    i.Test_24AA02E48                         0x081c54b8   Section        0  test_24aa02e48.o(i.Test_24AA02E48)
    i.Test_90E36                             0x081c5544   Section        0  test_90e36.o(i.Test_90E36)
    i.Test_BLOCK_Write_NAND                  0x081c5804   Section        0  test_flash_block_err.o(i.Test_BLOCK_Write_NAND)
    i.Test_ESAM                              0x081c5958   Section        0  test_esam.o(i.Test_ESAM)
    i.Test_ETH                               0x081c5ab0   Section        0  test_eth.o(i.Test_ETH)
    i.Test_FLASH_Block_Err                   0x081c5c28   Section        0  test_flash_block_err.o(i.Test_FLASH_Block_Err)
    i.Test_FLASH_Life                        0x081c5df0   Section        0  test_flash_life.o(i.Test_FLASH_Life)
    i.Test_GPRS_MODULE                       0x081c5f1c   Section        0  test_gprs.o(i.Test_GPRS_MODULE)
    i.Test_INOUT                             0x081c5f22   Section        0  test_inout.o(i.Test_INOUT)
    i.Test_KEY_LED_BUZZER                    0x081c5f28   Section        0  test_key_led_buzzer.o(i.Test_KEY_LED_BUZZER)
    i.Test_LAN8720A                          0x081c6214   Section        0  test_lan8720a.o(i.Test_LAN8720A)
    i.Test_MT29FxG_NAND                      0x081c6390   Section        0  test_mt29fxg_nand.o(i.Test_MT29FxG_NAND)
    i.Test_Main                              0x081c66c4   Section        0  test_main.o(i.Test_Main)
    i.Test_POWER                             0x081c68e4   Section        0  test_power.o(i.Test_POWER)
    i.Test_RTC                               0x081c68ec   Section        0  test_rtc.o(i.Test_RTC)
    i.Test_RX8025T_Read                      0x081c6b08   Section        0  test_rtc.o(i.Test_RX8025T_Read)
    i.Test_ReStartOS                         0x081c6be4   Section        0  test.o(i.Test_ReStartOS)
    i.Test_ReadRTC                           0x081c6c00   Section        0  test_rtc.o(i.Test_ReadRTC)
    i.Test_SDRAM                             0x081c6c24   Section        0  test_sdram.o(i.Test_SDRAM)
    i.Test_STM32F4xx                         0x081c6e90   Section        0  test_stm32f4xx.o(i.Test_STM32F4xx)
    i.Test_UART                              0x081c7178   Section        0  test_uart.o(i.Test_UART)
    i.Test_WriteRTC                          0x081c7510   Section        0  test_rtc.o(i.Test_WriteRTC)
    i.UART0_Init                             0x081c752c   Section        0  stm32f4xx_uart.o(i.UART0_Init)
    i.UART1_Init                             0x081c75a4   Section        0  stm32f4xx_uart.o(i.UART1_Init)
    i.UART2_Init                             0x081c7628   Section        0  stm32f4xx_uart.o(i.UART2_Init)
    i.UART3_Init                             0x081c76c4   Section        0  stm32f4xx_uart.o(i.UART3_Init)
    i.UART4_Init                             0x081c7760   Section        0  stm32f4xx_uart.o(i.UART4_Init)
    i.UART5_Init                             0x081c77e4   Section        0  stm32f4xx_uart.o(i.UART5_Init)
    i.UART6_Init                             0x081c7894   Section        0  stm32f4xx_uart.o(i.UART6_Init)
    i.USART_Init                             0x081c78ec   Section        0  stm32f4xx_uart.o(i.USART_Init)
    i.UnInit_SPI1                            0x081c7948   Section        0  stm32f4xx_spi.o(i.UnInit_SPI1)
    i.UpArrow                                0x081c798c   Section        0  menu.o(i.UpArrow)
    i.WWDT_Enable_Feed                       0x081c79a4   Section        0  stm32f4xx_wdg.o(i.WWDT_Enable_Feed)
    i.Wait_DMA_UARTn_TX                      0x081c79a8   Section        0  stm32f4xx_dma.o(i.Wait_DMA_UARTn_TX)
    i.Wait_NAND                              0x081c79ec   Section        0  nand.o(i.Wait_NAND)
    i.Wait_SPI1_ByteTx                       0x081c7a70   Section        0  ic_tesam.o(i.Wait_SPI1_ByteTx)
    i.Wait_UARTn_Tx                          0x081c7aa0   Section        0  stm32f4xx_uart.o(i.Wait_UARTn_Tx)
    i.Write_ETH_PHYReg                       0x081c7b98   Section        0  lan8720a.o(i.Write_ETH_PHYReg)
    i._0                                     0x081c7bec   Section        0  test_main.o(i._0)
    i.hex_bcd                                0x081c7bf0   Section        0  calculate.o(i.hex_bcd)
    x$fpl$dadd                               0x081c7c24   Section      336  daddsub_clz.o(x$fpl$dadd)
    $v0                                      0x081c7c24   Number         0  daddsub_clz.o(x$fpl$dadd)
    _dadd1                                   0x081c7c35   Thumb Code     0  daddsub_clz.o(x$fpl$dadd)
    x$fpl$ddiv                               0x081c7d74   Section      688  ddiv.o(x$fpl$ddiv)
    $v0                                      0x081c7d74   Number         0  ddiv.o(x$fpl$ddiv)
    ddiv_entry                               0x081c7d7b   Thumb Code     0  ddiv.o(x$fpl$ddiv)
    x$fpl$dfixu                              0x081c8024   Section       90  dfixu.o(x$fpl$dfixu)
    $v0                                      0x081c8024   Number         0  dfixu.o(x$fpl$dfixu)
    x$fpl$dfltu                              0x081c807e   Section       38  dflt_clz.o(x$fpl$dfltu)
    $v0                                      0x081c807e   Number         0  dflt_clz.o(x$fpl$dfltu)
    x$fpl$dmul                               0x081c80a4   Section      340  dmul.o(x$fpl$dmul)
    $v0                                      0x081c80a4   Number         0  dmul.o(x$fpl$dmul)
    x$fpl$dnaninf                            0x081c81f8   Section      156  dnaninf.o(x$fpl$dnaninf)
    $v0                                      0x081c81f8   Number         0  dnaninf.o(x$fpl$dnaninf)
    x$fpl$dretinf                            0x081c8294   Section       12  dretinf.o(x$fpl$dretinf)
    $v0                                      0x081c8294   Number         0  dretinf.o(x$fpl$dretinf)
    x$fpl$drsb                               0x081c82a0   Section       22  daddsub_clz.o(x$fpl$drsb)
    $v0                                      0x081c82a0   Number         0  daddsub_clz.o(x$fpl$drsb)
    x$fpl$dsub                               0x081c82b8   Section      468  daddsub_clz.o(x$fpl$dsub)
    $v0                                      0x081c82b8   Number         0  daddsub_clz.o(x$fpl$dsub)
    _dsub1                                   0x081c82c9   Thumb Code     0  daddsub_clz.o(x$fpl$dsub)
    .constdata                               0x081c848c   Section      106  test_main.o(.constdata)
    x$fpl$usenofp                            0x081c848c   Section        0  usenofp.o(x$fpl$usenofp)
    .constdata                               0x081c84f8   Section      136  test_ver.o(.constdata)
    .constdata                               0x081c8580   Section       16  test_key_led_buzzer.o(.constdata)
    .constdata                               0x081c8590   Section       16  stm32f4xx_hal_rcc.o(.constdata)
    .constdata                               0x081c85a0   Section       16  stm32f4xx_rcc.o(.constdata)
    .constdata                               0x081c85b0   Section      816  stm32f4xx_uart.o(.constdata)
    Test_END                                 0x081c88e0   Section        8  test_end.o(Test_END)
    .data                                    0x10008000   Section        4  test.o(.data)
    .data                                    0x10008004   Section        4  stm32f4xx_hal.o(.data)
    .bss                                     0x10008008   Section       72  test_mt29fxg_nand.o(.bss)
    .bss                                     0x10008050   Section       28  test_sdram.o(.bss)

    Global Symbols

    Symbol Name                              Value     Ov Type        Size  Object(Section)

    BuildAttributes$$THM_ISAv4$E$P$D$K$B$S$7EM$VFPi3$EXTD16$VFPS$VFMA$PE$A:L22UL41UL21$X:L11$S22US41US21$IEEE1$IW$USESV6$~STKCKD$USESV7$~SHL$OSPACE$ROPI$EBA8$STANDARDLIB$REQ8$EABIv2 0x00000000   Number         0  anon$$obj.o ABSOLUTE
    __sigvec_lookup                           - Undefined Weak Reference
    __Vectors_Size                           0x00000208   Number         0  test_entry.o ABSOLUTE
    __Vectors                                0x081c0000   Data           4  test_entry.o(RESET)
    NMI_Handler                              0x081c0209   Thumb Code     2  test_entry.o(.text)
    __Vectors_End                            0x081c0208   Data           0  test_entry.o(RESET)
    HardFault_Handler                        0x081c020b   Thumb Code     2  test_entry.o(.text)
    MemManage_Handler                        0x081c020d   Thumb Code     2  test_entry.o(.text)
    BusFault_Handler                         0x081c020f   Thumb Code     2  test_entry.o(.text)
    UsageFault_Handler                       0x081c0211   Thumb Code     2  test_entry.o(.text)
    SVC_Handler                              0x081c0213   Thumb Code     2  test_entry.o(.text)
    DebugMon_Handler                         0x081c0215   Thumb Code     2  test_entry.o(.text)
    PendSV_Handler                           0x081c0217   Thumb Code     2  test_entry.o(.text)
    SysTick_Handler                          0x081c0219   Thumb Code     2  test_entry.o(.text)
    ADC_IRQHandler                           0x081c021b   Thumb Code     0  test_entry.o(.text)
    CAN1_RX0_IRQHandler                      0x081c021b   Thumb Code     0  test_entry.o(.text)
    CAN1_RX1_IRQHandler                      0x081c021b   Thumb Code     0  test_entry.o(.text)
    CAN1_SCE_IRQHandler                      0x081c021b   Thumb Code     0  test_entry.o(.text)
    CAN1_TX_IRQHandler                       0x081c021b   Thumb Code     0  test_entry.o(.text)
    CAN2_RX0_IRQHandler                      0x081c021b   Thumb Code     0  test_entry.o(.text)
    CAN2_RX1_IRQHandler                      0x081c021b   Thumb Code     0  test_entry.o(.text)
    CAN2_SCE_IRQHandler                      0x081c021b   Thumb Code     0  test_entry.o(.text)
    CAN2_TX_IRQHandler                       0x081c021b   Thumb Code     0  test_entry.o(.text)
    DCMI_IRQHandler                          0x081c021b   Thumb Code     0  test_entry.o(.text)
    DMA1_Stream0_IRQHandler                  0x081c021b   Thumb Code     0  test_entry.o(.text)
    DMA1_Stream1_IRQHandler                  0x081c021b   Thumb Code     0  test_entry.o(.text)
    DMA1_Stream2_IRQHandler                  0x081c021b   Thumb Code     0  test_entry.o(.text)
    DMA1_Stream3_IRQHandler                  0x081c021b   Thumb Code     0  test_entry.o(.text)
    DMA1_Stream4_IRQHandler                  0x081c021b   Thumb Code     0  test_entry.o(.text)
    DMA1_Stream5_IRQHandler                  0x081c021b   Thumb Code     0  test_entry.o(.text)
    DMA1_Stream6_IRQHandler                  0x081c021b   Thumb Code     0  test_entry.o(.text)
    DMA1_Stream7_IRQHandler                  0x081c021b   Thumb Code     0  test_entry.o(.text)
    DMA2D_IRQHandler                         0x081c021b   Thumb Code     0  test_entry.o(.text)
    DMA2_Stream0_IRQHandler                  0x081c021b   Thumb Code     0  test_entry.o(.text)
    DMA2_Stream1_IRQHandler                  0x081c021b   Thumb Code     0  test_entry.o(.text)
    DMA2_Stream2_IRQHandler                  0x081c021b   Thumb Code     0  test_entry.o(.text)
    DMA2_Stream3_IRQHandler                  0x081c021b   Thumb Code     0  test_entry.o(.text)
    DMA2_Stream4_IRQHandler                  0x081c021b   Thumb Code     0  test_entry.o(.text)
    DMA2_Stream5_IRQHandler                  0x081c021b   Thumb Code     0  test_entry.o(.text)
    DMA2_Stream6_IRQHandler                  0x081c021b   Thumb Code     0  test_entry.o(.text)
    DMA2_Stream7_IRQHandler                  0x081c021b   Thumb Code     0  test_entry.o(.text)
    DSI_IRQHandler                           0x081c021b   Thumb Code     0  test_entry.o(.text)
    ETH_IRQHandler                           0x081c021b   Thumb Code     0  test_entry.o(.text)
    ETH_WKUP_IRQHandler                      0x081c021b   Thumb Code     0  test_entry.o(.text)
    EXTI0_IRQHandler                         0x081c021b   Thumb Code     0  test_entry.o(.text)
    EXTI15_10_IRQHandler                     0x081c021b   Thumb Code     0  test_entry.o(.text)
    EXTI1_IRQHandler                         0x081c021b   Thumb Code     0  test_entry.o(.text)
    EXTI2_IRQHandler                         0x081c021b   Thumb Code     0  test_entry.o(.text)
    EXTI3_IRQHandler                         0x081c021b   Thumb Code     0  test_entry.o(.text)
    EXTI4_IRQHandler                         0x081c021b   Thumb Code     0  test_entry.o(.text)
    EXTI9_5_IRQHandler                       0x081c021b   Thumb Code     0  test_entry.o(.text)
    FLASH_IRQHandler                         0x081c021b   Thumb Code     0  test_entry.o(.text)
    FMC_IRQHandler                           0x081c021b   Thumb Code     0  test_entry.o(.text)
    FPU_IRQHandler                           0x081c021b   Thumb Code     0  test_entry.o(.text)
    HASH_RNG_IRQHandler                      0x081c021b   Thumb Code     0  test_entry.o(.text)
    I2C1_ER_IRQHandler                       0x081c021b   Thumb Code     0  test_entry.o(.text)
    I2C1_EV_IRQHandler                       0x081c021b   Thumb Code     0  test_entry.o(.text)
    I2C2_ER_IRQHandler                       0x081c021b   Thumb Code     0  test_entry.o(.text)
    I2C2_EV_IRQHandler                       0x081c021b   Thumb Code     0  test_entry.o(.text)
    I2C3_ER_IRQHandler                       0x081c021b   Thumb Code     0  test_entry.o(.text)
    I2C3_EV_IRQHandler                       0x081c021b   Thumb Code     0  test_entry.o(.text)
    LTDC_ER_IRQHandler                       0x081c021b   Thumb Code     0  test_entry.o(.text)
    LTDC_IRQHandler                          0x081c021b   Thumb Code     0  test_entry.o(.text)
    OTG_FS_IRQHandler                        0x081c021b   Thumb Code     0  test_entry.o(.text)
    OTG_FS_WKUP_IRQHandler                   0x081c021b   Thumb Code     0  test_entry.o(.text)
    OTG_HS_EP1_IN_IRQHandler                 0x081c021b   Thumb Code     0  test_entry.o(.text)
    OTG_HS_EP1_OUT_IRQHandler                0x081c021b   Thumb Code     0  test_entry.o(.text)
    OTG_HS_IRQHandler                        0x081c021b   Thumb Code     0  test_entry.o(.text)
    OTG_HS_WKUP_IRQHandler                   0x081c021b   Thumb Code     0  test_entry.o(.text)
    PVD_IRQHandler                           0x081c021b   Thumb Code     0  test_entry.o(.text)
    QUADSPI_IRQHandler                       0x081c021b   Thumb Code     0  test_entry.o(.text)
    RCC_IRQHandler                           0x081c021b   Thumb Code     0  test_entry.o(.text)
    RTC_Alarm_IRQHandler                     0x081c021b   Thumb Code     0  test_entry.o(.text)
    RTC_WKUP_IRQHandler                      0x081c021b   Thumb Code     0  test_entry.o(.text)
    SAI1_IRQHandler                          0x081c021b   Thumb Code     0  test_entry.o(.text)
    SDIO_IRQHandler                          0x081c021b   Thumb Code     0  test_entry.o(.text)
    SPI1_IRQHandler                          0x081c021b   Thumb Code     0  test_entry.o(.text)
    SPI2_IRQHandler                          0x081c021b   Thumb Code     0  test_entry.o(.text)
    SPI3_IRQHandler                          0x081c021b   Thumb Code     0  test_entry.o(.text)
    SPI4_IRQHandler                          0x081c021b   Thumb Code     0  test_entry.o(.text)
    SPI5_IRQHandler                          0x081c021b   Thumb Code     0  test_entry.o(.text)
    SPI6_IRQHandler                          0x081c021b   Thumb Code     0  test_entry.o(.text)
    TAMP_STAMP_IRQHandler                    0x081c021b   Thumb Code     0  test_entry.o(.text)
    TIM1_BRK_TIM9_IRQHandler                 0x081c021b   Thumb Code     0  test_entry.o(.text)
    TIM1_CC_IRQHandler                       0x081c021b   Thumb Code     0  test_entry.o(.text)
    TIM1_TRG_COM_TIM11_IRQHandler            0x081c021b   Thumb Code     0  test_entry.o(.text)
    TIM1_UP_TIM10_IRQHandler                 0x081c021b   Thumb Code     0  test_entry.o(.text)
    TIM2_IRQHandler                          0x081c021b   Thumb Code     0  test_entry.o(.text)
    TIM3_IRQHandler                          0x081c021b   Thumb Code     0  test_entry.o(.text)
    TIM4_IRQHandler                          0x081c021b   Thumb Code     0  test_entry.o(.text)
    TIM5_IRQHandler                          0x081c021b   Thumb Code     0  test_entry.o(.text)
    TIM6_DAC_IRQHandler                      0x081c021b   Thumb Code     0  test_entry.o(.text)
    TIM7_IRQHandler                          0x081c021b   Thumb Code     0  test_entry.o(.text)
    TIM8_BRK_TIM12_IRQHandler                0x081c021b   Thumb Code     0  test_entry.o(.text)
    TIM8_CC_IRQHandler                       0x081c021b   Thumb Code     0  test_entry.o(.text)
    TIM8_TRG_COM_TIM14_IRQHandler            0x081c021b   Thumb Code     0  test_entry.o(.text)
    TIM8_UP_TIM13_IRQHandler                 0x081c021b   Thumb Code     0  test_entry.o(.text)
    UART4_IRQHandler                         0x081c021b   Thumb Code     0  test_entry.o(.text)
    UART5_IRQHandler                         0x081c021b   Thumb Code     0  test_entry.o(.text)
    UART7_IRQHandler                         0x081c021b   Thumb Code     0  test_entry.o(.text)
    UART8_IRQHandler                         0x081c021b   Thumb Code     0  test_entry.o(.text)
    USART1_IRQHandler                        0x081c021b   Thumb Code     0  test_entry.o(.text)
    USART2_IRQHandler                        0x081c021b   Thumb Code     0  test_entry.o(.text)
    USART3_IRQHandler                        0x081c021b   Thumb Code     0  test_entry.o(.text)
    USART6_IRQHandler                        0x081c021b   Thumb Code     0  test_entry.o(.text)
    WWDG_IRQHandler                          0x081c021b   Thumb Code     0  test_entry.o(.text)
    __aeabi_uldivmod                         0x081c0221   Thumb Code     0  lludivv7m.o(.text)
    _ll_udiv                                 0x081c0221   Thumb Code   238  lludivv7m.o(.text)
    ADCx                                     0x081c0311   Thumb Code   254  stm32f4xx_adc.o(i.ADCx)
    Arrowhead                                0x081c0429   Thumb Code    90  menu.o(i.Arrowhead)
    BLOCK_Write_NAND                         0x081c0489   Thumb Code    56  nand.o(i.BLOCK_Write_NAND)
    BLOCK_Write_NAND_16                      0x081c04c5   Thumb Code   336  nand.o(i.BLOCK_Write_NAND_16)
    BLOCK_Write_NAND_8                       0x081c061d   Thumb Code   366  nand.o(i.BLOCK_Write_NAND_8)
    BUZZ_Generate                            0x081c0799   Thumb Code    82  ic_buzz.o(i.BUZZ_Generate)
    BitLoca                                  0x081c07f1   Thumb Code    28  calculate.o(i.BitLoca)
    BitNum                                   0x081c080d   Thumb Code    26  calculate.o(i.BitNum)
    BlockErase_NAND                          0x081c0827   Thumb Code   118  nand.o(i.BlockErase_NAND)
    Button                                   0x081c089d   Thumb Code   582  button.o(i.Button)
    Charge_Battery_Voltage                   0x081c0bc9   Thumb Code    26  stm32f4xx_adc.o(i.Charge_Battery_Voltage)
    Check_128kNandBuff                       0x081c0be9   Thumb Code   252  nand.o(i.Check_128kNandBuff)
    DMA_UARTn_RX                             0x081c0cf1   Thumb Code   210  stm32f4xx_dma.o(i.DMA_UARTn_RX)
    DMA_UARTn_TX                             0x081c0dd1   Thumb Code   262  stm32f4xx_dma.o(i.DMA_UARTn_TX)
    DMAx_STREAMx_CHx_RX                      0x081c0ee5   Thumb Code    52  stm32f4xx_dma.o(i.DMAx_STREAMx_CHx_RX)
    DMAx_STREAMx_CHx_TX                      0x081c0f29   Thumb Code    52  stm32f4xx_dma.o(i.DMAx_STREAMx_CHx_TX)
    Data_Save_CRC                            0x081c0f6d   Thumb Code    76  stm32f4xx_crc.o(i.Data_Save_CRC)
    Disable_EXTI                             0x081c0fdd   Thumb Code    18  stm32f4xx_exti.o(i.Disable_EXTI)
    Disable_Internal_ECC                     0x081c0ff5   Thumb Code     2  nand.o(i.Disable_Internal_ECC)
    Disable_os                               0x081c0ff9   Thumb Code    40  os.o(i.Disable_os)
    DispalyAlign                             0x081c1025   Thumb Code   554  display.o(i.DispalyAlign)
    DispalyStringOnlyOneRow                  0x081c1255   Thumb Code   224  display.o(i.DispalyStringOnlyOneRow)
    DisplayClr                               0x081c1339   Thumb Code    30  display.o(i.DisplayClr)
    DisplayClrRow                            0x081c1361   Thumb Code    44  display.o(i.DisplayClrRow)
    DisplayData                              0x081c1391   Thumb Code   132  display.o(i.DisplayData)
    DisplayData_OffZero                      0x081c1419   Thumb Code   112  display.o(i.DisplayData_OffZero)
    DisplayMenu                              0x081c148d   Thumb Code   150  menu.o(i.DisplayMenu)
    DisplayMenuString                        0x081c152d   Thumb Code   436  display.o(i.DisplayMenuString)
    DisplayRATE                              0x081c16e5   Thumb Code   230  display.o(i.DisplayRATE)
    DisplayString                            0x081c17d5   Thumb Code   388  display.o(i.DisplayString)
    DisplayStringAutoUp                      0x081c195d   Thumb Code   420  display.o(i.DisplayStringAutoUp)
    DisplayUpRow                             0x081c1b0d   Thumb Code   112  display.o(i.DisplayUpRow)
    DownArrow                                0x081c1b81   Thumb Code    18  menu.o(i.DownArrow)
    Draw_Clr                                 0x081c1b99   Thumb Code    22  draw.o(i.Draw_Clr)
    ETH_DMARxDescList                        0x081c1bb5   Thumb Code    78  stm32f4xx_mac.o(i.ETH_DMARxDescList)
    ETH_DMATxDescList                        0x081c1c09   Thumb Code    76  stm32f4xx_mac.o(i.ETH_DMATxDescList)
    ETH_DMA_Config                           0x081c1c59   Thumb Code    18  stm32f4xx_mac.o(i.ETH_DMA_Config)
    ETH_MACAddress_Config                    0x081c1c79   Thumb Code    52  stm32f4xx_mac.o(i.ETH_MACAddress_Config)
    ETH_MAC_Config                           0x081c1cb5   Thumb Code    54  stm32f4xx_mac.o(i.ETH_MAC_Config)
    ETH_PHY_CR                               0x081c1cf1   Thumb Code    54  lan8720a.o(i.ETH_PHY_CR)
    Enable_EXTI                              0x081c1d39   Thumb Code   320  stm32f4xx_exti.o(i.Enable_EXTI)
    Enable_Internal_ECC                      0x081c1e85   Thumb Code   192  nand.o(i.Enable_Internal_ECC)
    FMC_NAND_AttributeSpace_Timing_Init      0x081c1f49   Thumb Code    40  stm32f4xx_ll_fmc.o(i.FMC_NAND_AttributeSpace_Timing_Init)
    FMC_NAND_CommonSpace_Timing_Init         0x081c1f71   Thumb Code    40  stm32f4xx_ll_fmc.o(i.FMC_NAND_CommonSpace_Timing_Init)
    FMC_NAND_Init                            0x081c1f99   Thumb Code    50  stm32f4xx_ll_fmc.o(i.FMC_NAND_Init)
    FMC_SDRAM_Init                           0x081c1fd1   Thumb Code   116  stm32f4xx_ll_fmc.o(i.FMC_SDRAM_Init)
    FMC_SDRAM_Timing_Init                    0x081c2045   Thumb Code   152  stm32f4xx_ll_fmc.o(i.FMC_SDRAM_Timing_Init)
    GetCRC32                                 0x081c20e1   Thumb Code   152  test_stm32f4xx.o(i.GetCRC32)
    Get_ADDR_UARTn                           0x081c217d   Thumb Code    18  stm32f4xx_uart.o(i.Get_ADDR_UARTn)
    Get_ADDR_UARTnCtrl                       0x081c2195   Thumb Code    20  stm32f4xx_uart.o(i.Get_ADDR_UARTnCtrl)
    Get_ADDR_UARTnTx                         0x081c21ad   Thumb Code    20  stm32f4xx_uart.o(i.Get_ADDR_UARTnTx)
    Get_LEN_UARTnTx                          0x081c21c5   Thumb Code    20  stm32f4xx_uart.o(i.Get_LEN_UARTnTx)
    Get_UARTBps                              0x081c21dd   Thumb Code   116  stm32f4xx_uart.o(i.Get_UARTBps)
    Get_USARTDIV                             0x081c2251   Thumb Code   264  stm32f4xx_uart.o(i.Get_USARTDIV)
    Get_ms                                   0x081c235d   Thumb Code     8  ms.o(i.Get_ms)
    Get_os                                   0x081c2369   Thumb Code     8  os.o(i.Get_os)
    HAL_GetTick                              0x081c2375   Thumb Code     6  stm32f4xx_hal.o(i.HAL_GetTick)
    HAL_InitTick                             0x081c2381   Thumb Code     6  stm32f4xx_rcc_config.o(i.HAL_InitTick)
    HAL_RCCEx_PeriphCLKConfig                0x081c2389   Thumb Code  1234  stm32f4xx_hal_rcc_ex.o(i.HAL_RCCEx_PeriphCLKConfig)
    HAL_RCC_ClockConfig                      0x081c2871   Thumb Code   446  stm32f4xx_hal_rcc.o(i.HAL_RCC_ClockConfig)
    HAL_RCC_GetSysClockFreq                  0x081c2a41   Thumb Code   168  stm32f4xx_hal_rcc.o(i.HAL_RCC_GetSysClockFreq)
    HAL_RCC_OscConfig                        0x081c2af5   Thumb Code  1116  stm32f4xx_hal_rcc_ex.o(i.HAL_RCC_OscConfig)
    ID_NAND                                  0x081c2f59   Thumb Code   190  nand.o(i.ID_NAND)
    IOI2C_ReStart                            0x081c3029   Thumb Code    54  io_i2c.o(i.IOI2C_ReStart)
    IOI2C_ReadAck                            0x081c305f   Thumb Code    72  io_i2c.o(i.IOI2C_ReadAck)
    IOI2C_ReadNoAck                          0x081c30a7   Thumb Code    66  io_i2c.o(i.IOI2C_ReadNoAck)
    IOI2C_Start                              0x081c30e9   Thumb Code   112  io_i2c.o(i.IOI2C_Start)
    IOI2C_Stop                               0x081c3159   Thumb Code    34  io_i2c.o(i.IOI2C_Stop)
    IOI2C_Write                              0x081c317b   Thumb Code    86  io_i2c.o(i.IOI2C_Write)
    Init_LAN8720A                            0x081c31d1   Thumb Code    18  lan8720a.o(i.Init_LAN8720A)
    Init_SPI1                                0x081c31e5   Thumb Code    88  stm32f4xx_spi.o(i.Init_SPI1)
    Init_SPI2                                0x081c3245   Thumb Code   122  stm32f4xx_spi.o(i.Init_SPI2)
    Init_STM32F4xx_MAC                       0x081c32cd   Thumb Code   168  stm32f4xx_mac.o(i.Init_STM32F4xx_MAC)
    Init_Test                                0x081c337d   Thumb Code     2  test_init.o(i.Init_Test)
    Init_Test_SoftwareUpdate                 0x081c337f   Thumb Code     2  test_init.o(i.Init_Test_SoftwareUpdate)
    Init_UARTn                               0x081c3381   Thumb Code   108  stm32f4xx_uart.o(i.Init_UARTn)
    LCDDataOut                               0x081c33ed   Thumb Code    12  extern_mrw.o(i.LCDDataOut)
    LanguageString                           0x081c33fd   Thumb Code    40  display.o(i.LanguageString)
    Life_BLOCK_Write_NAND                    0x081c3429   Thumb Code   328  test_flash_life.o(i.Life_BLOCK_Write_NAND)
    MC                                       0x081c3575   Thumb Code    28  extern_mrw.o(i.MC)
    ME                                       0x081c3595   Thumb Code    20  extern_mrw.o(i.ME)
    MR                                       0x081c35ad   Thumb Code    28  extern_mrw.o(i.MR)
    MRR                                      0x081c35cd   Thumb Code    20  extern_mrw.o(i.MRR)
    MW                                       0x081c35e5   Thumb Code    28  extern_mrw.o(i.MW)
    MWR                                      0x081c3605   Thumb Code    34  extern_mrw.o(i.MWR)
    MY_NAND_Init                             0x081c362d   Thumb Code    50  test_mt29fxg_nand.o(i.MY_NAND_Init)
    MY_SDRAM_Init                            0x081c365f   Thumb Code    26  test_sdram.o(i.MY_SDRAM_Init)
    MenuDel                                  0x081c3679   Thumb Code    44  menu.o(i.MenuDel)
    MenuNegative                             0x081c36ad   Thumb Code   120  menu.o(i.MenuNegative)
    MenuSelect                               0x081c3729   Thumb Code   316  menu.o(i.MenuSelect)
    NAND128kBuff_Write_NAND                  0x081c3871   Thumb Code   502  nand.o(i.NAND128kBuff_Write_NAND)
    NAND_BANK3_FMC_Init                      0x081c3a7d   Thumb Code    76  test_mt29fxg_nand.o(i.NAND_BANK3_FMC_Init)
    Off38KHz                                 0x081c3c15   Thumb Code    32  stm32f4xx_tim.o(i.Off38KHz)
    OffEMU                                   0x081c3c3d   Thumb Code    14  stm32f4xx_io.o(i.OffEMU)
    On38KHz                                  0x081c3c4d   Thumb Code    96  stm32f4xx_tim.o(i.On38KHz)
    OnA5V0                                   0x081c3cb9   Thumb Code    32  stm32f4xx_io.o(i.OnA5V0)
    OnBACKLIGHT                              0x081c3cdd   Thumb Code    32  stm32f4xx_io.o(i.OnBACKLIGHT)
    OnE5V0                                   0x081c3d01   Thumb Code    32  stm32f4xx_io.o(i.OnE5V0)
    OnEMU                                    0x081c3d25   Thumb Code    16  stm32f4xx_io.o(i.OnEMU)
    OnLED3V3                                 0x081c3d35   Thumb Code    30  stm32f4xx_io.o(i.OnLED3V3)
    OnR5V0                                   0x081c3d59   Thumb Code    32  stm32f4xx_io.o(i.OnR5V0)
    Pin_Configure                            0x081c3d7d   Thumb Code   564  stm32f4xx_io.o(i.Pin_Configure)
    Pin_OutH                                 0x081c3fb9   Thumb Code    16  stm32f4xx_io.o(i.Pin_OutH)
    Pin_OutH_Delay                           0x081c3fcd   Thumb Code    18  io_i2c.o(i.Pin_OutH_Delay)
    Pin_OutL                                 0x081c3fe1   Thumb Code    20  stm32f4xx_io.o(i.Pin_OutL)
    Pin_OutL_Delay                           0x081c3ff9   Thumb Code    18  io_i2c.o(i.Pin_OutL_Delay)
    Pin_Read                                 0x081c400d   Thumb Code    20  stm32f4xx_io.o(i.Pin_Read)
    PowerDown_Data_Save                      0x081c4025   Thumb Code   168  data_save.o(i.PowerDown_Data_Save)
    RAM_CRC32                                0x081c40f5   Thumb Code    96  stm32f4xx_crc.o(i.RAM_CRC32)
    RAM_Test                                 0x081c4161   Thumb Code   136  test_ram.o(i.RAM_Test)
    RCC_GetHCLKFreq                          0x081c41e9   Thumb Code    38  stm32f4xx_rcc.o(i.RCC_GetHCLKFreq)
    RCC_GetPCLK1Freq                         0x081c4219   Thumb Code    36  stm32f4xx_rcc.o(i.RCC_GetPCLK1Freq)
    RCC_GetPCLK2Freq                         0x081c4245   Thumb Code    36  stm32f4xx_rcc.o(i.RCC_GetPCLK2Freq)
    RCC_GetSysClockFreq                      0x081c4271   Thumb Code   122  stm32f4xx_rcc.o(i.RCC_GetSysClockFreq)
    RCC_SystemClock_Config_168MHz            0x081c42f5   Thumb Code   158  stm32f4xx_rcc_config.o(i.RCC_SystemClock_Config_168MHz)
    RX8025T_Read                             0x081c439d   Thumb Code   204  rtc.o(i.RX8025T_Read)
    RX8025T_Write                            0x081c446d   Thumb Code   168  rtc.o(i.RX8025T_Write)
    RePlace_BLOCK_ADDR                       0x081c4519   Thumb Code    30  nand.o(i.RePlace_BLOCK_ADDR)
    RePlace_BLOCK_Write_NAND                 0x081c453d   Thumb Code   302  nand.o(i.RePlace_BLOCK_Write_NAND)
    RePlace_Read_NAND                        0x081c4671   Thumb Code    72  nand.o(i.RePlace_Read_NAND)
    RePlace_Write_NAND                       0x081c46b9   Thumb Code   138  nand.o(i.RePlace_Write_NAND)
    ReSTART_OS                               0x081c4749   Thumb Code   166  os.o(i.ReSTART_OS)
    Read_24AA02E48                           0x081c4815   Thumb Code   204  24aa02e48.o(i.Read_24AA02E48)
    Read_ETH_PHYReg                          0x081c48e5   Thumb Code    76  lan8720a.o(i.Read_ETH_PHYReg)
    Read_NAND                                0x081c4935   Thumb Code    72  nand.o(i.Read_NAND)
    Read_NAND_16                             0x081c4981   Thumb Code   216  nand.o(i.Read_NAND_16)
    Read_NAND_8                              0x081c4a5d   Thumb Code   182  nand.o(i.Read_NAND_8)
    SDAIn                                    0x081c4b19   Thumb Code    20  io_i2c.o(i.SDAIn)
    SDAOut                                   0x081c4b2d   Thumb Code    20  io_i2c.o(i.SDAOut)
    SDRAM_FMC_Init                           0x081c4b41   Thumb Code    72  test_sdram.o(i.SDRAM_FMC_Init)
    START_STM32F4xx_TIM2                     0x081c4b91   Thumb Code    50  stm32f4xx_tim.o(i.START_STM32F4xx_TIM2)
    START_STM32F4xx_TIM3                     0x081c4bcd   Thumb Code   124  stm32f4xx_tim.o(i.START_STM32F4xx_TIM3)
    START_STM32F4xx_TIM5_MEASURE_LSI         0x081c4c51   Thumb Code    78  stm32f4xx_tim.o(i.START_STM32F4xx_TIM5_MEASURE_LSI)
    START_STM32F4xx_TIM5_MEASURE_REF_CLK     0x081c4ca9   Thumb Code    80  stm32f4xx_tim.o(i.START_STM32F4xx_TIM5_MEASURE_REF_CLK)
    STM32F4xx_Temperature                    0x081c4d01   Thumb Code   268  stm32f4xx_adc.o(i.STM32F4xx_Temperature)
    STOP_STM32F4xx_TIM2_US                   0x081c4e25   Thumb Code    24  stm32f4xx_tim.o(i.STOP_STM32F4xx_TIM2_US)
    STOP_STM32F4xx_TIM3                      0x081c4e41   Thumb Code    14  stm32f4xx_tim.o(i.STOP_STM32F4xx_TIM3)
    SoftDelayMS                              0x081c4e55   Thumb Code    30  stm32f4xx_softdelay.o(i.SoftDelayMS)
    SoftDelayUS                              0x081c4e75   Thumb Code    28  stm32f4xx_softdelay.o(i.SoftDelayUS)
    Start_UARTn_Tx                           0x081c4e95   Thumb Code   254  stm32f4xx_uart.o(i.Start_UARTn_Tx)
    TESAM_RXTX                               0x081c4fb9   Thumb Code   494  ic_tesam.o(i.TESAM_RXTX)
    TEST_TESAM_CMD_TxRx                      0x081c51bd   Thumb Code   154  test_esam.o(i.TEST_TESAM_CMD_TxRx)
    Test                                     0x081c5265   Thumb Code   496  test.o(i.Test)
    Test_24AA02E48                           0x081c54b9   Thumb Code   104  test_24aa02e48.o(i.Test_24AA02E48)
    Test_90E36                               0x081c5545   Thumb Code   666  test_90e36.o(i.Test_90E36)
    Test_BLOCK_Write_NAND                    0x081c5805   Thumb Code   334  test_flash_block_err.o(i.Test_BLOCK_Write_NAND)
    Test_ESAM                                0x081c5959   Thumb Code   296  test_esam.o(i.Test_ESAM)
    Test_ETH                                 0x081c5ab1   Thumb Code   336  test_eth.o(i.Test_ETH)
    Test_FLASH_Block_Err                     0x081c5c29   Thumb Code   368  test_flash_block_err.o(i.Test_FLASH_Block_Err)
    Test_FLASH_Life                          0x081c5df1   Thumb Code   242  test_flash_life.o(i.Test_FLASH_Life)
    Test_GPRS_MODULE                         0x081c5f1d   Thumb Code     6  test_gprs.o(i.Test_GPRS_MODULE)
    Test_INOUT                               0x081c5f23   Thumb Code     6  test_inout.o(i.Test_INOUT)
    Test_KEY_LED_BUZZER                      0x081c5f29   Thumb Code   672  test_key_led_buzzer.o(i.Test_KEY_LED_BUZZER)
    Test_LAN8720A                            0x081c6215   Thumb Code   338  test_lan8720a.o(i.Test_LAN8720A)
    Test_MT29FxG_NAND                        0x081c6391   Thumb Code   770  test_mt29fxg_nand.o(i.Test_MT29FxG_NAND)
    Test_Main                                0x081c66c5   Thumb Code   464  test_main.o(i.Test_Main)
    Test_POWER                               0x081c68e5   Thumb Code     6  test_power.o(i.Test_POWER)
    Test_RTC                                 0x081c68ed   Thumb Code   504  test_rtc.o(i.Test_RTC)
    Test_RX8025T_Read                        0x081c6b09   Thumb Code   214  test_rtc.o(i.Test_RX8025T_Read)
    Test_ReStartOS                           0x081c6be5   Thumb Code    24  test.o(i.Test_ReStartOS)
    Test_ReadRTC                             0x081c6c01   Thumb Code    34  test_rtc.o(i.Test_ReadRTC)
    Test_SDRAM                               0x081c6c25   Thumb Code   582  test_sdram.o(i.Test_SDRAM)
    Test_STM32F4xx                           0x081c6e91   Thumb Code   672  test_stm32f4xx.o(i.Test_STM32F4xx)
    Test_UART                                0x081c7179   Thumb Code   848  test_uart.o(i.Test_UART)
    Test_WriteRTC                            0x081c7511   Thumb Code    26  test_rtc.o(i.Test_WriteRTC)
    UART0_Init                               0x081c752d   Thumb Code   104  stm32f4xx_uart.o(i.UART0_Init)
    UART1_Init                               0x081c75a5   Thumb Code   114  stm32f4xx_uart.o(i.UART1_Init)
    UART2_Init                               0x081c7629   Thumb Code   138  stm32f4xx_uart.o(i.UART2_Init)
    UART3_Init                               0x081c76c5   Thumb Code   140  stm32f4xx_uart.o(i.UART3_Init)
    UART4_Init                               0x081c7761   Thumb Code   116  stm32f4xx_uart.o(i.UART4_Init)
    UART5_Init                               0x081c77e5   Thumb Code   158  stm32f4xx_uart.o(i.UART5_Init)
    UART6_Init                               0x081c7895   Thumb Code    70  stm32f4xx_uart.o(i.UART6_Init)
    USART_Init                               0x081c78ed   Thumb Code    92  stm32f4xx_uart.o(i.USART_Init)
    UnInit_SPI1                              0x081c7949   Thumb Code    68  stm32f4xx_spi.o(i.UnInit_SPI1)
    UpArrow                                  0x081c798d   Thumb Code    18  menu.o(i.UpArrow)
    WWDT_Enable_Feed                         0x081c79a5   Thumb Code     2  stm32f4xx_wdg.o(i.WWDT_Enable_Feed)
    Wait_DMA_UARTn_TX                        0x081c79a9   Thumb Code    60  stm32f4xx_dma.o(i.Wait_DMA_UARTn_TX)
    Wait_NAND                                0x081c79ed   Thumb Code   128  nand.o(i.Wait_NAND)
    Wait_SPI1_ByteTx                         0x081c7a71   Thumb Code    40  ic_tesam.o(i.Wait_SPI1_ByteTx)
    Wait_UARTn_Tx                            0x081c7aa1   Thumb Code   232  stm32f4xx_uart.o(i.Wait_UARTn_Tx)
    Write_ETH_PHYReg                         0x081c7b99   Thumb Code    78  lan8720a.o(i.Write_ETH_PHYReg)
    _0                                       0x081c7bed   Thumb Code     2  test_main.o(i._0)
    hex_bcd                                  0x081c7bf1   Thumb Code    46  calculate.o(i.hex_bcd)
    __aeabi_dadd                             0x081c7c25   Thumb Code     0  daddsub_clz.o(x$fpl$dadd)
    _dadd                                    0x081c7c25   Thumb Code   332  daddsub_clz.o(x$fpl$dadd)
    __aeabi_ddiv                             0x081c7d75   Thumb Code     0  ddiv.o(x$fpl$ddiv)
    _ddiv                                    0x081c7d75   Thumb Code   552  ddiv.o(x$fpl$ddiv)
    __aeabi_d2uiz                            0x081c8025   Thumb Code     0  dfixu.o(x$fpl$dfixu)
    _dfixu                                   0x081c8025   Thumb Code    90  dfixu.o(x$fpl$dfixu)
    __aeabi_ui2d                             0x081c807f   Thumb Code     0  dflt_clz.o(x$fpl$dfltu)
    _dfltu                                   0x081c807f   Thumb Code    38  dflt_clz.o(x$fpl$dfltu)
    __aeabi_dmul                             0x081c80a5   Thumb Code     0  dmul.o(x$fpl$dmul)
    _dmul                                    0x081c80a5   Thumb Code   332  dmul.o(x$fpl$dmul)
    __fpl_dnaninf                            0x081c81f9   Thumb Code   156  dnaninf.o(x$fpl$dnaninf)
    __fpl_dretinf                            0x081c8295   Thumb Code    12  dretinf.o(x$fpl$dretinf)
    __aeabi_drsub                            0x081c82a1   Thumb Code     0  daddsub_clz.o(x$fpl$drsb)
    _drsb                                    0x081c82a1   Thumb Code    22  daddsub_clz.o(x$fpl$drsb)
    __aeabi_dsub                             0x081c82b9   Thumb Code     0  daddsub_clz.o(x$fpl$dsub)
    _dsub                                    0x081c82b9   Thumb Code   464  daddsub_clz.o(x$fpl$dsub)
    __I$use$fp                               0x081c848c   Number         0  usenofp.o(x$fpl$usenofp)
    pE2_Main3                                0x081c848c   Data         106  test_main.o(.constdata)
    ADDR_Test_VER                            0x081c84f8   Data         136  test_ver.o(.constdata)
    Pin_LED_LIST                             0x081c8580   Data          16  test_key_led_buzzer.o(.constdata)
    APBAHBPrescTable                         0x081c8590   Data          16  stm32f4xx_hal_rcc.o(.constdata)
    RCC_APBAHBPrescTable                     0x081c85a0   Data          16  stm32f4xx_rcc.o(.constdata)
    UART_PORT_List                           0x081c85b0   Data         748  stm32f4xx_uart.o(.constdata)
    UART_PORT_LEN_TxMax_List                 0x081c889c   Data          68  stm32f4xx_uart.o(.constdata)
    ADDR_Test_END                            0x081c88e8   Data           0  test_end.o(Test_END)
    SystemCoreClock                          0x10008000   Data           4  test.o(.data)
    uwTick                                   0x10008004   Data           4  stm32f4xx_hal.o(.data)
    hnand                                    0x10008008   Data          56  test_mt29fxg_nand.o(.bss)
    ComSpaceTiming                           0x10008040   Data          16  test_mt29fxg_nand.o(.bss)
    SdramTiming                              0x10008050   Data          28  test_sdram.o(.bss)



==============================================================================

Memory Map of the image

  Image Entry point : 0x081c021d

  Load Region LOAD_Test (Base: 0x081c0000, Size: 0x000088f0, Max: 0x00040000, ABSOLUTE)

    Execution Region TestCSG.HEX (Base: 0x081c0000, Size: 0x000088e8, Max: 0x00040000, ABSOLUTE)

    Base Addr    Size         Type   Attr      Idx    E Section Name        Object

    0x081c0000   0x00000208   Data   RO            1    RESET               test_entry.o
    0x081c0208   0x00000018   Code   RO            2  * .text               test_entry.o
    0x081c0220   0x000000ee   Code   RO         6537    .text               c_w.l(lludivv7m.o)
    0x081c030e   0x00000002   PAD
    0x081c0310   0x00000118   Code   RO         3927    i.ADCx              TEST.lib(stm32f4xx_adc.o)
    0x081c0428   0x00000060   Code   RO         5885    i.Arrowhead         TEST.lib(menu.o)
    0x081c0488   0x0000003c   Code   RO         4342    i.BLOCK_Write_NAND  TEST.lib(nand.o)
    0x081c04c4   0x00000158   Code   RO         4343    i.BLOCK_Write_NAND_16  TEST.lib(nand.o)
    0x081c061c   0x0000017c   Code   RO         4344    i.BLOCK_Write_NAND_8  TEST.lib(nand.o)
    0x081c0798   0x00000058   Code   RO         4812    i.BUZZ_Generate     TEST.lib(ic_buzz.o)
    0x081c07f0   0x0000001c   Code   RO         5410    i.BitLoca           TEST.lib(calculate.o)
    0x081c080c   0x0000001a   Code   RO         5411    i.BitNum            TEST.lib(calculate.o)
    0x081c0826   0x00000076   Code   RO         4345    i.BlockErase_NAND   TEST.lib(nand.o)
    0x081c089c   0x0000032c   Code   RO         4775    i.Button            TEST.lib(button.o)
    0x081c0bc8   0x00000020   Code   RO         3928    i.Charge_Battery_Voltage  TEST.lib(stm32f4xx_adc.o)
    0x081c0be8   0x00000108   Code   RO         4346    i.Check_128kNandBuff  TEST.lib(nand.o)
    0x081c0cf0   0x000000e0   Code   RO         6331    i.DMA_UARTn_RX      TEST.lib(stm32f4xx_dma.o)
    0x081c0dd0   0x00000114   Code   RO         6333    i.DMA_UARTn_TX      TEST.lib(stm32f4xx_dma.o)
    0x081c0ee4   0x00000044   Code   RO         6334    i.DMAx_STREAMx_CHx_RX  TEST.lib(stm32f4xx_dma.o)
    0x081c0f28   0x00000044   Code   RO         6335    i.DMAx_STREAMx_CHx_TX  TEST.lib(stm32f4xx_dma.o)
    0x081c0f6c   0x00000070   Code   RO         3622    i.Data_Save_CRC     TEST.lib(stm32f4xx_crc.o)
    0x081c0fdc   0x00000018   Code   RO         6455    i.Disable_EXTI      TEST.lib(stm32f4xx_exti.o)
    0x081c0ff4   0x00000002   Code   RO         4347    i.Disable_Internal_ECC  TEST.lib(nand.o)
    0x081c0ff6   0x00000002   PAD
    0x081c0ff8   0x0000002c   Code   RO         4938    i.Disable_os        TEST.lib(os.o)
    0x081c1024   0x00000230   Code   RO         5199    i.DispalyAlign      TEST.lib(display.o)
    0x081c1254   0x000000e4   Code   RO         5201    i.DispalyStringOnlyOneRow  TEST.lib(display.o)
    0x081c1338   0x00000028   Code   RO         5202    i.DisplayClr        TEST.lib(display.o)
    0x081c1360   0x00000030   Code   RO         5203    i.DisplayClrRow     TEST.lib(display.o)
    0x081c1390   0x00000088   Code   RO         5204    i.DisplayData       TEST.lib(display.o)
    0x081c1418   0x00000074   Code   RO         5206    i.DisplayData_OffZero  TEST.lib(display.o)
    0x081c148c   0x000000a0   Code   RO         5891    i.DisplayMenu       TEST.lib(menu.o)
    0x081c152c   0x000001b8   Code   RO         5207    i.DisplayMenuString  TEST.lib(display.o)
    0x081c16e4   0x000000f0   Code   RO         5208    i.DisplayRATE       TEST.lib(display.o)
    0x081c17d4   0x00000188   Code   RO         5211    i.DisplayString     TEST.lib(display.o)
    0x081c195c   0x000001b0   Code   RO         5212    i.DisplayStringAutoUp  TEST.lib(display.o)
    0x081c1b0c   0x00000074   Code   RO         5213    i.DisplayUpRow      TEST.lib(display.o)
    0x081c1b80   0x00000018   Code   RO         5893    i.DownArrow         TEST.lib(menu.o)
    0x081c1b98   0x0000001c   Code   RO         5380    i.Draw_Clr          TEST.lib(draw.o)
    0x081c1bb4   0x00000054   Code   RO         3981    i.ETH_DMARxDescList  TEST.lib(stm32f4xx_mac.o)
    0x081c1c08   0x00000050   Code   RO         3982    i.ETH_DMATxDescList  TEST.lib(stm32f4xx_mac.o)
    0x081c1c58   0x00000020   Code   RO         3983    i.ETH_DMA_Config    TEST.lib(stm32f4xx_mac.o)
    0x081c1c78   0x0000003c   Code   RO         3984    i.ETH_MACAddress_Config  TEST.lib(stm32f4xx_mac.o)
    0x081c1cb4   0x0000003c   Code   RO         3985    i.ETH_MAC_Config    TEST.lib(stm32f4xx_mac.o)
    0x081c1cf0   0x00000048   Code   RO         4890    i.ETH_PHY_CR        TEST.lib(lan8720a.o)
    0x081c1d38   0x0000014c   Code   RO         6456    i.Enable_EXTI       TEST.lib(stm32f4xx_exti.o)
    0x081c1e84   0x000000c4   Code   RO         4348    i.Enable_Internal_ECC  TEST.lib(nand.o)
    0x081c1f48   0x00000028   Code   RO         2881    i.FMC_NAND_AttributeSpace_Timing_Init  stm32f4xx_ll_fmc.o
    0x081c1f70   0x00000028   Code   RO         2882    i.FMC_NAND_CommonSpace_Timing_Init  stm32f4xx_ll_fmc.o
    0x081c1f98   0x00000038   Code   RO         2887    i.FMC_NAND_Init     stm32f4xx_ll_fmc.o
    0x081c1fd0   0x00000074   Code   RO         2896    i.FMC_SDRAM_Init    stm32f4xx_ll_fmc.o
    0x081c2044   0x0000009c   Code   RO         2900    i.FMC_SDRAM_Timing_Init  stm32f4xx_ll_fmc.o
    0x081c20e0   0x0000009c   Code   RO          593    i.GetCRC32          test_stm32f4xx.o
    0x081c217c   0x00000018   Code   RO         3723    i.Get_ADDR_UARTn    TEST.lib(stm32f4xx_uart.o)
    0x081c2194   0x00000018   Code   RO         3724    i.Get_ADDR_UARTnCtrl  TEST.lib(stm32f4xx_uart.o)
    0x081c21ac   0x00000018   Code   RO         3729    i.Get_ADDR_UARTnTx  TEST.lib(stm32f4xx_uart.o)
    0x081c21c4   0x00000018   Code   RO         3734    i.Get_LEN_UARTnTx   TEST.lib(stm32f4xx_uart.o)
    0x081c21dc   0x00000074   Code   RO         3736    i.Get_UARTBps       TEST.lib(stm32f4xx_uart.o)
    0x081c2250   0x0000010c   Code   RO         3737    i.Get_USARTDIV      TEST.lib(stm32f4xx_uart.o)
    0x081c235c   0x0000000c   Code   RO         5151    i.Get_ms            TEST.lib(ms.o)
    0x081c2368   0x0000000c   Code   RO         4940    i.Get_os            TEST.lib(os.o)
    0x081c2374   0x0000000c   Code   RO         1272    i.HAL_GetTick       stm32f4xx_hal.o
    0x081c2380   0x00000006   Code   RO         3162    i.HAL_InitTick      TEST.lib(stm32f4xx_rcc_config.o)
    0x081c2386   0x00000002   PAD
    0x081c2388   0x000004e8   Code   RO         2672    i.HAL_RCCEx_PeriphCLKConfig  stm32f4xx_hal_rcc_ex.o
    0x081c2870   0x000001d0   Code   RO         2567    i.HAL_RCC_ClockConfig  stm32f4xx_hal_rcc.o
    0x081c2a40   0x000000b4   Code   RO         2576    i.HAL_RCC_GetSysClockFreq  stm32f4xx_hal_rcc.o
    0x081c2af4   0x00000464   Code   RO         2676    i.HAL_RCC_OscConfig  stm32f4xx_hal_rcc_ex.o
    0x081c2f58   0x000000d0   Code   RO         4349    i.ID_NAND           TEST.lib(nand.o)
    0x081c3028   0x00000036   Code   RO         4598    i.IOI2C_ReStart     TEST.lib(io_i2c.o)
    0x081c305e   0x00000048   Code   RO         4599    i.IOI2C_ReadAck     TEST.lib(io_i2c.o)
    0x081c30a6   0x00000042   Code   RO         4600    i.IOI2C_ReadNoAck   TEST.lib(io_i2c.o)
    0x081c30e8   0x00000070   Code   RO         4601    i.IOI2C_Start       TEST.lib(io_i2c.o)
    0x081c3158   0x00000022   Code   RO         4602    i.IOI2C_Stop        TEST.lib(io_i2c.o)
    0x081c317a   0x00000056   Code   RO         4603    i.IOI2C_Write       TEST.lib(io_i2c.o)
    0x081c31d0   0x00000012   Code   RO         4891    i.Init_LAN8720A     TEST.lib(lan8720a.o)
    0x081c31e2   0x00000002   PAD
    0x081c31e4   0x00000060   Code   RO         3663    i.Init_SPI1         TEST.lib(stm32f4xx_spi.o)
    0x081c3244   0x00000088   Code   RO         3664    i.Init_SPI2         TEST.lib(stm32f4xx_spi.o)
    0x081c32cc   0x000000b0   Code   RO         3986    i.Init_STM32F4xx_MAC  TEST.lib(stm32f4xx_mac.o)
    0x081c337c   0x00000002   Code   RO          234    i.Init_Test         test_init.o
    0x081c337e   0x00000002   Code   RO          235    i.Init_Test_SoftwareUpdate  test_init.o
    0x081c3380   0x0000006c   Code   RO         3738    i.Init_UARTn        TEST.lib(stm32f4xx_uart.o)
    0x081c33ec   0x00000010   Code   RO         4204    i.LCDDataOut        TEST.lib(extern_mrw.o)
    0x081c33fc   0x0000002c   Code   RO         5214    i.LanguageString    TEST.lib(display.o)
    0x081c3428   0x0000014c   Code   RO          726    i.Life_BLOCK_Write_NAND  test_flash_life.o
    0x081c3574   0x00000020   Code   RO         4205    i.MC                TEST.lib(extern_mrw.o)
    0x081c3594   0x00000018   Code   RO         4206    i.ME                TEST.lib(extern_mrw.o)
    0x081c35ac   0x00000020   Code   RO         4207    i.MR                TEST.lib(extern_mrw.o)
    0x081c35cc   0x00000018   Code   RO         4208    i.MRR               TEST.lib(extern_mrw.o)
    0x081c35e4   0x00000020   Code   RO         4209    i.MW                TEST.lib(extern_mrw.o)
    0x081c3604   0x00000028   Code   RO         4210    i.MWR               TEST.lib(extern_mrw.o)
    0x081c362c   0x00000032   Code   RO          635    i.MY_NAND_Init      test_mt29fxg_nand.o
    0x081c365e   0x0000001a   Code   RO         6223    i.MY_SDRAM_Init     TEST.lib(test_sdram.o)
    0x081c3678   0x00000034   Code   RO         5898    i.MenuDel           TEST.lib(menu.o)
    0x081c36ac   0x0000007c   Code   RO         5899    i.MenuNegative      TEST.lib(menu.o)
    0x081c3728   0x00000148   Code   RO         5900    i.MenuSelect        TEST.lib(menu.o)
    0x081c3870   0x0000020c   Code   RO         4352    i.NAND128kBuff_Write_NAND  TEST.lib(nand.o)
    0x081c3a7c   0x00000058   Code   RO          636    i.NAND_BANK3_FMC_Init  test_mt29fxg_nand.o
    0x081c3ad4   0x00000018   Code   RO         3665    i.NVIC_DisableIRQ   TEST.lib(stm32f4xx_spi.o)
    0x081c3aec   0x00000018   Code   RO         4356    i.NVIC_DisableIRQ   TEST.lib(nand.o)
    0x081c3b04   0x00000016   Code   RO         3477    i.NVIC_EnableIRQ    TEST.lib(stm32f4xx_tim.o)
    0x081c3b1a   0x00000016   Code   RO         3739    i.NVIC_EnableIRQ    TEST.lib(stm32f4xx_uart.o)
    0x081c3b30   0x00000016   Code   RO         4357    i.NVIC_EnableIRQ    TEST.lib(nand.o)
    0x081c3b46   0x00000016   Code   RO         6336    i.NVIC_EnableIRQ    TEST.lib(stm32f4xx_dma.o)
    0x081c3b5c   0x00000016   Code   RO         6457    i.NVIC_EnableIRQ    TEST.lib(stm32f4xx_exti.o)
    0x081c3b72   0x00000002   PAD
    0x081c3b74   0x00000028   Code   RO         3478    i.NVIC_SetPriority  TEST.lib(stm32f4xx_tim.o)
    0x081c3b9c   0x00000028   Code   RO         3666    i.NVIC_SetPriority  TEST.lib(stm32f4xx_spi.o)
    0x081c3bc4   0x00000028   Code   RO         3740    i.NVIC_SetPriority  TEST.lib(stm32f4xx_uart.o)
    0x081c3bec   0x00000028   Code   RO         6337    i.NVIC_SetPriority  TEST.lib(stm32f4xx_dma.o)
    0x081c3c14   0x00000028   Code   RO         3479    i.Off38KHz          TEST.lib(stm32f4xx_tim.o)
    0x081c3c3c   0x0000000e   Code   RO         3318    i.OffEMU            TEST.lib(stm32f4xx_io.o)
    0x081c3c4a   0x00000002   PAD
    0x081c3c4c   0x0000006c   Code   RO         3480    i.On38KHz           TEST.lib(stm32f4xx_tim.o)
    0x081c3cb8   0x00000024   Code   RO         3323    i.OnA5V0            TEST.lib(stm32f4xx_io.o)
    0x081c3cdc   0x00000024   Code   RO         3324    i.OnBACKLIGHT       TEST.lib(stm32f4xx_io.o)
    0x081c3d00   0x00000024   Code   RO         3325    i.OnE5V0            TEST.lib(stm32f4xx_io.o)
    0x081c3d24   0x00000010   Code   RO         3326    i.OnEMU             TEST.lib(stm32f4xx_io.o)
    0x081c3d34   0x00000024   Code   RO         3328    i.OnLED3V3          TEST.lib(stm32f4xx_io.o)
    0x081c3d58   0x00000024   Code   RO         3329    i.OnR5V0            TEST.lib(stm32f4xx_io.o)
    0x081c3d7c   0x0000023c   Code   RO         3332    i.Pin_Configure     TEST.lib(stm32f4xx_io.o)
    0x081c3fb8   0x00000014   Code   RO         3333    i.Pin_OutH          TEST.lib(stm32f4xx_io.o)
    0x081c3fcc   0x00000012   Code   RO         4604    i.Pin_OutH_Delay    TEST.lib(io_i2c.o)
    0x081c3fde   0x00000002   PAD
    0x081c3fe0   0x00000018   Code   RO         3334    i.Pin_OutL          TEST.lib(stm32f4xx_io.o)
    0x081c3ff8   0x00000012   Code   RO         4605    i.Pin_OutL_Delay    TEST.lib(io_i2c.o)
    0x081c400a   0x00000002   PAD
    0x081c400c   0x00000018   Code   RO         3335    i.Pin_Read          TEST.lib(stm32f4xx_io.o)
    0x081c4024   0x000000d0   Code   RO         4051    i.PowerDown_Data_Save  TEST.lib(data_save.o)
    0x081c40f4   0x0000006c   Code   RO         3624    i.RAM_CRC32         TEST.lib(stm32f4xx_crc.o)
    0x081c4160   0x00000088   Code   RO          545    i.RAM_Test          test_ram.o
    0x081c41e8   0x00000030   Code   RO         3031    i.RCC_GetHCLKFreq   TEST.lib(stm32f4xx_rcc.o)
    0x081c4218   0x0000002c   Code   RO         3032    i.RCC_GetPCLK1Freq  TEST.lib(stm32f4xx_rcc.o)
    0x081c4244   0x0000002c   Code   RO         3033    i.RCC_GetPCLK2Freq  TEST.lib(stm32f4xx_rcc.o)
    0x081c4270   0x00000084   Code   RO         3034    i.RCC_GetSysClockFreq  TEST.lib(stm32f4xx_rcc.o)
    0x081c42f4   0x000000a8   Code   RO         3164    i.RCC_SystemClock_Config_168MHz  TEST.lib(stm32f4xx_rcc_config.o)
    0x081c439c   0x000000d0   Code   RO         4680    i.RX8025T_Read      TEST.lib(rtc.o)
    0x081c446c   0x000000ac   Code   RO         4681    i.RX8025T_Write     TEST.lib(rtc.o)
    0x081c4518   0x00000024   Code   RO         4359    i.RePlace_BLOCK_ADDR  TEST.lib(nand.o)
    0x081c453c   0x00000134   Code   RO         4360    i.RePlace_BLOCK_Write_NAND  TEST.lib(nand.o)
    0x081c4670   0x00000048   Code   RO         4363    i.RePlace_Read_NAND  TEST.lib(nand.o)
    0x081c46b8   0x00000090   Code   RO         4364    i.RePlace_Write_NAND  TEST.lib(nand.o)
    0x081c4748   0x000000cc   Code   RO         4942    i.ReSTART_OS        TEST.lib(os.o)
    0x081c4814   0x000000d0   Code   RO         4742    i.Read_24AA02E48    TEST.lib(24aa02e48.o)
    0x081c48e4   0x00000050   Code   RO         4892    i.Read_ETH_PHYReg   TEST.lib(lan8720a.o)
    0x081c4934   0x0000004c   Code   RO         4365    i.Read_NAND         TEST.lib(nand.o)
    0x081c4980   0x000000dc   Code   RO         4366    i.Read_NAND_16      TEST.lib(nand.o)
    0x081c4a5c   0x000000bc   Code   RO         4367    i.Read_NAND_8       TEST.lib(nand.o)
    0x081c4b18   0x00000014   Code   RO         4606    i.SDAIn             TEST.lib(io_i2c.o)
    0x081c4b2c   0x00000014   Code   RO         4607    i.SDAOut            TEST.lib(io_i2c.o)
    0x081c4b40   0x00000050   Code   RO         6224    i.SDRAM_FMC_Init    TEST.lib(test_sdram.o)
    0x081c4b90   0x0000003c   Code   RO         3481    i.START_STM32F4xx_TIM2  TEST.lib(stm32f4xx_tim.o)
    0x081c4bcc   0x00000084   Code   RO         3482    i.START_STM32F4xx_TIM3  TEST.lib(stm32f4xx_tim.o)
    0x081c4c50   0x00000058   Code   RO         3483    i.START_STM32F4xx_TIM5_MEASURE_LSI  TEST.lib(stm32f4xx_tim.o)
    0x081c4ca8   0x00000058   Code   RO         3484    i.START_STM32F4xx_TIM5_MEASURE_REF_CLK  TEST.lib(stm32f4xx_tim.o)
    0x081c4d00   0x00000124   Code   RO         3931    i.STM32F4xx_Temperature  TEST.lib(stm32f4xx_adc.o)
    0x081c4e24   0x0000001c   Code   RO         3486    i.STOP_STM32F4xx_TIM2_US  TEST.lib(stm32f4xx_tim.o)
    0x081c4e40   0x00000014   Code   RO         3487    i.STOP_STM32F4xx_TIM3  TEST.lib(stm32f4xx_tim.o)
    0x081c4e54   0x0000001e   Code   RO         3280    i.SoftDelayMS       TEST.lib(stm32f4xx_softdelay.o)
    0x081c4e72   0x00000002   PAD
    0x081c4e74   0x00000020   Code   RO         3281    i.SoftDelayUS       TEST.lib(stm32f4xx_softdelay.o)
    0x081c4e94   0x00000124   Code   RO         3742    i.Start_UARTn_Tx    TEST.lib(stm32f4xx_uart.o)
    0x081c4fb8   0x00000204   Code   RO         4842    i.TESAM_RXTX        TEST.lib(ic_tesam.o)
    0x081c51bc   0x000000a8   Code   RO         1072    i.TEST_TESAM_CMD_TxRx  test_esam.o
    0x081c5264   0x00000254   Code   RO          415    i.Test              test.o
    0x081c54b8   0x0000008c   Code   RO         1105    i.Test_24AA02E48    test_24aa02e48.o
    0x081c5544   0x000002c0   Code   RO          756    i.Test_90E36        test_90e36.o
    0x081c5804   0x00000154   Code   RO          696    i.Test_BLOCK_Write_NAND  test_flash_block_err.o
    0x081c5958   0x00000158   Code   RO         1073    i.Test_ESAM         test_esam.o
    0x081c5ab0   0x00000178   Code   RO          894    i.Test_ETH          test_eth.o
    0x081c5c28   0x000001c8   Code   RO          697    i.Test_FLASH_Block_Err  test_flash_block_err.o
    0x081c5df0   0x0000012c   Code   RO          727    i.Test_FLASH_Life   test_flash_life.o
    0x081c5f1c   0x00000006   Code   RO          932    i.Test_GPRS_MODULE  test_gprs.o
    0x081c5f22   0x00000006   Code   RO         1129    i.Test_INOUT        test_inout.o
    0x081c5f28   0x000002ec   Code   RO         1153    i.Test_KEY_LED_BUZZER  test_key_led_buzzer.o
    0x081c6214   0x0000017c   Code   RO          840    i.Test_LAN8720A     test_lan8720a.o
    0x081c6390   0x00000334   Code   RO          637    i.Test_MT29FxG_NAND  test_mt29fxg_nand.o
    0x081c66c4   0x00000220   Code   RO           11    i.Test_Main         test_main.o
    0x081c68e4   0x00000006   Code   RO          569    i.Test_POWER        test_power.o
    0x081c68ea   0x00000002   PAD
    0x081c68ec   0x0000021c   Code   RO          787    i.Test_RTC          test_rtc.o
    0x081c6b08   0x000000dc   Code   RO          788    i.Test_RX8025T_Read  test_rtc.o
    0x081c6be4   0x0000001c   Code   RO          416    i.Test_ReStartOS    test.o
    0x081c6c00   0x00000022   Code   RO          789    i.Test_ReadRTC      test_rtc.o
    0x081c6c22   0x00000002   PAD
    0x081c6c24   0x0000026c   Code   RO         6225    i.Test_SDRAM        TEST.lib(test_sdram.o)
    0x081c6e90   0x000002e8   Code   RO          594    i.Test_STM32F4xx    test_stm32f4xx.o
    0x081c7178   0x00000398   Code   RO          870    i.Test_UART         test_uart.o
    0x081c7510   0x0000001a   Code   RO          790    i.Test_WriteRTC     test_rtc.o
    0x081c752a   0x00000002   PAD
    0x081c752c   0x00000078   Code   RO         3743    i.UART0_Init        TEST.lib(stm32f4xx_uart.o)
    0x081c75a4   0x00000084   Code   RO         3744    i.UART1_Init        TEST.lib(stm32f4xx_uart.o)
    0x081c7628   0x0000009c   Code   RO         3745    i.UART2_Init        TEST.lib(stm32f4xx_uart.o)
    0x081c76c4   0x0000009c   Code   RO         3746    i.UART3_Init        TEST.lib(stm32f4xx_uart.o)
    0x081c7760   0x00000084   Code   RO         3747    i.UART4_Init        TEST.lib(stm32f4xx_uart.o)
    0x081c77e4   0x000000b0   Code   RO         3748    i.UART5_Init        TEST.lib(stm32f4xx_uart.o)
    0x081c7894   0x00000058   Code   RO         3749    i.UART6_Init        TEST.lib(stm32f4xx_uart.o)
    0x081c78ec   0x0000005c   Code   RO         3750    i.USART_Init        TEST.lib(stm32f4xx_uart.o)
    0x081c7948   0x00000044   Code   RO         3667    i.UnInit_SPI1       TEST.lib(stm32f4xx_spi.o)
    0x081c798c   0x00000018   Code   RO         5912    i.UpArrow           TEST.lib(menu.o)
    0x081c79a4   0x00000002   Code   RO         3579    i.WWDT_Enable_Feed  TEST.lib(stm32f4xx_wdg.o)
    0x081c79a6   0x00000002   PAD
    0x081c79a8   0x00000044   Code   RO         6338    i.Wait_DMA_UARTn_TX  TEST.lib(stm32f4xx_dma.o)
    0x081c79ec   0x00000084   Code   RO         4368    i.Wait_NAND         TEST.lib(nand.o)
    0x081c7a70   0x00000030   Code   RO         4843    i.Wait_SPI1_ByteTx  TEST.lib(ic_tesam.o)
    0x081c7aa0   0x000000f8   Code   RO         3751    i.Wait_UARTn_Tx     TEST.lib(stm32f4xx_uart.o)
    0x081c7b98   0x00000054   Code   RO         4893    i.Write_ETH_PHYReg  TEST.lib(lan8720a.o)
    0x081c7bec   0x00000002   Code   RO           12    i._0                test_main.o
    0x081c7bee   0x00000002   PAD
    0x081c7bf0   0x00000034   Code   RO         5461    i.hex_bcd           TEST.lib(calculate.o)
    0x081c7c24   0x00000150   Code   RO         6539    x$fpl$dadd          fz_wm.l(daddsub_clz.o)
    0x081c7d74   0x000002b0   Code   RO         6546    x$fpl$ddiv          fz_wm.l(ddiv.o)
    0x081c8024   0x0000005a   Code   RO         6549    x$fpl$dfixu         fz_wm.l(dfixu.o)
    0x081c807e   0x00000026   Code   RO         6553    x$fpl$dfltu         fz_wm.l(dflt_clz.o)
    0x081c80a4   0x00000154   Code   RO         6559    x$fpl$dmul          fz_wm.l(dmul.o)
    0x081c81f8   0x0000009c   Code   RO         6565    x$fpl$dnaninf       fz_wm.l(dnaninf.o)
    0x081c8294   0x0000000c   Code   RO         6567    x$fpl$dretinf       fz_wm.l(dretinf.o)
    0x081c82a0   0x00000016   Code   RO         6540    x$fpl$drsb          fz_wm.l(daddsub_clz.o)
    0x081c82b6   0x00000002   PAD
    0x081c82b8   0x000001d4   Code   RO         6541    x$fpl$dsub          fz_wm.l(daddsub_clz.o)
    0x081c848c   0x00000000   Code   RO         6569    x$fpl$usenofp       fz_wm.l(usenofp.o)
    0x081c848c   0x0000006a   Data   RO           13    .constdata          test_main.o
    0x081c84f6   0x00000002   PAD
    0x081c84f8   0x00000088   Data   RO          264    .constdata          test_ver.o
    0x081c8580   0x00000010   Data   RO         1154    .constdata          test_key_led_buzzer.o
    0x081c8590   0x00000010   Data   RO         2580    .constdata          stm32f4xx_hal_rcc.o
    0x081c85a0   0x00000010   Data   RO         3035    .constdata          TEST.lib(stm32f4xx_rcc.o)
    0x081c85b0   0x00000330   Data   RO         3752    .constdata          TEST.lib(stm32f4xx_uart.o)
    0x081c88e0   0x00000008   Data   RO         1253    Test_END            test_end.o


    Execution Region Test.INI (Base: 0x10008000, Size: 0x0000006c, Max: 0x00008000, ABSOLUTE)

    Base Addr    Size         Type   Attr      Idx    E Section Name        Object

    0x10008000   0x00000004   Data   RW          417    .data               test.o
    0x10008004   0x00000004   Data   RW         1280    .data               stm32f4xx_hal.o
    0x10008008   0x00000048   Zero   RW          638    .bss                test_mt29fxg_nand.o
    0x10008050   0x0000001c   Zero   RW         6226    .bss                TEST.lib(test_sdram.o)


==============================================================================

Image component sizes


      Code (inc. data)   RO Data    RW Data    ZI Data      Debug   Object Name

        12          6          0          4          0       2231   stm32f4xx_hal.o
       644         30         16          0          0       2819   stm32f4xx_hal_rcc.o
      2380         62          0          0          0       3336   stm32f4xx_hal_rcc_ex.o
       408         10          0          0          0       4478   stm32f4xx_ll_fmc.o
       624        104          0          4          0      99826   test.o
       140         36          0          0          0        605   test_24aa02e48.o
       704         38          0          0          0       1041   test_90e36.o
         0          0          8          0          0          0   test_end.o
        24          2        520          0          0        776   test_entry.o
       512         62          0          0          0       2066   test_esam.o
       376         40          0          0          0       1459   test_eth.o
       796         94          0          0          0       2791   test_flash_block_err.o
       632         62          0          0          0       2314   test_flash_life.o
         6          0          0          0          0        519   test_gprs.o
         4          0          0          0          0        867   test_init.o
         6          0          0          0          0        505   test_inout.o
       748         76         16          0          0       1821   test_key_led_buzzer.o
       380         42          0          0          0       1472   test_lan8720a.o
       546         86        106          0          0     777331   test_main.o
       958         62          0          0         72       3388   test_mt29fxg_nand.o
         6          0          0          0          0        505   test_power.o
       136          0          0          0          0       1115   test_ram.o
       820         42          0          0          0       3534   test_rtc.o
       900         76          0          0          0       2740   test_stm32f4xx.o
       920         72          0          0          0       1936   test_uart.o
         0          0        136          0          0        460   test_ver.o

    ----------------------------------------------------------------------
     12690       1002        804          8         72     919935   Object Totals
         0          0          0          0          0          0   (incl. Generated)
         8          0          2          0          0          0   (incl. Padding)

    ----------------------------------------------------------------------

      Code (inc. data)   RO Data    RW Data    ZI Data      Debug   Library Member Name

       208          4          0          0          0       1153   24aa02e48.o
       812        230          0          0          0       1173   button.o
       106          6          0          0          0       2953   calculate.o
       208         40          0          0          0       1870   data_save.o
      2792         70          0          0          0      11346   display.o
        28          6          0          0          0        647   draw.o
       200         30          0          0          0       5329   extern_mrw.o
        88          6          0          0          0        872   ic_buzz.o
       564         30          0          0          0      27979   ic_tesam.o
       500          0          0          0          0       5446   io_i2c.o
       254         28          0          0          0       2182   lan8720a.o
       808         52          0          0          0       5086   menu.o
        12          4          0          0          0       2049   ms.o
      3318        124          0          0          0      62392   nand.o
       260         46          0          0          0       8175   os.o
       380          8          0          0          0       1939   rtc.o
       604         56          0          0          0       2644   stm32f4xx_adc.o
       220         48          0          0          0       1480   stm32f4xx_crc.o
       766         92          0          0          0       4782   stm32f4xx_dma.o
       378         34          0          0          0       1469   stm32f4xx_exti.o
       850         54          0          0          0       5410   stm32f4xx_io.o
       492         46          0          0          0       3899   stm32f4xx_mac.o
       268         36         16          0          0     268581   stm32f4xx_rcc.o
       174         10          0          0          0     111203   stm32f4xx_rcc_config.o
        62          4          0          0          0        964   stm32f4xx_softdelay.o
       364         36          0          0          0      28313   stm32f4xx_spi.o
       626         74          0          0          0      30547   stm32f4xx_tim.o
      2242        270        816          0          0      11152   stm32f4xx_uart.o
         2          0          0          0          0        431   stm32f4xx_wdg.o
       726         46          0          0         28       3976   test_sdram.o
       238          0          0          0          0        100   lludivv7m.o
       826         16          0          0          0        492   daddsub_clz.o
       688        140          0          0          0        256   ddiv.o
        90          4          0          0          0        140   dfixu.o
        38          0          0          0          0        116   dflt_clz.o
       340         12          0          0          0        152   dmul.o
       156          4          0          0          0        140   dnaninf.o
        12          0          0          0          0        116   dretinf.o
         0          0          0          0          0          0   usenofp.o

    ----------------------------------------------------------------------
     20722       1666        832          0         28     616954   Library Totals
        22          0          0          0          0          0   (incl. Padding)

    ----------------------------------------------------------------------

      Code (inc. data)   RO Data    RW Data    ZI Data      Debug   Library Name

     18312       1490        832          0         28     615442   TEST.lib
       238          0          0          0          0        100   c_w.l
      2150        176          0          0          0       1412   fz_wm.l

    ----------------------------------------------------------------------
     20722       1666        832          0         28     616954   Library Totals

    ----------------------------------------------------------------------

==============================================================================


      Code (inc. data)   RO Data    RW Data    ZI Data      Debug   

     33412       2668       1636          8        100    1524593   Grand Totals
     33412       2668       1636          8        100    1524593   ELF Image Totals
     33412       2668       1636          8          0          0   ROM Totals

==============================================================================

    Total RO  Size (Code + RO Data)                35048 (  34.23kB)
    Total RW  Size (RW Data + ZI Data)               108 (   0.11kB)
    Total ROM Size (Code + RO Data + RW Data)      35056 (  34.23kB)

==============================================================================

