<html>
<body>
<pre>
<h1>礦ision Build Log</h1>
<h2>Tool Versions:</h2>
IDE-Version: μVision V5.16.0.0
Copyright (C) 2015 ARM Ltd and ARM Germany GmbH. All rights reserved.
License Information: W ZZ, JYE, LIC=7YKHL-0GHAA-RCTJZ-JEVZZ-XQR6S-HI0Y9
 
Tool Versions:
Toolchain:       MDK-ARM Professional  Version: 5.16.0.0
Toolchain Path:  C:\Keil_v5\ARM\ARMCC\Bin
C Compiler:      Armcc.exe V5.06 (build 20)
Assembler:       Armasm.exe V5.06 (build 20)
Linker/Locator:  ArmLink.exe V5.06 (build 20)
Library Manager: ArmAr.exe V5.06 (build 20)
Hex Converter:   FromElf.exe V5.06 (build 20)
CPU DLL:         SARMCM3.DLL V5.16.0.0
Dialog DLL:      DCM.DLL V1.13.2.0
Target DLL:      UL2CM3.DLL V1.155.12.0
Dialog DLL:      TCM.DLL V1.14.5.0
 
<h2>Project:</h2>
D:\正泰设计\2013版\LPC18xx43xx\Terminal\Terminal.uvprojx
Project File Date:  08/17/2015

<h2>Output:</h2>
*** Using Compiler 'V5.06 (build 20)', folder: 'C:\Keil_v5\ARM\ARMCC\Bin'
Build Project 'Terminal' - Target 'LPC43xx'
linking...
Program Size: Code=404 RO-data=140 RW-data=0 ZI-data=0  
After Build - User command #1: C:\Keil_v5\/ARM/BIN/ElfDwT.exe .\Objects\Terminal.axf BASEADDRESS(0x1B000000)
ELFDWT - Signature Creator V1.1.0.0
COPYRIGHT Keil - An ARM Company, Copyright (C) 2014
*** Updated Signature over Range[32] (0x1B000000 - 0x1B000018): @0x1B00001C = 0xE4FFFE6D
*** Processing completed, no Errors.
After Build - User command #2: C:\Keil_v5\ARM\ARMCC\bin\fromelf.exe --bin -o D:\obj\BIN\ D:\obj\Terminal.axf
"D:\obj\Terminal.axf": Error: Q0122E: Could not open file 'D:\obj\Terminal.axf': No such file or directory
Finished: 0 information, 0 warning and 1 error messages.
".\Objects\Terminal.axf" - 0 Error(s), 0 Warning(s).

<h2>Collection of Component include folders:</h2>
  D:\正泰设计\2013版\LPC18xx43xx\Terminal\RTE
  C:\Keil_v5\ARM\PACK\Keil\LPC4300_DFP\2.5.0\Device\Include

<h2>Collection of Component Files used:</h2>
Build Time Elapsed:  00:00:01
</pre>
</body>
</html>
