<!doctype html public "-//w3c//dtd html 4.0 transitional//en">
<html><head>
<title>Static Call Graph - [.\Objects\Terminal.axf]</title></head>
<body><HR>
<H1>Static Call Graph for image .\Objects\Terminal.axf</H1><HR>
<BR><P>#&#060CALLGRAPH&#062# ARM Linker, 5060020: Last Updated: Wed Aug 19 15:43:21 2015
<BR><P>
<H3>Maximum Stack Usage =          0 bytes + Unknown(Untraceable Function Pointers)</H3><H3>
Call chain for Maximum Stack Depth:</H3>

<P>
<H3>
Function Pointers
</H3><UL>
 <LI><a href="#[0]">Terminal_Main</a> from terminal_main.o(i.Terminal_Main) referenced from terminal_entry.o(Terminal_Entry)
</UL>
<P>
<H3>
Global Symbols
</H3>
<P><STRONG><a name="[0]"></a>Terminal_Main</STRONG> (Thumb, 2 bytes, Stack size 0 bytes, terminal_main.o(i.Terminal_Main))
<BR>[Address Reference Count : 1]<UL><LI> terminal_entry.o(Terminal_Entry)
</UL><P>
<H3>
Local Symbols
</H3><P>
<H3>
Undefined Global Symbols
</H3><HR></body></html>
